Archive member included because of file (symbol)

.\CortexM3\ARM_GCC_493\Debug\Wave Generator.a(cyfitter_cfg.o)
                              .\CortexM3\ARM_GCC_493\Debug\Cm3Start.o (cyfitter_cfg)
.\CortexM3\ARM_GCC_493\Debug\Wave Generator.a(I2S.o)
                              .\CortexM3\ARM_GCC_493\Debug\main.o (I2S_Start)
.\CortexM3\ARM_GCC_493\Debug\Wave Generator.a(CyBootAsmGnu.o)
                              .\CortexM3\ARM_GCC_493\Debug\Wave Generator.a(cyfitter_cfg.o) (CyDelayCycles)
.\CortexM3\ARM_GCC_493\Debug\Wave Generator.a(CyDmac.o)
                              .\CortexM3\ARM_GCC_493\Debug\Cm3Start.o (CyDmacConfigure)
.\CortexM3\ARM_GCC_493\Debug\Wave Generator.a(CyLib.o)
                              .\CortexM3\ARM_GCC_493\Debug\main.o (CyDelay)
.\CortexM3\ARM_GCC_493\Debug\Wave Generator.a(cyPm.o)
                              .\CortexM3\ARM_GCC_493\Debug\Wave Generator.a(CyLib.o) (CyPmReadStatus)
.\CortexM3\ARM_GCC_493\Debug\Wave Generator.a(TxDMA_0_dma.o)
                              .\CortexM3\ARM_GCC_493\Debug\main.o (TxDMA_0_DmaInitialize)
.\CortexM3\ARM_GCC_493\Debug\Wave Generator.a(TxDMA_1_dma.o)
                              .\CortexM3\ARM_GCC_493\Debug\main.o (TxDMA_1_DmaInitialize)
.\CortexM3\ARM_GCC_493\Debug\Wave Generator.a(UART.o)
                              .\CortexM3\ARM_GCC_493\Debug\main.o (UART_Start)
.\CortexM3\ARM_GCC_493\Debug\Wave Generator.a(UART_IntClock.o)
                              .\CortexM3\ARM_GCC_493\Debug\Wave Generator.a(UART.o) (UART_IntClock_Start)
.\CortexM3\ARM_GCC_493\Debug\Wave Generator.a(RxDMA_1_dma.o)
                              .\CortexM3\ARM_GCC_493\Debug\main.o (RxDMA_1_DmaInitialize)
.\CortexM3\ARM_GCC_493\Debug\Wave Generator.a(RxDMA_0_dma.o)
                              .\CortexM3\ARM_GCC_493\Debug\main.o (RxDMA_0_DmaInitialize)
.\CortexM3\ARM_GCC_493\Debug\Wave Generator.a(CyFlash.o)
                              .\CortexM3\ARM_GCC_493\Debug\Wave Generator.a(cyPm.o) (CyFlash_SetWaitCycles)
.\CortexM3\ARM_GCC_493\Debug\Wave Generator.a(CySpc.o)
                              .\CortexM3\ARM_GCC_493\Debug\Wave Generator.a(CyFlash.o) (CySpcStart)
c:/program files (x86)/cypress/psoc creator/3.3/psoc creator/import/gnu/arm/4.9.3/bin/../lib/gcc/arm-none-eabi/4.9.3/../../../../arm-none-eabi/lib/armv7-m\libg_nano.a(lib_a-exit.o)
                              c:/program files (x86)/cypress/psoc creator/3.3/psoc creator/import/gnu/arm/4.9.3/bin/../lib/gcc/arm-none-eabi/4.9.3/../../../../arm-none-eabi/lib/armv7-m/crt0.o (exit)
c:/program files (x86)/cypress/psoc creator/3.3/psoc creator/import/gnu/arm/4.9.3/bin/../lib/gcc/arm-none-eabi/4.9.3/../../../../arm-none-eabi/lib/armv7-m\libg_nano.a(lib_a-impure.o)
                              c:/program files (x86)/cypress/psoc creator/3.3/psoc creator/import/gnu/arm/4.9.3/bin/../lib/gcc/arm-none-eabi/4.9.3/../../../../arm-none-eabi/lib/armv7-m\libg_nano.a(lib_a-exit.o) (_global_impure_ptr)
c:/program files (x86)/cypress/psoc creator/3.3/psoc creator/import/gnu/arm/4.9.3/bin/../lib/gcc/arm-none-eabi/4.9.3/../../../../arm-none-eabi/lib/armv7-m\libg_nano.a(lib_a-init.o)
                              c:/program files (x86)/cypress/psoc creator/3.3/psoc creator/import/gnu/arm/4.9.3/bin/../lib/gcc/arm-none-eabi/4.9.3/../../../../arm-none-eabi/lib/armv7-m/crt0.o (__libc_init_array)
c:/program files (x86)/cypress/psoc creator/3.3/psoc creator/import/gnu/arm/4.9.3/bin/../lib/gcc/arm-none-eabi/4.9.3/../../../../arm-none-eabi/lib/armv7-m\libg_nano.a(lib_a-malloc.o)
                              .\CortexM3\ARM_GCC_493\Debug\main.o (malloc)
c:/program files (x86)/cypress/psoc creator/3.3/psoc creator/import/gnu/arm/4.9.3/bin/../lib/gcc/arm-none-eabi/4.9.3/../../../../arm-none-eabi/lib/armv7-m\libg_nano.a(lib_a-memcpy.o)
                              .\CortexM3\ARM_GCC_493\Debug\Wave Generator.a(cyfitter_cfg.o) (memcpy)
c:/program files (x86)/cypress/psoc creator/3.3/psoc creator/import/gnu/arm/4.9.3/bin/../lib/gcc/arm-none-eabi/4.9.3/../../../../arm-none-eabi/lib/armv7-m\libg_nano.a(lib_a-memset.o)
                              c:/program files (x86)/cypress/psoc creator/3.3/psoc creator/import/gnu/arm/4.9.3/bin/../lib/gcc/arm-none-eabi/4.9.3/../../../../arm-none-eabi/lib/armv7-m/crt0.o (memset)
c:/program files (x86)/cypress/psoc creator/3.3/psoc creator/import/gnu/arm/4.9.3/bin/../lib/gcc/arm-none-eabi/4.9.3/../../../../arm-none-eabi/lib/armv7-m\libg_nano.a(lib_a-nano-freer.o)
                              c:/program files (x86)/cypress/psoc creator/3.3/psoc creator/import/gnu/arm/4.9.3/bin/../lib/gcc/arm-none-eabi/4.9.3/../../../../arm-none-eabi/lib/armv7-m\libg_nano.a(lib_a-malloc.o) (_free_r)
c:/program files (x86)/cypress/psoc creator/3.3/psoc creator/import/gnu/arm/4.9.3/bin/../lib/gcc/arm-none-eabi/4.9.3/../../../../arm-none-eabi/lib/armv7-m\libg_nano.a(lib_a-nano-mallocr.o)
[...]
Memory Configuration

Name             Origin             Length             Attributes
rom              0x00000000         0x00040000         xr
ram              0x1fff8000         0x00010000         xrw
*default*        0x00000000         0xffffffff

Linker script and memory map

LOAD c:/program files (x86)/cypress/psoc creator/3.3/psoc creator/import/gnu/arm/4.9.3/bin/../lib/gcc/arm-none-eabi/4.9.3/armv7-m/crti.o
LOAD c:/program files (x86)/cypress/psoc creator/3.3/psoc creator/import/gnu/arm/4.9.3/bin/../lib/gcc/arm-none-eabi/4.9.3/armv7-m/crtbegin.o
LOAD c:/program files (x86)/cypress/psoc creator/3.3/psoc creator/import/gnu/arm/4.9.3/bin/../lib/gcc/arm-none-eabi/4.9.3/../../../../arm-none-eabi/lib/armv7-m/crt0.o
START GROUP
LOAD .\CortexM3\ARM_GCC_493\Debug\main.o
LOAD .\CortexM3\ARM_GCC_493\Debug\cymetadata.o
LOAD .\CortexM3\ARM_GCC_493\Debug\Cm3Start.o
LOAD .\CortexM3\ARM_GCC_493\Debug\Wave Generator.a
LOAD C:\Program Files (x86)\Cypress\PSoC Creator\3.3\PSoC Creator\psoc\content\cycomponentlibrary\CyComponentLibrary.cylib\CortexM3\ARM_GCC_493\Debug\CyComponentLibrary.a
END GROUP
START GROUP
LOAD c:/program files (x86)/cypress/psoc creator/3.3/psoc creator/import/gnu/arm/4.9.3/bin/../lib/gcc/arm-none-eabi/4.9.3/armv7-m\libgcc.a
LOAD c:/program files (x86)/cypress/psoc creator/3.3/psoc creator/import/gnu/arm/4.9.3/bin/../lib/gcc/arm-none-eabi/4.9.3/../../../../arm-none-eabi/lib/armv7-m\libg_nano.a
LOAD c:/program files (x86)/cypress/psoc creator/3.3/psoc creator/import/gnu/arm/4.9.3/bin/../lib/gcc/arm-none-eabi/4.9.3/../../../../arm-none-eabi/lib/armv7-m\libc_nano.a
END GROUP
START GROUP
LOAD c:/program files (x86)/cypress/psoc creator/3.3/psoc creator/import/gnu/arm/4.9.3/bin/../lib/gcc/arm-none-eabi/4.9.3/armv7-m\libgcc.a
LOAD c:/program files (x86)/cypress/psoc creator/3.3/psoc creator/import/gnu/arm/4.9.3/bin/../lib/gcc/arm-none-eabi/4.9.3/../../../../arm-none-eabi/lib/armv7-m\libc_nano.a
END GROUP
LOAD c:/program files (x86)/cypress/psoc creator/3.3/psoc creator/import/gnu/arm/4.9.3/bin/../lib/gcc/arm-none-eabi/4.9.3/armv7-m/crtend.o
LOAD c:/program files (x86)/cypress/psoc creator/3.3/psoc creator/import/gnu/arm/4.9.3/bin/../lib/gcc/arm-none-eabi/4.9.3/armv7-m/crtn.o
START GROUP
LOAD c:/program files (x86)/cypress/psoc creator/3.3/psoc creator/import/gnu/arm/4.9.3/bin/../lib/gcc/arm-none-eabi/4.9.3/armv7-m\libgcc.a
LOAD c:/program files (x86)/cypress/psoc creator/3.3/psoc creator/import/gnu/arm/4.9.3/bin/../lib/gcc/arm-none-eabi/4.9.3/../../../../arm-none-eabi/lib/armv7-m\libc.a
LOAD c:/program files (x86)/cypress/psoc creator/3.3/psoc creator/import/gnu/arm/4.9.3/bin/../lib/gcc/arm-none-eabi/4.9.3/../../../../arm-none-eabi/lib/armv7-m\libnosys.a
END GROUP
                0x00000000                CY_APPL_ORIGIN = 0x0
                0x00000100                CY_FLASH_ROW_SIZE = 0x100
                0x00000020                CY_ECC_ROW_SIZE = 0x20
                0x00000000                CY_EE_IN_BTLDR = 0x0
                0x00000000                CY_APPL_LOADABLE = 0x0
                0x00000800                CY_EE_SIZE = 0x800
                0x00000001                CY_APPL_NUM = 0x1
                0x00000001                CY_APPL_MAX = 0x1
                0x00000040                CY_METADATA_SIZE = 0x40
                0x1fff82a0                PROVIDE (__cy_heap_start, _end)
                0x00000001                PROVIDE (__cy_region_num, ((__cy_regions_end - __cy_regions) / 0x10))
                0x20008000                PROVIDE (__cy_stack, (ORIGIN (ram) + 0x10000))
                0x20004000                PROVIDE (__cy_heap_end, (__cy_stack - 0x4000))

.cybootloader   0x00000000        0x0
 *(.cybootloader)
                0x00000000                appl1_start = CY_APPL_ORIGIN?CY_APPL_ORIGIN:ALIGN (CY_FLASH_ROW_SIZE)
                0x0001ff00                appl2_start = (appl1_start + ALIGN ((((0x40000 - appl1_start) - (0x2 * CY_FLASH_ROW_SIZE)) / 0x2), CY_FLASH_ROW_SIZE))
                0x00000000                appl_start = (CY_APPL_NUM == 0x1)?appl1_start:appl2_start
                0x00000000                ecc_offset = ((appl_start / CY_FLASH_ROW_SIZE) * CY_ECC_ROW_SIZE)
                0x00000000                ee_offset = (CY_APPL_LOADABLE && ! (CY_EE_IN_BTLDR))?((CY_EE_SIZE / CY_APPL_MAX) * (CY_APPL_NUM - 0x1)):0x0
                0x00000800                ee_size = (CY_APPL_LOADABLE && ! (CY_EE_IN_BTLDR))?(CY_EE_SIZE / CY_APPL_MAX):CY_EE_SIZE
                0x00000000                PROVIDE (CY_ECC_OFFSET, ecc_offset)

.text           0x00000000     0x12e0
 CREATE_OBJECT_SYMBOLS
                0x00000000                PROVIDE (__cy_interrupt_vector, RomVectors)
 *(.romvectors)
 .romvectors    0x00000000       0x10 .\CortexM3\ARM_GCC_493\Debug\Cm3Start.o
                0x00000000                RomVectors
                0x00000001                ASSERT ((. != __cy_interrupt_vector), No interrupt vector)
                0x00000001                ASSERT (CY_APPL_ORIGIN?(SIZEOF (.cybootloader) <= CY_APPL_ORIGIN):0x1, Wrong image location)
                0x00000010                PROVIDE (__cy_reset, Reset)
 *(.text.Reset)
 .text.Reset    0x00000010       0x18 .\CortexM3\ARM_GCC_493\Debug\Cm3Start.o
                0x00000010                Reset
                0x00000001                ASSERT ((. != __cy_reset), No reset code)
 *(.dma_init)
                0x00000001                ASSERT ((((appl_start + .) <= 0x10000) || 0x1), DMA Init must be within the first 64k of flash)
 *(.text .text.* .gnu.linkonce.t.*)
 .text          0x00000028       0x5c c:/program files (x86)/cypress/psoc creator/3.3/psoc creator/import/gnu/arm/4.9.3/bin/../lib/gcc/arm-none-eabi/4.9.3/armv7-m/crtbegin.o
 .text.DmaRxConfiguration
                0x00000084       0xac .\CortexM3\ARM_GCC_493\Debug\main.o
                0x00000084                DmaRxConfiguration
 .text.DmaTxConfiguration
                0x00000130       0xb4 .\CortexM3\ARM_GCC_493\Debug\main.o
                0x00000130                DmaTxConfiguration
 .text.main     0x000001e4       0xb8 .\CortexM3\ARM_GCC_493\Debug\main.o
                0x000001e4                main
 .text.IntDefaultHandler
                0x0000029c        0x4 .\CortexM3\ARM_GCC_493\Debug\Cm3Start.o
                0x0000029c                IntDefaultHandler
 .text.Start_c  0x000002a0       0x50 .\CortexM3\ARM_GCC_493\Debug\Cm3Start.o
                0x000002a0                Start_c
 .text.initialize_psoc
                0x000002f0       0x78 .\CortexM3\ARM_GCC_493\Debug\Cm3Start.o
                0x000002f0                initialize_psoc
 .text.CyClockStartupError
                0x00000368        0x4 .\CortexM3\ARM_GCC_493\Debug\Wave Generator.a(cyfitter_cfg.o)
 .text.cfg_write_bytes32
                0x0000036c       0x34 .\CortexM3\ARM_GCC_493\Debug\Wave Generator.a(cyfitter_cfg.o)
 .text.AnalogSetDefault
                0x000003a0       0x28 .\CortexM3\ARM_GCC_493\Debug\Wave Generator.a(cyfitter_cfg.o)
 .text.CYMEMZERO
                0x000003c8        0xc .\CortexM3\ARM_GCC_493\Debug\Wave Generator.a(cyfitter_cfg.o)
 .text.ClockSetup
                0x000003d4       0xc0 .\CortexM3\ARM_GCC_493\Debug\Wave Generator.a(cyfitter_cfg.o)
 .text.CYCONFIGCPY
                0x00000494        0x8 .\CortexM3\ARM_GCC_493\Debug\Wave Generator.a(cyfitter_cfg.o)
 .text.cyfitter_cfg
                0x0000049c      0x148 .\CortexM3\ARM_GCC_493\Debug\Wave Generator.a(cyfitter_cfg.o)
                0x0000049c                cyfitter_cfg
 .text.I2S_Enable
                0x000005e4       0x28 .\CortexM3\ARM_GCC_493\Debug\Wave Generator.a(I2S.o)
                0x000005e4                I2S_Enable
 .text.I2S_Init
                0x0000060c       0x28 .\CortexM3\ARM_GCC_493\Debug\Wave Generator.a(I2S.o)
                0x0000060c                I2S_Init
 .text.I2S_Start
                0x00000634       0x1c .\CortexM3\ARM_GCC_493\Debug\Wave Generator.a(I2S.o)
                0x00000634                I2S_Start
 .text.I2S_EnableTx
                0x00000650       0x28 .\CortexM3\ARM_GCC_493\Debug\Wave Generator.a(I2S.o)
                0x00000650                I2S_EnableTx
 .text.I2S_EnableRx
                0x00000678       0x28 .\CortexM3\ARM_GCC_493\Debug\Wave Generator.a(I2S.o)
                0x00000678                I2S_EnableRx
 .text          0x000006a0       0x20 .\CortexM3\ARM_GCC_493\Debug\Wave Generator.a(CyBootAsmGnu.o)
                0x000006a0                CyDelayCycles
                0x000006b0                CyEnterCriticalSection
                0x000006b8                CyExitCriticalSection
 .text.CyDmacConfigure
                0x000006c0       0x34 .\CortexM3\ARM_GCC_493\Debug\Wave Generator.a(CyDmac.o)
                0x000006c0                CyDmacConfigure
 .text.CyDmaChEnable
                0x000006f4       0x38 .\CortexM3\ARM_GCC_493\Debug\Wave Generator.a(CyDmac.o)
                0x000006f4                CyDmaChEnable
 .text.CyDmaChPriority
                0x0000072c       0x24 .\CortexM3\ARM_GCC_493\Debug\Wave Generator.a(CyDmac.o)
                0x0000072c                CyDmaChPriority
 .text.CyDmaChSetExtendedAddress
                0x00000750       0x34 .\CortexM3\ARM_GCC_493\Debug\Wave Generator.a(CyDmac.o)
                0x00000750                CyDmaChSetExtendedAddress
 .text.CyDmaChSetInitialTd
                0x00000784       0x18 .\CortexM3\ARM_GCC_493\Debug\Wave Generator.a(CyDmac.o)
                0x00000784                CyDmaChSetInitialTd
 .text.CyDmaChSetConfiguration
                0x0000079c       0x48 .\CortexM3\ARM_GCC_493\Debug\Wave Generator.a(CyDmac.o)
                0x0000079c                CyDmaChSetConfiguration
 .text.CyDmaTdAllocate
                0x000007e4       0x34 .\CortexM3\ARM_GCC_493\Debug\Wave Generator.a(CyDmac.o)
                0x000007e4                CyDmaTdAllocate
 .text.CyDmaTdSetConfiguration
                0x00000818       0x28 .\CortexM3\ARM_GCC_493\Debug\Wave Generator.a(CyDmac.o)
                0x00000818                CyDmaTdSetConfiguration
 .text.CyDmaTdSetAddress
                0x00000840       0x1c .\CortexM3\ARM_GCC_493\Debug\Wave Generator.a(CyDmac.o)
                0x00000840                CyDmaTdSetAddress
 .text.CyDelay  0x0000085c       0x2c .\CortexM3\ARM_GCC_493\Debug\Wave Generator.a(CyLib.o)
                0x0000085c                CyDelay
 .text.TxDMA_0_DmaInitialize
                0x00000888       0x40 .\CortexM3\ARM_GCC_493\Debug\Wave Generator.a(TxDMA_0_dma.o)
                0x00000888                TxDMA_0_DmaInitialize
 .text.TxDMA_1_DmaInitialize
                0x000008c8       0x3c .\CortexM3\ARM_GCC_493\Debug\Wave Generator.a(TxDMA_1_dma.o)
                0x000008c8                TxDMA_1_DmaInitialize
 .text.UART_Init
                0x00000904       0x18 .\CortexM3\ARM_GCC_493\Debug\Wave Generator.a(UART.o)
                0x00000904                UART_Init
 .text.UART_Enable
                0x0000091c       0x24 .\CortexM3\ARM_GCC_493\Debug\Wave Generator.a(UART.o)
                0x0000091c                UART_Enable
 .text.UART_Start
                0x00000940       0x1c .\CortexM3\ARM_GCC_493\Debug\Wave Generator.a(UART.o)
                0x00000940                UART_Start
 .text.UART_PutChar
                0x0000095c       0x18 .\CortexM3\ARM_GCC_493\Debug\Wave Generator.a(UART.o)
                0x0000095c                UART_PutChar
 .text.UART_PutString
                0x00000974       0x24 .\CortexM3\ARM_GCC_493\Debug\Wave Generator.a(UART.o)
                0x00000974                UART_PutString
 .text.UART_IntClock_Start
                0x00000998       0x1c .\CortexM3\ARM_GCC_493\Debug\Wave Generator.a(UART_IntClock.o)
                0x00000998                UART_IntClock_Start
 .text.RxDMA_1_DmaInitialize
                0x000009b4       0x3c .\CortexM3\ARM_GCC_493\Debug\Wave Generator.a(RxDMA_1_dma.o)
                0x000009b4                RxDMA_1_DmaInitialize
 .text.RxDMA_0_DmaInitialize
                0x000009f0       0x3c .\CortexM3\ARM_GCC_493\Debug\Wave Generator.a(RxDMA_0_dma.o)
                0x000009f0                RxDMA_0_DmaInitialize
 .text.__libc_init_array
                0x00000a2c       0x4c c:/program files (x86)/cypress/psoc creator/3.3/psoc creator/import/gnu/arm/4.9.3/bin/../lib/gcc/arm-none-eabi/4.9.3/../../../../arm-none-eabi/lib/armv7-m\libg_nano.a(lib_a-init.o)
                0x00000a2c                __libc_init_array
 .text.malloc   0x00000a78       0x10 c:/program files (x86)/cypress/psoc creator/3.3/psoc creator/import/gnu/arm/4.9.3/bin/../lib/gcc/arm-none-eabi/4.9.3/../../../../arm-none-eabi/lib/armv7-m\libg_nano.a(lib_a-malloc.o)
                0x00000a78                malloc
 .text.memcpy   0x00000a88       0x16 c:/program files (x86)/cypress/psoc creator/3.3/psoc creator/import/gnu/arm/4.9.3/bin/../lib/gcc/arm-none-eabi/4.9.3/../../../../arm-none-eabi/lib/armv7-m\libg_nano.a(lib_a-memcpy.o)
                0x00000a88                memcpy
 .text.memset   0x00000a9e       0x10 c:/program files (x86)/cypress/psoc creator/3.3/psoc creator/import/gnu/arm/4.9.3/bin/../lib/gcc/arm-none-eabi/4.9.3/../../../../arm-none-eabi/lib/armv7-m\libg_nano.a(lib_a-memset.o)
                0x00000a9e                memset
 *fill*         0x00000aae        0x2 
 .text._free_r  0x00000ab0       0x88 c:/program files (x86)/cypress/psoc creator/3.3/psoc creator/import/gnu/arm/4.9.3/bin/../lib/gcc/arm-none-eabi/4.9.3/../../../../arm-none-eabi/lib/armv7-m\libg_nano.a(lib_a-nano-freer.o)
                0x00000ab0                _free_r
 .text._malloc_r
                0x00000b38       0xac c:/program files (x86)/cypress/psoc creator/3.3/psoc creator/import/gnu/arm/4.9.3/bin/../lib/gcc/arm-none-eabi/4.9.3/../../../../arm-none-eabi/lib/armv7-m\libg_nano.a(lib_a-nano-mallocr.o)
                0x00000b38                _malloc_r
 .text._sbrk_r  0x00000be4       0x20 c:/program files (x86)/cypress/psoc creator/3.3/psoc creator/import/gnu/arm/4.9.3/bin/../lib/gcc/arm-none-eabi/4.9.3/../../../../arm-none-eabi/lib/armv7-m\libg_nano.a(lib_a-sbrkr.o)
                0x00000be4                _sbrk_r
 .text.sprintf  0x00000c04       0x48 c:/program files (x86)/cypress/psoc creator/3.3/psoc creator/import/gnu/arm/4.9.3/bin/../lib/gcc/arm-none-eabi/4.9.3/../../../../arm-none-eabi/lib/armv7-m\libg_nano.a(lib_a-sprintf.o)
                0x00000c04                siprintf
                0x00000c04                sprintf
 .text.__ssputs_r
                0x00000c4c       0xb2 c:/program files (x86)/cypress/psoc creator/3.3/psoc creator/import/gnu/arm/4.9.3/bin/../lib/gcc/arm-none-eabi/4.9.3/../../../../arm-none-eabi/lib/armv7-m\libg_nano.a(lib_a-nano-svfprintf.o)
                0x00000c4c                __ssputs_r
 *fill*         0x00000cfe        0x2 
 .text._svfprintf_r
                0x00000d00      0x1e4 c:/program files (x86)/cypress/psoc creator/3.3/psoc creator/import/gnu/arm/4.9.3/bin/../lib/gcc/arm-none-eabi/4.9.3/../../../../arm-none-eabi/lib/armv7-m\libg_nano.a(lib_a-nano-svfprintf.o)
                0x00000d00                _svfiprintf_r
                0x00000d00                _svfprintf_r
 .text._printf_common
                0x00000ee4       0xea c:/program files (x86)/cypress/psoc creator/3.3/psoc creator/import/gnu/arm/4.9.3/bin/../lib/gcc/arm-none-eabi/4.9.3/../../../../arm-none-eabi/lib/armv7-m\libg_nano.a(lib_a-nano-vfprintf_i.o)
                0x00000ee4                _printf_common
 *fill*         0x00000fce        0x2 
 .text._printf_i
                0x00000fd0      0x240 c:/program files (x86)/cypress/psoc creator/3.3/psoc creator/import/gnu/arm/4.9.3/bin/../lib/gcc/arm-none-eabi/4.9.3/../../../../arm-none-eabi/lib/armv7-m\libg_nano.a(lib_a-nano-vfprintf_i.o)
                0x00000fd0                _printf_i
 .text.memchr   0x00001210       0x1c c:/program files (x86)/cypress/psoc creator/3.3/psoc creator/import/gnu/arm/4.9.3/bin/../lib/gcc/arm-none-eabi/4.9.3/../../../../arm-none-eabi/lib/armv7-m\libg_nano.a(lib_a-memchr.o)
                0x00001210                memchr
 .text.memmove  0x0000122c       0x36 c:/program files (x86)/cypress/psoc creator/3.3/psoc creator/import/gnu/arm/4.9.3/bin/../lib/gcc/arm-none-eabi/4.9.3/../../../../arm-none-eabi/lib/armv7-m\libg_nano.a(lib_a-memmove.o)
                0x0000122c                memmove
 .text._realloc_r
                0x00001262       0x4c c:/program files (x86)/cypress/psoc creator/3.3/psoc creator/import/gnu/arm/4.9.3/bin/../lib/gcc/arm-none-eabi/4.9.3/../../../../arm-none-eabi/lib/armv7-m\libg_nano.a(lib_a-nano-reallocr.o)
                0x00001262                _realloc_r
 .text._malloc_usable_size_r
                0x000012ae       0x14 c:/program files (x86)/cypress/psoc creator/3.3/psoc creator/import/gnu/arm/4.9.3/bin/../lib/gcc/arm-none-eabi/4.9.3/../../../../arm-none-eabi/lib/armv7-m\libg_nano.a(lib_a-nano-msizer.o)
                0x000012ae                _malloc_usable_size_r
 *fill*         0x000012c2        0x2 
 .text._sbrk    0x000012c4       0x1c c:/program files (x86)/cypress/psoc creator/3.3/psoc creator/import/gnu/arm/4.9.3/bin/../lib/gcc/arm-none-eabi/4.9.3/../../../../arm-none-eabi/lib/armv7-m\libnosys.a(sbrk.o)
                0x000012c4                _sbrk
 *(.plt)
 *(.gnu.warning)
 *(.glue_7t)
 .glue_7t       0x00000000        0x0 linker stubs
 *(.glue_7)
 .glue_7        0x00000000        0x0 linker stubs
 *(.vfp11_veneer)
 .vfp11_veneer  0x00000000        0x0 linker stubs
 *(.bootloader)
 *(.ARM.extab* .gnu.linkonce.armextab.*)
 *(.gcc_except_table)

.v4_bx          0x000012e0        0x0
 .v4_bx         0x00000000        0x0 linker stubs

.iplt           0x000012e0        0x0
 .iplt          0x00000000        0x0 c:/program files (x86)/cypress/psoc creator/3.3/psoc creator/import/gnu/arm/4.9.3/bin/../lib/gcc/arm-none-eabi/4.9.3/armv7-m/crtbegin.o

.eh_frame_hdr
 *(.eh_frame_hdr)

.eh_frame       0x000012e0        0x4
 *(.eh_frame)
 .eh_frame      0x000012e0        0x0 c:/program files (x86)/cypress/psoc creator/3.3/psoc creator/import/gnu/arm/4.9.3/bin/../lib/gcc/arm-none-eabi/4.9.3/armv7-m/crtbegin.o
 .eh_frame      0x000012e0        0x4 c:/program files (x86)/cypress/psoc creator/3.3/psoc creator/import/gnu/arm/4.9.3/bin/../lib/gcc/arm-none-eabi/4.9.3/armv7-m/crtend.o
                0x000012e4                PROVIDE (__exidx_start, .)

.ARM.exidx
 *(.ARM.exidx* .gnu.linkonce.armexidx.*)
                0x000012e4                __exidx_end = .

.rodata         0x000012e4       0xd4
 *(.rodata .rodata.* .gnu.linkonce.r.*)
 .rodata.str1.4
                0x000012e4       0x10 .\CortexM3\ARM_GCC_493\Debug\main.o
 .rodata        0x000012f4       0x58 .\CortexM3\ARM_GCC_493\Debug\Wave Generator.a(cyfitter_cfg.o)
 .rodata.str1.1
                0x0000134c        0x2 c:/program files (x86)/cypress/psoc creator/3.3/psoc creator/import/gnu/arm/4.9.3/bin/../lib/gcc/arm-none-eabi/4.9.3/../../../../arm-none-eabi/lib/armv7-m\libg_nano.a(lib_a-impure.o)
 .rodata.str1.1
                0x0000134e       0x11 c:/program files (x86)/cypress/psoc creator/3.3/psoc creator/import/gnu/arm/4.9.3/bin/../lib/gcc/arm-none-eabi/4.9.3/../../../../arm-none-eabi/lib/armv7-m\libg_nano.a(lib_a-nano-svfprintf.o)
 .rodata.str1.1
                0x0000135f       0x22 c:/program files (x86)/cypress/psoc creator/3.3/psoc creator/import/gnu/arm/4.9.3/bin/../lib/gcc/arm-none-eabi/4.9.3/../../../../arm-none-eabi/lib/armv7-m\libg_nano.a(lib_a-nano-vfprintf_i.o)
                0x00001384                . = ALIGN (0x4)
 *fill*         0x00001381        0x3 
 *(.init)
 .init          0x00001384        0x4 c:/program files (x86)/cypress/psoc creator/3.3/psoc creator/import/gnu/arm/4.9.3/bin/../lib/gcc/arm-none-eabi/4.9.3/armv7-m/crti.o
                0x00001384                _init
 .init          0x00001388        0x8 c:/program files (x86)/cypress/psoc creator/3.3/psoc creator/import/gnu/arm/4.9.3/bin/../lib/gcc/arm-none-eabi/4.9.3/armv7-m/crtn.o
                0x00001390                . = ALIGN (0x4)
                0x00001390                __preinit_array_start = .
 *(.preinit_array)
                0x00001390                __preinit_array_end = .
                0x00001390                . = ALIGN (0x4)
                0x00001390                __init_array_start = .
 *(SORT(.init_array.*))
 *(.init_array)
 .init_array    0x00001390        0x4 c:/program files (x86)/cypress/psoc creator/3.3/psoc creator/import/gnu/arm/4.9.3/bin/../lib/gcc/arm-none-eabi/4.9.3/armv7-m/crtbegin.o
 .init_array    0x00001394        0x4 .\CortexM3\ARM_GCC_493\Debug\Cm3Start.o
                0x00001398                __init_array_end = .
                0x00001398                . = ALIGN (0x4)
 *(.fini)
 .fini          0x00001398        0x4 c:/program files (x86)/cypress/psoc creator/3.3/psoc creator/import/gnu/arm/4.9.3/bin/../lib/gcc/arm-none-eabi/4.9.3/armv7-m/crti.o
                0x00001398                _fini
 .fini          0x0000139c        0x8 c:/program files (x86)/cypress/psoc creator/3.3/psoc creator/import/gnu/arm/4.9.3/bin/../lib/gcc/arm-none-eabi/4.9.3/armv7-m/crtn.o
                0x000013a4                . = ALIGN (0x4)
                0x000013a4                __fini_array_start = .
 *(.fini_array)
 .fini_array    0x000013a4        0x4 c:/program files (x86)/cypress/psoc creator/3.3/psoc creator/import/gnu/arm/4.9.3/bin/../lib/gcc/arm-none-eabi/4.9.3/armv7-m/crtbegin.o
 *(SORT(.fini_array.*))
                0x000013a8                __fini_array_end = .
                0x000013a8                . = ALIGN (0x4)
 *crtbegin.o(.ctors)
 *(EXCLUDE_FILE(*crtend.o) .ctors)
 *(SORT(.ctors.*))
 *crtend.o(.ctors)
                0x000013a8                . = ALIGN (0x4)
 *crtbegin.o(.dtors)
 *(EXCLUDE_FILE(*crtend.o) .dtors)
 *(SORT(.dtors.*))
 *crtend.o(.dtors)
                0x000013a8                . = ALIGN (0x4)
                0x000013a8                __cy_regions = .
                0x000013a8        0x4 LONG 0x13b8 __cy_region_init_ram
                0x000013ac        0x4 LONG 0x1fff8108 __cy_region_start_data
                0x000013b0        0x4 LONG 0x148 __cy_region_init_size_ram
                0x000013b4        0x4 LONG 0x50 __cy_region_zero_size_ram
                0x000013b8                __cy_regions_end = .
                0x000013b8                . = ALIGN (0x8)
                0x000013b8                _etext = .

.ramvectors     0x1fff8000      0x100
                0x1fff8000                __cy_region_start_ram = .
 *(.ramvectors)
 .ramvectors    0x1fff8000      0x100 .\CortexM3\ARM_GCC_493\Debug\Cm3Start.o
                0x1fff8000                CyRamVectors

.noinit         0x1fff8100        0x5
 *(.noinit)
 .noinit        0x1fff8100        0x4 .\CortexM3\ARM_GCC_493\Debug\Cm3Start.o
 .noinit        0x1fff8104        0x1 .\CortexM3\ARM_GCC_493\Debug\Wave Generator.a(CyLib.o)
                0x1fff8104                CyResetStatus

.data           0x1fff8108      0x148 load address 0x000013b8
                0x1fff8108                __cy_region_start_data = .
 *(.jcr)
 .jcr           0x1fff8108        0x0 c:/program files (x86)/cypress/psoc creator/3.3/psoc creator/import/gnu/arm/4.9.3/bin/../lib/gcc/arm-none-eabi/4.9.3/armv7-m/crtbegin.o
 .jcr           0x1fff8108        0x4 c:/program files (x86)/cypress/psoc creator/3.3/psoc creator/import/gnu/arm/4.9.3/bin/../lib/gcc/arm-none-eabi/4.9.3/armv7-m/crtend.o
 *(.got.plt)
 *(.got)
 *(.shdata)
 *(.data .data.* .gnu.linkonce.d.*)
 .data          0x1fff810c       0xc0 .\CortexM3\ARM_GCC_493\Debug\main.o
                0x1fff810c                signal1
                0x1fff816c                signal2
 .data          0x1fff81cc        0x8 .\CortexM3\ARM_GCC_493\Debug\Wave Generator.a(CyDmac.o)
 .data          0x1fff81d4       0x10 .\CortexM3\ARM_GCC_493\Debug\Wave Generator.a(CyLib.o)
                0x1fff81d4                cydelay_32k_ms
                0x1fff81d8                cydelay_freq_khz
                0x1fff81dc                cydelay_freq_mhz
                0x1fff81e0                cydelay_freq_hz
 .data          0x1fff81e4        0x1 .\CortexM3\ARM_GCC_493\Debug\Wave Generator.a(TxDMA_0_dma.o)
                0x1fff81e4                TxDMA_0_DmaHandle
 .data          0x1fff81e5        0x1 .\CortexM3\ARM_GCC_493\Debug\Wave Generator.a(TxDMA_1_dma.o)
                0x1fff81e5                TxDMA_1_DmaHandle
 .data          0x1fff81e6        0x1 .\CortexM3\ARM_GCC_493\Debug\Wave Generator.a(RxDMA_1_dma.o)
                0x1fff81e6                RxDMA_1_DmaHandle
 .data          0x1fff81e7        0x1 .\CortexM3\ARM_GCC_493\Debug\Wave Generator.a(RxDMA_0_dma.o)
                0x1fff81e7                RxDMA_0_DmaHandle
 .data.impure_data
                0x1fff81e8       0x60 c:/program files (x86)/cypress/psoc creator/3.3/psoc creator/import/gnu/arm/4.9.3/bin/../lib/gcc/arm-none-eabi/4.9.3/../../../../arm-none-eabi/lib/armv7-m\libg_nano.a(lib_a-impure.o)
 .data._impure_ptr
                0x1fff8248        0x4 c:/program files (x86)/cypress/psoc creator/3.3/psoc creator/import/gnu/arm/4.9.3/bin/../lib/gcc/arm-none-eabi/4.9.3/../../../../arm-none-eabi/lib/armv7-m\libg_nano.a(lib_a-impure.o)
                0x1fff8248                _impure_ptr
                0x1fff8250                . = ALIGN (0x8)
 *fill*         0x1fff824c        0x4 
 *(.ram)
                0x1fff8250                _edata = .

.igot.plt       0x1fff8250        0x0 load address 0x00001500
 .igot.plt      0x00000000        0x0 c:/program files (x86)/cypress/psoc creator/3.3/psoc creator/import/gnu/arm/4.9.3/bin/../lib/gcc/arm-none-eabi/4.9.3/armv7-m/crtbegin.o

.bss            0x1fff8250       0x50 load address 0x00001500
                0x1fff8250                PROVIDE (__bss_start__, .)
 *(.shbss)
 *(.bss .bss.* .gnu.linkonce.b.*)
 .bss           0x1fff8250       0x1c c:/program files (x86)/cypress/psoc creator/3.3/psoc creator/import/gnu/arm/4.9.3/bin/../lib/gcc/arm-none-eabi/4.9.3/armv7-m/crtbegin.o
 .bss           0x1fff826c        0x1 .\CortexM3\ARM_GCC_493\Debug\Wave Generator.a(I2S.o)
                0x1fff826c                I2S_initVar
 .bss           0x1fff826d        0x2 .\CortexM3\ARM_GCC_493\Debug\Wave Generator.a(UART.o)
                0x1fff826d                UART_initVar
 *fill*         0x1fff826f        0x1 
 .bss.__malloc_sbrk_start
                0x1fff8270        0x4 c:/program files (x86)/cypress/psoc creator/3.3/psoc creator/import/gnu/arm/4.9.3/bin/../lib/gcc/arm-none-eabi/4.9.3/../../../../arm-none-eabi/lib/armv7-m\libg_nano.a(lib_a-nano-mallocr.o)
                0x1fff8270                __malloc_sbrk_start
 .bss.__malloc_free_list
                0x1fff8274        0x4 c:/program files (x86)/cypress/psoc creator/3.3/psoc creator/import/gnu/arm/4.9.3/bin/../lib/gcc/arm-none-eabi/4.9.3/../../../../arm-none-eabi/lib/armv7-m\libg_nano.a(lib_a-nano-mallocr.o)
                0x1fff8274                __malloc_free_list
 .bss.heap_end.4079
                0x1fff8278        0x4 c:/program files (x86)/cypress/psoc creator/3.3/psoc creator/import/gnu/arm/4.9.3/bin/../lib/gcc/arm-none-eabi/4.9.3/../../../../arm-none-eabi/lib/armv7-m\libnosys.a(sbrk.o)
 *(COMMON)
 COMMON         0x1fff827c       0x1e .\CortexM3\ARM_GCC_493\Debug\main.o
                0x1fff827c                RxDMA_TD_0
                0x1fff827d                TxDMA_1_Chan
                0x1fff8280                RxDMA_TD_1
                0x1fff8284                TxDMA_1_TD
                0x1fff8288                ReceivedData
                0x1fff828c                TxDMA_0_Chan
                0x1fff8290                dummy
                0x1fff8294                RxDMA_Chan_0
                0x1fff8298                TxDMA_0_TD
                0x1fff8299                RxDMA_Chan_1
 *fill*         0x1fff829a        0x2 
 COMMON         0x1fff829c        0x4 c:/program files (x86)/cypress/psoc creator/3.3/psoc creator/import/gnu/arm/4.9.3/bin/../lib/gcc/arm-none-eabi/4.9.3/../../../../arm-none-eabi/lib/armv7-m\libg_nano.a(lib_a-reent.o)
                0x1fff829c                errno
                0x1fff82a0                . = ALIGN (0x8)
 *(.ram.b)
                0x1fff82a0                _end = .
                0x1fff82a0                __end = .
                0x1fff82a0                PROVIDE (end, .)
                0x1fff82a0                PROVIDE (__bss_end__, .)
                0x000013b8                __cy_region_init_ram = LOADADDR (.data)
                0x00000148                __cy_region_init_size_ram = (_edata - ADDR (.data))
                0x00000050                __cy_region_zero_size_ram = (_end - _edata)

.heap           0x1fff82a0     0x1000 load address 0x00001500
                0x1fff82a0                . = _end
                0x1fff92a0                . = (. + 0x1000)
 *fill*         0x1fff82a0     0x1000 
                0x1fff92a0                __cy_heap_limit = .

.stack          0x20004000     0x4000
                0x20004000                __cy_stack_limit = .
                0x20008000                . = (. + 0x4000)
 *fill*         0x20004000     0x4000 
                0x00000001                ASSERT ((__cy_stack_limit >= __cy_heap_limit), region RAM overflowed with stack)

.cyloadermeta
 *(.cyloadermeta)

.cyloadablemeta
 *(.cyloadablemeta)

.cyconfigecc    0x80000000      0x53c
 *(.cyconfigecc)
 .cyconfigecc   0x80000000      0x53c .\CortexM3\ARM_GCC_493\Debug\cymetadata.o
                0x80000000                cy_meta_configecc

.cycustnvl      0x90000000        0x4
 *(.cycustnvl)
 .cycustnvl     0x90000000        0x4 .\CortexM3\ARM_GCC_493\Debug\cymetadata.o
                0x90000000                cy_meta_custnvl

.cywolatch      0x90100000        0x4
 *(.cywolatch)
 .cywolatch     0x90100000        0x4 .\CortexM3\ARM_GCC_493\Debug\cymetadata.o
                0x90100000                cy_meta_wonvl

.cyeeprom       0x90200000        0x0
 *(.cyeeprom)
                0x00000001                ASSERT ((. <= ((0x90200000 + ee_offset) + ee_size)), .cyeeprom data will not fit in EEPROM)

.cyflashprotect
                0x90400000      0x100
 *(.cyflashprotect)
 .cyflashprotect
                0x90400000      0x100 .\CortexM3\ARM_GCC_493\Debug\cymetadata.o
                0x90400000                cy_meta_flashprotect

.cymeta         0x90500000        0xc
 *(.cymeta)
 .cymeta        0x90500000        0xc .\CortexM3\ARM_GCC_493\Debug\cymetadata.o
                0x90500000                cy_metadata

.rel.dyn        0x00001500        0x0 load address 0x9050000c
 .rel.iplt      0x00000000        0x0 c:/program files (x86)/cypress/psoc creator/3.3/psoc creator/import/gnu/arm/4.9.3/bin/../lib/gcc/arm-none-eabi/4.9.3/armv7-m/crtbegin.o

.stab
 *(.stab)

.stabstr
 *(.stabstr)

.debug
 *(.debug)

.line
 *(.line)

.debug_srcinfo
 *(.debug_srcinfo)

.debug_sfnames
 *(.debug_sfnames)

.debug_aranges  0x00000000      0x778
 *(.debug_aranges)
 .debug_aranges
                0x00000000       0x30 .\CortexM3\ARM_GCC_493\Debug\main.o
 .debug_aranges
                0x00000030       0x18 .\CortexM3\ARM_GCC_493\Debug\cymetadata.o
 .debug_aranges
                0x00000048       0x40 .\CortexM3\ARM_GCC_493\Debug\Cm3Start.o
 .debug_aranges
                0x00000088       0x58 .\CortexM3\ARM_GCC_493\Debug\Wave Generator.a(cyfitter_cfg.o)
 .debug_aranges
                0x000000e0       0x68 .\CortexM3\ARM_GCC_493\Debug\Wave Generator.a(I2S.o)
 .debug_aranges
                0x00000148       0x20 .\CortexM3\ARM_GCC_493\Debug\Wave Generator.a(CyBootAsmGnu.o)
 .debug_aranges
                0x00000168       0xd8 .\CortexM3\ARM_GCC_493\Debug\Wave Generator.a(CyDmac.o)
 .debug_aranges
                0x00000240      0x218 .\CortexM3\ARM_GCC_493\Debug\Wave Generator.a(CyLib.o)
 .debug_aranges
                0x00000458       0x90 .\CortexM3\ARM_GCC_493\Debug\Wave Generator.a(cyPm.o)
 .debug_aranges
                0x000004e8       0x28 .\CortexM3\ARM_GCC_493\Debug\Wave Generator.a(TxDMA_0_dma.o)
 .debug_aranges
                0x00000510       0x28 .\CortexM3\ARM_GCC_493\Debug\Wave Generator.a(TxDMA_1_dma.o)
 .debug_aranges
                0x00000538       0xa0 .\CortexM3\ARM_GCC_493\Debug\Wave Generator.a(UART.o)
 .debug_aranges
                0x000005d8       0x70 .\CortexM3\ARM_GCC_493\Debug\Wave Generator.a(UART_IntClock.o)
 .debug_aranges
                0x00000648       0x28 .\CortexM3\ARM_GCC_493\Debug\Wave Generator.a(RxDMA_1_dma.o)
 .debug_aranges
                0x00000670       0x28 .\CortexM3\ARM_GCC_493\Debug\Wave Generator.a(RxDMA_0_dma.o)
 .debug_aranges
                0x00000698       0x78 .\CortexM3\ARM_GCC_493\Debug\Wave Generator.a(CyFlash.o)
 .debug_aranges
                0x00000710       0x68 .\CortexM3\ARM_GCC_493\Debug\Wave Generator.a(CySpc.o)

.debug_pubnames
 *(.debug_pubnames)

.debug_info     0x00000000     0x506c
 *(.debug_info .gnu.linkonce.wi.*)
 .debug_info    0x00000000      0x771 .\CortexM3\ARM_GCC_493\Debug\main.o
 .debug_info    0x00000771      0x13b .\CortexM3\ARM_GCC_493\Debug\cymetadata.o
 .debug_info    0x000008ac      0x315 .\CortexM3\ARM_GCC_493\Debug\Cm3Start.o
 .debug_info    0x00000bc1      0x61d .\CortexM3\ARM_GCC_493\Debug\Wave Generator.a(cyfitter_cfg.o)
 .debug_info    0x000011de      0x2ed .\CortexM3\ARM_GCC_493\Debug\Wave Generator.a(I2S.o)
 .debug_info    0x000014cb       0xa2 .\CortexM3\ARM_GCC_493\Debug\Wave Generator.a(CyBootAsmGnu.o)
 .debug_info    0x0000156d      0x93e .\CortexM3\ARM_GCC_493\Debug\Wave Generator.a(CyDmac.o)
 .debug_info    0x00001eab      0xf64 .\CortexM3\ARM_GCC_493\Debug\Wave Generator.a(CyLib.o)
 .debug_info    0x00002e0f      0xa14 .\CortexM3\ARM_GCC_493\Debug\Wave Generator.a(cyPm.o)
 .debug_info    0x00003823      0x1f6 .\CortexM3\ARM_GCC_493\Debug\Wave Generator.a(TxDMA_0_dma.o)
 .debug_info    0x00003a19      0x1fa .\CortexM3\ARM_GCC_493\Debug\Wave Generator.a(TxDMA_1_dma.o)
 .debug_info    0x00003c13      0x44f .\CortexM3\ARM_GCC_493\Debug\Wave Generator.a(UART.o)
 .debug_info    0x00004062      0x27f .\CortexM3\ARM_GCC_493\Debug\Wave Generator.a(UART_IntClock.o)
 .debug_info    0x000042e1      0x1fa .\CortexM3\ARM_GCC_493\Debug\Wave Generator.a(RxDMA_1_dma.o)
 .debug_info    0x000044db      0x1fa .\CortexM3\ARM_GCC_493\Debug\Wave Generator.a(RxDMA_0_dma.o)
 .debug_info    0x000046d5      0x566 .\CortexM3\ARM_GCC_493\Debug\Wave Generator.a(CyFlash.o)
 .debug_info    0x00004c3b      0x431 .\CortexM3\ARM_GCC_493\Debug\Wave Generator.a(CySpc.o)

.debug_abbrev   0x00000000     0x1714
 *(.debug_abbrev)
 .debug_abbrev  0x00000000      0x17c .\CortexM3\ARM_GCC_493\Debug\main.o
 .debug_abbrev  0x0000017c       0x77 .\CortexM3\ARM_GCC_493\Debug\cymetadata.o
 .debug_abbrev  0x000001f3      0x199 .\CortexM3\ARM_GCC_493\Debug\Cm3Start.o
 .debug_abbrev  0x0000038c      0x212 .\CortexM3\ARM_GCC_493\Debug\Wave Generator.a(cyfitter_cfg.o)
 .debug_abbrev  0x0000059e       0xef .\CortexM3\ARM_GCC_493\Debug\Wave Generator.a(I2S.o)
 .debug_abbrev  0x0000068d       0x14 .\CortexM3\ARM_GCC_493\Debug\Wave Generator.a(CyBootAsmGnu.o)
 .debug_abbrev  0x000006a1      0x1bf .\CortexM3\ARM_GCC_493\Debug\Wave Generator.a(CyDmac.o)
 .debug_abbrev  0x00000860      0x24e .\CortexM3\ARM_GCC_493\Debug\Wave Generator.a(CyLib.o)
 .debug_abbrev  0x00000aae      0x1fa .\CortexM3\ARM_GCC_493\Debug\Wave Generator.a(cyPm.o)
 .debug_abbrev  0x00000ca8       0xeb .\CortexM3\ARM_GCC_493\Debug\Wave Generator.a(TxDMA_0_dma.o)
 .debug_abbrev  0x00000d93       0xeb .\CortexM3\ARM_GCC_493\Debug\Wave Generator.a(TxDMA_1_dma.o)
 .debug_abbrev  0x00000e7e      0x1a2 .\CortexM3\ARM_GCC_493\Debug\Wave Generator.a(UART.o)
 .debug_abbrev  0x00001020      0x139 .\CortexM3\ARM_GCC_493\Debug\Wave Generator.a(UART_IntClock.o)
 .debug_abbrev  0x00001159       0xeb .\CortexM3\ARM_GCC_493\Debug\Wave Generator.a(RxDMA_1_dma.o)
 .debug_abbrev  0x00001244       0xeb .\CortexM3\ARM_GCC_493\Debug\Wave Generator.a(RxDMA_0_dma.o)
 .debug_abbrev  0x0000132f      0x233 .\CortexM3\ARM_GCC_493\Debug\Wave Generator.a(CyFlash.o)
 .debug_abbrev  0x00001562      0x1b2 .\CortexM3\ARM_GCC_493\Debug\Wave Generator.a(CySpc.o)

.debug_line     0x00000000     0x1f03
 *(.debug_line)
 .debug_line    0x00000000      0x2fa .\CortexM3\ARM_GCC_493\Debug\main.o
 .debug_line    0x000002fa       0x53 .\CortexM3\ARM_GCC_493\Debug\cymetadata.o
 .debug_line    0x0000034d      0x1c4 .\CortexM3\ARM_GCC_493\Debug\Cm3Start.o
 .debug_line    0x00000511      0x205 .\CortexM3\ARM_GCC_493\Debug\Wave Generator.a(cyfitter_cfg.o)
 .debug_line    0x00000716      0x127 .\CortexM3\ARM_GCC_493\Debug\Wave Generator.a(I2S.o)
 .debug_line    0x0000083d       0x68 .\CortexM3\ARM_GCC_493\Debug\Wave Generator.a(CyBootAsmGnu.o)
 .debug_line    0x000008a5      0x2e5 .\CortexM3\ARM_GCC_493\Debug\Wave Generator.a(CyDmac.o)
 .debug_line    0x00000b8a      0x6b9 .\CortexM3\ARM_GCC_493\Debug\Wave Generator.a(CyLib.o)
 .debug_line    0x00001243      0x354 .\CortexM3\ARM_GCC_493\Debug\Wave Generator.a(cyPm.o)
 .debug_line    0x00001597       0x9d .\CortexM3\ARM_GCC_493\Debug\Wave Generator.a(TxDMA_0_dma.o)
 .debug_line    0x00001634       0x9d .\CortexM3\ARM_GCC_493\Debug\Wave Generator.a(TxDMA_1_dma.o)
 .debug_line    0x000016d1      0x1f2 .\CortexM3\ARM_GCC_493\Debug\Wave Generator.a(UART.o)
 .debug_line    0x000018c3      0x195 .\CortexM3\ARM_GCC_493\Debug\Wave Generator.a(UART_IntClock.o)
 .debug_line    0x00001a58       0x9d .\CortexM3\ARM_GCC_493\Debug\Wave Generator.a(RxDMA_1_dma.o)
 .debug_line    0x00001af5       0x9d .\CortexM3\ARM_GCC_493\Debug\Wave Generator.a(RxDMA_0_dma.o)
 .debug_line    0x00001b92      0x1a9 .\CortexM3\ARM_GCC_493\Debug\Wave Generator.a(CyFlash.o)
 .debug_line    0x00001d3b      0x1c8 .\CortexM3\ARM_GCC_493\Debug\Wave Generator.a(CySpc.o)

.debug_frame    0x00000000     0x166c
 *(.debug_frame)
 .debug_frame   0x00000000       0x84 .\CortexM3\ARM_GCC_493\Debug\main.o
 .debug_frame   0x00000084       0x84 .\CortexM3\ARM_GCC_493\Debug\Cm3Start.o
 .debug_frame   0x00000108       0xe4 .\CortexM3\ARM_GCC_493\Debug\Wave Generator.a(cyfitter_cfg.o)
 .debug_frame   0x000001ec      0x11c .\CortexM3\ARM_GCC_493\Debug\Wave Generator.a(I2S.o)
 .debug_frame   0x00000308      0x1f4 .\CortexM3\ARM_GCC_493\Debug\Wave Generator.a(CyDmac.o)
 .debug_frame   0x000004fc      0x5a0 .\CortexM3\ARM_GCC_493\Debug\Wave Generator.a(CyLib.o)
 .debug_frame   0x00000a9c      0x1d8 .\CortexM3\ARM_GCC_493\Debug\Wave Generator.a(cyPm.o)
 .debug_frame   0x00000c74       0x54 .\CortexM3\ARM_GCC_493\Debug\Wave Generator.a(TxDMA_0_dma.o)
 .debug_frame   0x00000cc8       0x54 .\CortexM3\ARM_GCC_493\Debug\Wave Generator.a(TxDMA_1_dma.o)
 .debug_frame   0x00000d1c      0x198 .\CortexM3\ARM_GCC_493\Debug\Wave Generator.a(UART.o)
 .debug_frame   0x00000eb4       0xe0 .\CortexM3\ARM_GCC_493\Debug\Wave Generator.a(UART_IntClock.o)
 .debug_frame   0x00000f94       0x54 .\CortexM3\ARM_GCC_493\Debug\Wave Generator.a(RxDMA_1_dma.o)
 .debug_frame   0x00000fe8       0x54 .\CortexM3\ARM_GCC_493\Debug\Wave Generator.a(RxDMA_0_dma.o)
 .debug_frame   0x0000103c      0x13c .\CortexM3\ARM_GCC_493\Debug\Wave Generator.a(CyFlash.o)
 .debug_frame   0x00001178      0x128 .\CortexM3\ARM_GCC_493\Debug\Wave Generator.a(CySpc.o)
 .debug_frame   0x000012a0       0x28 c:/program files (x86)/cypress/psoc creator/3.3/psoc creator/import/gnu/arm/4.9.3/bin/../lib/gcc/arm-none-eabi/4.9.3/../../../../arm-none-eabi/lib/armv7-m\libg_nano.a(lib_a-exit.o)
 .debug_frame   0x000012c8       0x2c c:/program files (x86)/cypress/psoc creator/3.3/psoc creator/import/gnu/arm/4.9.3/bin/../lib/gcc/arm-none-eabi/4.9.3/../../../../arm-none-eabi/lib/armv7-m\libg_nano.a(lib_a-init.o)
 .debug_frame   0x000012f4       0x30 c:/program files (x86)/cypress/psoc creator/3.3/psoc creator/import/gnu/arm/4.9.3/bin/../lib/gcc/arm-none-eabi/4.9.3/../../../../arm-none-eabi/lib/armv7-m\libg_nano.a(lib_a-malloc.o)
 .debug_frame   0x00001324       0x28 c:/program files (x86)/cypress/psoc creator/3.3/psoc creator/import/gnu/arm/4.9.3/bin/../lib/gcc/arm-none-eabi/4.9.3/../../../../arm-none-eabi/lib/armv7-m\libg_nano.a(lib_a-memcpy.o)
 .debug_frame   0x0000134c       0x20 c:/program files (x86)/cypress/psoc creator/3.3/psoc creator/import/gnu/arm/4.9.3/bin/../lib/gcc/arm-none-eabi/4.9.3/../../../../arm-none-eabi/lib/armv7-m\libg_nano.a(lib_a-memset.o)
 .debug_frame   0x0000136c       0x2c c:/program files (x86)/cypress/psoc creator/3.3/psoc creator/import/gnu/arm/4.9.3/bin/../lib/gcc/arm-none-eabi/4.9.3/../../../../arm-none-eabi/lib/armv7-m\libg_nano.a(lib_a-nano-freer.o)
 .debug_frame   0x00001398       0x2c c:/program files (x86)/cypress/psoc creator/3.3/psoc creator/import/gnu/arm/4.9.3/bin/../lib/gcc/arm-none-eabi/4.9.3/../../../../arm-none-eabi/lib/armv7-m\libg_nano.a(lib_a-nano-mallocr.o)
 .debug_frame   0x000013c4       0x2c c:/program files (x86)/cypress/psoc creator/3.3/psoc creator/import/gnu/arm/4.9.3/bin/../lib/gcc/arm-none-eabi/4.9.3/../../../../arm-none-eabi/lib/armv7-m\libg_nano.a(lib_a-sbrkr.o)
 .debug_frame   0x000013f0       0x70 c:/program files (x86)/cypress/psoc creator/3.3/psoc creator/import/gnu/arm/4.9.3/bin/../lib/gcc/arm-none-eabi/4.9.3/../../../../arm-none-eabi/lib/armv7-m\libg_nano.a(lib_a-sprintf.o)
 .debug_frame   0x00001460       0x8c c:/program files (x86)/cypress/psoc creator/3.3/psoc creator/import/gnu/arm/4.9.3/bin/../lib/gcc/arm-none-eabi/4.9.3/../../../../arm-none-eabi/lib/armv7-m\libg_nano.a(lib_a-nano-svfprintf.o)
 .debug_frame   0x000014ec       0x58 c:/program files (x86)/cypress/psoc creator/3.3/psoc creator/import/gnu/arm/4.9.3/bin/../lib/gcc/arm-none-eabi/4.9.3/../../../../arm-none-eabi/lib/armv7-m\libg_nano.a(lib_a-nano-vfprintf_i.o)
 .debug_frame   0x00001544       0x5c c:/program files (x86)/cypress/psoc creator/3.3/psoc creator/import/gnu/arm/4.9.3/bin/../lib/gcc/arm-none-eabi/4.9.3/../../../../arm-none-eabi/lib/armv7-m\libg_nano.a(lib_a-reent.o)
 .debug_frame   0x000015a0       0x28 c:/program files (x86)/cypress/psoc creator/3.3/psoc creator/import/gnu/arm/4.9.3/bin/../lib/gcc/arm-none-eabi/4.9.3/../../../../arm-none-eabi/lib/armv7-m\libg_nano.a(lib_a-memchr.o)
 .debug_frame   0x000015c8       0x28 c:/program files (x86)/cypress/psoc creator/3.3/psoc creator/import/gnu/arm/4.9.3/bin/../lib/gcc/arm-none-eabi/4.9.3/../../../../arm-none-eabi/lib/armv7-m\libg_nano.a(lib_a-memmove.o)
 .debug_frame   0x000015f0       0x3c c:/program files (x86)/cypress/psoc creator/3.3/psoc creator/import/gnu/arm/4.9.3/bin/../lib/gcc/arm-none-eabi/4.9.3/../../../../arm-none-eabi/lib/armv7-m\libg_nano.a(lib_a-nano-reallocr.o)
 .debug_frame   0x0000162c       0x20 c:/program files (x86)/cypress/psoc creator/3.3/psoc creator/import/gnu/arm/4.9.3/bin/../lib/gcc/arm-none-eabi/4.9.3/../../../../arm-none-eabi/lib/armv7-m\libg_nano.a(lib_a-nano-msizer.o)
 .debug_frame   0x0000164c       0x20 c:/program files (x86)/cypress/psoc creator/3.3/psoc creator/import/gnu/arm/4.9.3/bin/../lib/gcc/arm-none-eabi/4.9.3/../../../../arm-none-eabi/lib/armv7-m\libnosys.a(sbrk.o)

.debug_str      0x00000000     0x1ac0
 *(.debug_str)
 .debug_str     0x00000000      0x387 .\CortexM3\ARM_GCC_493\Debug\main.o
                                0x3d9 (size before relaxing)
 .debug_str     0x00000387       0x77 .\CortexM3\ARM_GCC_493\Debug\cymetadata.o
                                0x1fc (size before relaxing)
 .debug_str     0x000003fe      0x135 .\CortexM3\ARM_GCC_493\Debug\Cm3Start.o
                                0x2ec (size before relaxing)
 .debug_str     0x00000533      0x18b .\CortexM3\ARM_GCC_493\Debug\Wave Generator.a(cyfitter_cfg.o)
                                0x34a (size before relaxing)
 .debug_str     0x000006be       0xc2 .\CortexM3\ARM_GCC_493\Debug\Wave Generator.a(I2S.o)
                                0x270 (size before relaxing)
 .debug_str     0x00000780      0x302 .\CortexM3\ARM_GCC_493\Debug\Wave Generator.a(CyDmac.o)
                                0x550 (size before relaxing)
 .debug_str     0x00000a82      0x62e .\CortexM3\ARM_GCC_493\Debug\Wave Generator.a(CyLib.o)
                                0x87b (size before relaxing)
 .debug_str     0x000010b0      0x365 .\CortexM3\ARM_GCC_493\Debug\Wave Generator.a(cyPm.o)
                                0x71d (size before relaxing)
 .debug_str     0x00001415       0x87 .\CortexM3\ARM_GCC_493\Debug\Wave Generator.a(TxDMA_0_dma.o)
                                0x283 (size before relaxing)
 .debug_str     0x0000149c       0x4c .\CortexM3\ARM_GCC_493\Debug\Wave Generator.a(TxDMA_1_dma.o)
                                0x283 (size before relaxing)
 .debug_str     0x000014e8      0x1a9 .\CortexM3\ARM_GCC_493\Debug\Wave Generator.a(UART.o)
                                0x3a4 (size before relaxing)
 .debug_str     0x00001691      0x185 .\CortexM3\ARM_GCC_493\Debug\Wave Generator.a(UART_IntClock.o)
                                0x348 (size before relaxing)
 .debug_str     0x00001816       0x4c .\CortexM3\ARM_GCC_493\Debug\Wave Generator.a(RxDMA_1_dma.o)
                                0x283 (size before relaxing)
 .debug_str     0x00001862       0x4c .\CortexM3\ARM_GCC_493\Debug\Wave Generator.a(RxDMA_0_dma.o)
                                0x283 (size before relaxing)
 .debug_str     0x000018ae      0x171 .\CortexM3\ARM_GCC_493\Debug\Wave Generator.a(CyFlash.o)
                                0x388 (size before relaxing)
 .debug_str     0x00001a1f       0xa1 .\CortexM3\ARM_GCC_493\Debug\Wave Generator.a(CySpc.o)
                                0x306 (size before relaxing)

.debug_loc      0x00000000     0x277c
 *(.debug_loc)
 .debug_loc     0x00000000       0x8b .\CortexM3\ARM_GCC_493\Debug\main.o
 .debug_loc     0x0000008b      0x11d .\CortexM3\ARM_GCC_493\Debug\Cm3Start.o
 .debug_loc     0x000001a8      0x289 .\CortexM3\ARM_GCC_493\Debug\Wave Generator.a(cyfitter_cfg.o)
 .debug_loc     0x00000431       0x98 .\CortexM3\ARM_GCC_493\Debug\Wave Generator.a(I2S.o)
 .debug_loc     0x000004c9      0xb83 .\CortexM3\ARM_GCC_493\Debug\Wave Generator.a(CyDmac.o)
 .debug_loc     0x0000104c      0x8ce .\CortexM3\ARM_GCC_493\Debug\Wave Generator.a(CyLib.o)
 .debug_loc     0x0000191a      0x1c3 .\CortexM3\ARM_GCC_493\Debug\Wave Generator.a(cyPm.o)
 .debug_loc     0x00001add       0x84 .\CortexM3\ARM_GCC_493\Debug\Wave Generator.a(TxDMA_0_dma.o)
 .debug_loc     0x00001b61       0x84 .\CortexM3\ARM_GCC_493\Debug\Wave Generator.a(TxDMA_1_dma.o)
 .debug_loc     0x00001be5      0x1f7 .\CortexM3\ARM_GCC_493\Debug\Wave Generator.a(UART.o)
 .debug_loc     0x00001ddc      0x128 .\CortexM3\ARM_GCC_493\Debug\Wave Generator.a(UART_IntClock.o)
 .debug_loc     0x00001f04       0x84 .\CortexM3\ARM_GCC_493\Debug\Wave Generator.a(RxDMA_1_dma.o)
 .debug_loc     0x00001f88       0x84 .\CortexM3\ARM_GCC_493\Debug\Wave Generator.a(RxDMA_0_dma.o)
 .debug_loc     0x0000200c      0x2fe .\CortexM3\ARM_GCC_493\Debug\Wave Generator.a(CyFlash.o)
 .debug_loc     0x0000230a      0x472 .\CortexM3\ARM_GCC_493\Debug\Wave Generator.a(CySpc.o)

.debug_macinfo
 *(.debug_macinfo)

.debug_ranges   0x00000000      0x650
 *(.debug_ranges)
 .debug_ranges  0x00000000       0x20 .\CortexM3\ARM_GCC_493\Debug\main.o
 .debug_ranges  0x00000020       0x30 .\CortexM3\ARM_GCC_493\Debug\Cm3Start.o
 .debug_ranges  0x00000050       0x48 .\CortexM3\ARM_GCC_493\Debug\Wave Generator.a(cyfitter_cfg.o)
 .debug_ranges  0x00000098       0x58 .\CortexM3\ARM_GCC_493\Debug\Wave Generator.a(I2S.o)
 .debug_ranges  0x000000f0       0xc8 .\CortexM3\ARM_GCC_493\Debug\Wave Generator.a(CyDmac.o)
 .debug_ranges  0x000001b8      0x208 .\CortexM3\ARM_GCC_493\Debug\Wave Generator.a(CyLib.o)
 .debug_ranges  0x000003c0       0x80 .\CortexM3\ARM_GCC_493\Debug\Wave Generator.a(cyPm.o)
 .debug_ranges  0x00000440       0x18 .\CortexM3\ARM_GCC_493\Debug\Wave Generator.a(TxDMA_0_dma.o)
 .debug_ranges  0x00000458       0x18 .\CortexM3\ARM_GCC_493\Debug\Wave Generator.a(TxDMA_1_dma.o)
 .debug_ranges  0x00000470       0x90 .\CortexM3\ARM_GCC_493\Debug\Wave Generator.a(UART.o)
 .debug_ranges  0x00000500       0x60 .\CortexM3\ARM_GCC_493\Debug\Wave Generator.a(UART_IntClock.o)
 .debug_ranges  0x00000560       0x18 .\CortexM3\ARM_GCC_493\Debug\Wave Generator.a(RxDMA_1_dma.o)
 .debug_ranges  0x00000578       0x18 .\CortexM3\ARM_GCC_493\Debug\Wave Generator.a(RxDMA_0_dma.o)
 .debug_ranges  0x00000590       0x68 .\CortexM3\ARM_GCC_493\Debug\Wave Generator.a(CyFlash.o)
 .debug_ranges  0x000005f8       0x58 .\CortexM3\ARM_GCC_493\Debug\Wave Generator.a(CySpc.o)

.comment        0x00000000       0x70
 .comment       0x00000000       0x70 .\CortexM3\ARM_GCC_493\Debug\main.o
                                 0x71 (size before relaxing)
 .comment       0x00000000       0x71 .\CortexM3\ARM_GCC_493\Debug\cymetadata.o
 .comment       0x00000000       0x71 .\CortexM3\ARM_GCC_493\Debug\Cm3Start.o
 .comment       0x00000000       0x71 .\CortexM3\ARM_GCC_493\Debug\Wave Generator.a(cyfitter_cfg.o)
 .comment       0x00000000       0x71 .\CortexM3\ARM_GCC_493\Debug\Wave Generator.a(I2S.o)
 .comment       0x00000000       0x71 .\CortexM3\ARM_GCC_493\Debug\Wave Generator.a(CyDmac.o)
 .comment       0x00000000       0x71 .\CortexM3\ARM_GCC_493\Debug\Wave Generator.a(CyLib.o)
 .comment       0x00000000       0x71 .\CortexM3\ARM_GCC_493\Debug\Wave Generator.a(cyPm.o)
 .comment       0x00000000       0x71 .\CortexM3\ARM_GCC_493\Debug\Wave Generator.a(TxDMA_0_dma.o)
 .comment       0x00000000       0x71 .\CortexM3\ARM_GCC_493\Debug\Wave Generator.a(TxDMA_1_dma.o)
 .comment       0x00000000       0x71 .\CortexM3\ARM_GCC_493\Debug\Wave Generator.a(UART.o)
 .comment       0x00000000       0x71 .\CortexM3\ARM_GCC_493\Debug\Wave Generator.a(UART_IntClock.o)
 .comment       0x00000000       0x71 .\CortexM3\ARM_GCC_493\Debug\Wave Generator.a(RxDMA_1_dma.o)
 .comment       0x00000000       0x71 .\CortexM3\ARM_GCC_493\Debug\Wave Generator.a(RxDMA_0_dma.o)
 .comment       0x00000000       0x71 .\CortexM3\ARM_GCC_493\Debug\Wave Generator.a(CyFlash.o)
 .comment       0x00000000       0x71 .\CortexM3\ARM_GCC_493\Debug\Wave Generator.a(CySpc.o)

.debug_weaknames
 *(.debug_weaknames)

.debug_funcnames
 *(.debug_funcnames)

.debug_typenames
 *(.debug_typenames)

.debug_varnames
 *(.debug_varnames)

.note.gnu.arm.ident
 *(.note.gnu.arm.ident)

.ARM.attributes
                0x00000000       0x29
 *(.ARM.attributes)
 .ARM.attributes
                0x00000000       0x1d c:/program files (x86)/cypress/psoc creator/3.3/psoc creator/import/gnu/arm/4.9.3/bin/../lib/gcc/arm-none-eabi/4.9.3/armv7-m/crti.o
 .ARM.attributes
                0x0000001d       0x2d c:/program files (x86)/cypress/psoc creator/3.3/psoc creator/import/gnu/arm/4.9.3/bin/../lib/gcc/arm-none-eabi/4.9.3/armv7-m/crtbegin.o
 .ARM.attributes
                0x0000004a       0x1b c:/program files (x86)/cypress/psoc creator/3.3/psoc creator/import/gnu/arm/4.9.3/bin/../lib/gcc/arm-none-eabi/4.9.3/../../../../arm-none-eabi/lib/armv7-m/crt0.o
 .ARM.attributes
                0x00000065       0x33 .\CortexM3\ARM_GCC_493\Debug\main.o
 .ARM.attributes
                0x00000098       0x33 .\CortexM3\ARM_GCC_493\Debug\cymetadata.o
 .ARM.attributes
                0x000000cb       0x33 .\CortexM3\ARM_GCC_493\Debug\Cm3Start.o
 .ARM.attributes
                0x000000fe       0x33 .\CortexM3\ARM_GCC_493\Debug\Wave Generator.a(cyfitter_cfg.o)
 .ARM.attributes
                0x00000131       0x33 .\CortexM3\ARM_GCC_493\Debug\Wave Generator.a(I2S.o)
 .ARM.attributes
                0x00000164       0x21 .\CortexM3\ARM_GCC_493\Debug\Wave Generator.a(CyBootAsmGnu.o)
 .ARM.attributes
                0x00000185       0x33 .\CortexM3\ARM_GCC_493\Debug\Wave Generator.a(CyDmac.o)
 .ARM.attributes
                0x000001b8       0x33 .\CortexM3\ARM_GCC_493\Debug\Wave Generator.a(CyLib.o)
 .ARM.attributes
                0x000001eb       0x33 .\CortexM3\ARM_GCC_493\Debug\Wave Generator.a(cyPm.o)
 .ARM.attributes
                0x0000021e       0x33 .\CortexM3\ARM_GCC_493\Debug\Wave Generator.a(TxDMA_0_dma.o)
 .ARM.attributes
                0x00000251       0x33 .\CortexM3\ARM_GCC_493\Debug\Wave Generator.a(TxDMA_1_dma.o)
 .ARM.attributes
                0x00000284       0x33 .\CortexM3\ARM_GCC_493\Debug\Wave Generator.a(UART.o)
 .ARM.attributes
                0x000002b7       0x33 .\CortexM3\ARM_GCC_493\Debug\Wave Generator.a(UART_IntClock.o)
 .ARM.attributes
                0x000002ea       0x33 .\CortexM3\ARM_GCC_493\Debug\Wave Generator.a(RxDMA_1_dma.o)
 .ARM.attributes
                0x0000031d       0x33 .\CortexM3\ARM_GCC_493\Debug\Wave Generator.a(RxDMA_0_dma.o)
 .ARM.attributes
                0x00000350       0x33 .\CortexM3\ARM_GCC_493\Debug\Wave Generator.a(CyFlash.o)
 .ARM.attributes
                0x00000383       0x33 .\CortexM3\ARM_GCC_493\Debug\Wave Generator.a(CySpc.o)
 .ARM.attributes
                0x000003b6       0x2d c:/program files (x86)/cypress/psoc creator/3.3/psoc creator/import/gnu/arm/4.9.3/bin/../lib/gcc/arm-none-eabi/4.9.3/../../../../arm-none-eabi/lib/armv7-m\libg_nano.a(lib_a-exit.o)
 .ARM.attributes
                0x000003e3       0x2d c:/program files (x86)/cypress/psoc creator/3.3/psoc creator/import/gnu/arm/4.9.3/bin/../lib/gcc/arm-none-eabi/4.9.3/../../../../arm-none-eabi/lib/armv7-m\libg_nano.a(lib_a-impure.o)
 .ARM.attributes
                0x00000410       0x2d c:/program files (x86)/cypress/psoc creator/3.3/psoc creator/import/gnu/arm/4.9.3/bin/../lib/gcc/arm-none-eabi/4.9.3/../../../../arm-none-eabi/lib/armv7-m\libg_nano.a(lib_a-init.o)
 .ARM.attributes
                0x0000043d       0x2d c:/program files (x86)/cypress/psoc creator/3.3/psoc creator/import/gnu/arm/4.9.3/bin/../lib/gcc/arm-none-eabi/4.9.3/../../../../arm-none-eabi/lib/armv7-m\libg_nano.a(lib_a-malloc.o)
 .ARM.attributes
                0x0000046a       0x2d c:/program files (x86)/cypress/psoc creator/3.3/psoc creator/import/gnu/arm/4.9.3/bin/../lib/gcc/arm-none-eabi/4.9.3/../../../../arm-none-eabi/lib/armv7-m\libg_nano.a(lib_a-memcpy.o)
 .ARM.attributes
                0x00000497       0x2d c:/program files (x86)/cypress/psoc creator/3.3/psoc creator/import/gnu/arm/4.9.3/bin/../lib/gcc/arm-none-eabi/4.9.3/../../../../arm-none-eabi/lib/armv7-m\libg_nano.a(lib_a-memset.o)
 .ARM.attributes
                0x000004c4       0x2d c:/program files (x86)/cypress/psoc creator/3.3/psoc creator/import/gnu/arm/4.9.3/bin/../lib/gcc/arm-none-eabi/4.9.3/../../../../arm-none-eabi/lib/armv7-m\libg_nano.a(lib_a-nano-freer.o)
 .ARM.attributes
                0x000004f1       0x2d c:/program files (x86)/cypress/psoc creator/3.3/psoc creator/import/gnu/arm/4.9.3/bin/../lib/gcc/arm-none-eabi/4.9.3/../../../../arm-none-eabi/lib/armv7-m\libg_nano.a(lib_a-nano-mallocr.o)
 .ARM.attributes
                0x0000051e       0x2d c:/program files (x86)/cypress/psoc creator/3.3/psoc creator/import/gnu/arm/4.9.3/bin/../lib/gcc/arm-none-eabi/4.9.3/../../../../arm-none-eabi/lib/armv7-m\libg_nano.a(lib_a-sbrkr.o)
 .ARM.attributes
                0x0000054b       0x2d c:/program files (x86)/cypress/psoc creator/3.3/psoc creator/import/gnu/arm/4.9.3/bin/../lib/gcc/arm-none-eabi/4.9.3/../../../../arm-none-eabi/lib/armv7-m\libg_nano.a(lib_a-sprintf.o)
 .ARM.attributes
                0x00000578       0x2d c:/program files (x86)/cypress/psoc creator/3.3/psoc creator/import/gnu/arm/4.9.3/bin/../lib/gcc/arm-none-eabi/4.9.3/../../../../arm-none-eabi/lib/armv7-m\libg_nano.a(lib_a-nano-svfprintf.o)
 .ARM.attributes
                0x000005a5       0x2d c:/program files (x86)/cypress/psoc creator/3.3/psoc creator/import/gnu/arm/4.9.3/bin/../lib/gcc/arm-none-eabi/4.9.3/../../../../arm-none-eabi/lib/armv7-m\libg_nano.a(lib_a-nano-vfprintf_i.o)
 .ARM.attributes
                0x000005d2       0x2d c:/program files (x86)/cypress/psoc creator/3.3/psoc creator/import/gnu/arm/4.9.3/bin/../lib/gcc/arm-none-eabi/4.9.3/../../../../arm-none-eabi/lib/armv7-m\libg_nano.a(lib_a-reent.o)
 .ARM.attributes
                0x000005ff       0x2d c:/program files (x86)/cypress/psoc creator/3.3/psoc creator/import/gnu/arm/4.9.3/bin/../lib/gcc/arm-none-eabi/4.9.3/../../../../arm-none-eabi/lib/armv7-m\libg_nano.a(lib_a-memchr.o)
 .ARM.attributes
                0x0000062c       0x2d c:/program files (x86)/cypress/psoc creator/3.3/psoc creator/import/gnu/arm/4.9.3/bin/../lib/gcc/arm-none-eabi/4.9.3/../../../../arm-none-eabi/lib/armv7-m\libg_nano.a(lib_a-memmove.o)
 .ARM.attributes
                0x00000659       0x2d c:/program files (x86)/cypress/psoc creator/3.3/psoc creator/import/gnu/arm/4.9.3/bin/../lib/gcc/arm-none-eabi/4.9.3/../../../../arm-none-eabi/lib/armv7-m\libg_nano.a(lib_a-nano-reallocr.o)
 .ARM.attributes
                0x00000686       0x2d c:/program files (x86)/cypress/psoc creator/3.3/psoc creator/import/gnu/arm/4.9.3/bin/../lib/gcc/arm-none-eabi/4.9.3/../../../../arm-none-eabi/lib/armv7-m\libg_nano.a(lib_a-nano-msizer.o)
 .ARM.attributes
                0x000006b3       0x2d c:/program files (x86)/cypress/psoc creator/3.3/psoc creator/import/gnu/arm/4.9.3/bin/../lib/gcc/arm-none-eabi/4.9.3/armv7-m/crtend.o
 .ARM.attributes
                0x000006e0       0x1d c:/program files (x86)/cypress/psoc creator/3.3/psoc creator/import/gnu/arm/4.9.3/bin/../lib/gcc/arm-none-eabi/4.9.3/armv7-m/crtn.o
 .ARM.attributes
                0x000006fd       0x2d c:/program files (x86)/cypress/psoc creator/3.3/psoc creator/import/gnu/arm/4.9.3/bin/../lib/gcc/arm-none-eabi/4.9.3/../../../../arm-none-eabi/lib/armv7-m\libnosys.a(sbrk.o)

/DISCARD/
 *(.note.GNU-stack)
OUTPUT(.\CortexM3\ARM_GCC_493\Debug\Wave Generator.elf elf32-littlearm)
