Archive member included because of file (symbol)

.\CortexM3\ARM_GCC_493\Debug\Wave Generator.a(cyfitter_cfg.o)
                              .\CortexM3\ARM_GCC_493\Debug\Cm3Start.o (cyfitter_cfg)
.\CortexM3\ARM_GCC_493\Debug\Wave Generator.a(I2S.o)
                              .\CortexM3\ARM_GCC_493\Debug\main.o (I2S_Start)
.\CortexM3\ARM_GCC_493\Debug\Wave Generator.a(CyBootAsmGnu.o)
                              .\CortexM3\ARM_GCC_493\Debug\Wave Generator.a(cyfitter_cfg.o) (CyDelayCycles)
.\CortexM3\ARM_GCC_493\Debug\Wave Generator.a(CyDmac.o)
                              .\CortexM3\ARM_GCC_493\Debug\Cm3Start.o (CyDmacConfigure)
.\CortexM3\ARM_GCC_493\Debug\Wave Generator.a(CyLib.o)
                              .\CortexM3\ARM_GCC_493\Debug\main.o (CyDelay)
.\CortexM3\ARM_GCC_493\Debug\Wave Generator.a(cyPm.o)
                              .\CortexM3\ARM_GCC_493\Debug\Wave Generator.a(CyLib.o) (CyPmReadStatus)
.\CortexM3\ARM_GCC_493\Debug\Wave Generator.a(WaveDAC8.o)
                              .\CortexM3\ARM_GCC_493\Debug\main.o (WaveDAC8_Start)
.\CortexM3\ARM_GCC_493\Debug\Wave Generator.a(WaveDAC8_DacClk.o)
                              .\CortexM3\ARM_GCC_493\Debug\Wave Generator.a(WaveDAC8.o) (WaveDAC8_DacClk_Start)
.\CortexM3\ARM_GCC_493\Debug\Wave Generator.a(WaveDAC8_Wave1_DMA_dma.o)
                              .\CortexM3\ARM_GCC_493\Debug\Wave Generator.a(WaveDAC8.o) (WaveDAC8_Wave1_DMA_DmaInitialize)
.\CortexM3\ARM_GCC_493\Debug\Wave Generator.a(WaveDAC8_Wave2_DMA_dma.o)
                              .\CortexM3\ARM_GCC_493\Debug\Wave Generator.a(WaveDAC8.o) (WaveDAC8_Wave2_DMA_DmaInitialize)
.\CortexM3\ARM_GCC_493\Debug\Wave Generator.a(WaveDAC8_VDAC8.o)
                              .\CortexM3\ARM_GCC_493\Debug\Wave Generator.a(WaveDAC8.o) (WaveDAC8_VDAC8_Enable)
.\CortexM3\ARM_GCC_493\Debug\Wave Generator.a(ADC.o)
                              .\CortexM3\ARM_GCC_493\Debug\main.o (ADC_Start)
.\CortexM3\ARM_GCC_493\Debug\Wave Generator.a(ADC_INT.o)
                              .\CortexM3\ARM_GCC_493\Debug\Wave Generator.a(ADC.o) (ADC_ISR1)
.\CortexM3\ARM_GCC_493\Debug\Wave Generator.a(ADC_AMux.o)
                              .\CortexM3\ARM_GCC_493\Debug\Wave Generator.a(ADC.o) (ADC_AMux_Select)
.\CortexM3\ARM_GCC_493\Debug\Wave Generator.a(ADC_Ext_CP_Clk.o)
                              .\CortexM3\ARM_GCC_493\Debug\Wave Generator.a(ADC.o) (ADC_Ext_CP_Clk_SetModeRegister)
.\CortexM3\ARM_GCC_493\Debug\Wave Generator.a(ADC_theACLK.o)
                              .\CortexM3\ARM_GCC_493\Debug\Wave Generator.a(ADC.o) (ADC_theACLK_SetModeRegister)
.\CortexM3\ARM_GCC_493\Debug\Wave Generator.a(RxDMA_dma.o)
                              .\CortexM3\ARM_GCC_493\Debug\main.o (RxDMA_DmaInitialize)
.\CortexM3\ARM_GCC_493\Debug\Wave Generator.a(TxDMA_0_dma.o)
                              .\CortexM3\ARM_GCC_493\Debug\main.o (TxDMA_0_DmaInitialize)
.\CortexM3\ARM_GCC_493\Debug\Wave Generator.a(TxDMA_1_dma.o)
                              .\CortexM3\ARM_GCC_493\Debug\main.o (TxDMA_1_DmaInitialize)
.\CortexM3\ARM_GCC_493\Debug\Wave Generator.a(UART.o)
                              .\CortexM3\ARM_GCC_493\Debug\main.o (UART_Start)
.\CortexM3\ARM_GCC_493\Debug\Wave Generator.a(UART_IntClock.o)
                              .\CortexM3\ARM_GCC_493\Debug\Wave Generator.a(UART.o) (UART_IntClock_Start)
.\CortexM3\ARM_GCC_493\Debug\Wave Generator.a(CyFlash.o)
                              .\CortexM3\ARM_GCC_493\Debug\Wave Generator.a(cyPm.o) (CyFlash_SetWaitCycles)
.\CortexM3\ARM_GCC_493\Debug\Wave Generator.a(CySpc.o)
                              .\CortexM3\ARM_GCC_493\Debug\Wave Generator.a(CyFlash.o) (CySpcStart)
c:/program files (x86)/cypress/psoc creator/3.3/psoc creator/import/gnu/arm/4.9.3/bin/../lib/gcc/arm-none-eabi/4.9.3/armv7-m\libgcc.a(_arm_addsubdf3.o)
                              .\CortexM3\ARM_GCC_493\Debug\Wave Generator.a(ADC.o) (__aeabi_f2d)
c:/program files (x86)/cypress/psoc creator/3.3/psoc creator/import/gnu/arm/4.9.3/bin/../lib/gcc/arm-none-eabi/4.9.3/armv7-m\libgcc.a(_arm_cmpdf2.o)
                              .\CortexM3\ARM_GCC_493\Debug\Wave Generator.a(ADC.o) (__aeabi_dcmpgt)
c:/program files (x86)/cypress/psoc creator/3.3/psoc creator/import/gnu/arm/4.9.3/bin/../lib/gcc/arm-none-eabi/4.9.3/armv7-m\libgcc.a(_arm_addsubsf3.o)
                              .\CortexM3\ARM_GCC_493\Debug\Wave Generator.a(ADC.o) (__aeabi_ui2f)
c:/program files (x86)/cypress/psoc creator/3.3/psoc creator/import/gnu/arm/4.9.3/bin/../lib/gcc/arm-none-eabi/4.9.3/armv7-m\libgcc.a(_arm_muldivsf3.o)
                              .\CortexM3\ARM_GCC_493\Debug\Wave Generator.a(ADC.o) (__aeabi_fmul)
c:/program files (x86)/cypress/psoc creator/3.3/psoc creator/import/gnu/arm/4.9.3/bin/../lib/gcc/arm-none-eabi/4.9.3/armv7-m\libgcc.a(_arm_fixunssfsi.o)
                              .\CortexM3\ARM_GCC_493\Debug\Wave Generator.a(ADC.o) (__aeabi_f2uiz)
[...]
Memory Configuration

Name             Origin             Length             Attributes
rom              0x00000000         0x00040000         xr
ram              0x1fff8000         0x00010000         xrw
*default*        0x00000000         0xffffffff

Linker script and memory map

LOAD c:/program files (x86)/cypress/psoc creator/3.3/psoc creator/import/gnu/arm/4.9.3/bin/../lib/gcc/arm-none-eabi/4.9.3/armv7-m/crti.o
LOAD c:/program files (x86)/cypress/psoc creator/3.3/psoc creator/import/gnu/arm/4.9.3/bin/../lib/gcc/arm-none-eabi/4.9.3/armv7-m/crtbegin.o
LOAD c:/program files (x86)/cypress/psoc creator/3.3/psoc creator/import/gnu/arm/4.9.3/bin/../lib/gcc/arm-none-eabi/4.9.3/../../../../arm-none-eabi/lib/armv7-m/crt0.o
START GROUP
LOAD .\CortexM3\ARM_GCC_493\Debug\main.o
LOAD .\CortexM3\ARM_GCC_493\Debug\cymetadata.o
LOAD .\CortexM3\ARM_GCC_493\Debug\Cm3Start.o
LOAD .\CortexM3\ARM_GCC_493\Debug\Wave Generator.a
LOAD C:\Program Files (x86)\Cypress\PSoC Creator\3.3\PSoC Creator\psoc\content\cycomponentlibrary\CyComponentLibrary.cylib\CortexM3\ARM_GCC_493\Debug\CyComponentLibrary.a
END GROUP
START GROUP
LOAD c:/program files (x86)/cypress/psoc creator/3.3/psoc creator/import/gnu/arm/4.9.3/bin/../lib/gcc/arm-none-eabi/4.9.3/armv7-m\libgcc.a
LOAD c:/program files (x86)/cypress/psoc creator/3.3/psoc creator/import/gnu/arm/4.9.3/bin/../lib/gcc/arm-none-eabi/4.9.3/../../../../arm-none-eabi/lib/armv7-m\libg_nano.a
LOAD c:/program files (x86)/cypress/psoc creator/3.3/psoc creator/import/gnu/arm/4.9.3/bin/../lib/gcc/arm-none-eabi/4.9.3/../../../../arm-none-eabi/lib/armv7-m\libc_nano.a
END GROUP
START GROUP
LOAD c:/program files (x86)/cypress/psoc creator/3.3/psoc creator/import/gnu/arm/4.9.3/bin/../lib/gcc/arm-none-eabi/4.9.3/armv7-m\libgcc.a
LOAD c:/program files (x86)/cypress/psoc creator/3.3/psoc creator/import/gnu/arm/4.9.3/bin/../lib/gcc/arm-none-eabi/4.9.3/../../../../arm-none-eabi/lib/armv7-m\libc_nano.a
END GROUP
LOAD c:/program files (x86)/cypress/psoc creator/3.3/psoc creator/import/gnu/arm/4.9.3/bin/../lib/gcc/arm-none-eabi/4.9.3/armv7-m/crtend.o
LOAD c:/program files (x86)/cypress/psoc creator/3.3/psoc creator/import/gnu/arm/4.9.3/bin/../lib/gcc/arm-none-eabi/4.9.3/armv7-m/crtn.o
START GROUP
LOAD c:/program files (x86)/cypress/psoc creator/3.3/psoc creator/import/gnu/arm/4.9.3/bin/../lib/gcc/arm-none-eabi/4.9.3/armv7-m\libgcc.a
LOAD c:/program files (x86)/cypress/psoc creator/3.3/psoc creator/import/gnu/arm/4.9.3/bin/../lib/gcc/arm-none-eabi/4.9.3/../../../../arm-none-eabi/lib/armv7-m\libc.a
LOAD c:/program files (x86)/cypress/psoc creator/3.3/psoc creator/import/gnu/arm/4.9.3/bin/../lib/gcc/arm-none-eabi/4.9.3/../../../../arm-none-eabi/lib/armv7-m\libnosys.a
END GROUP
                0x00000000                CY_APPL_ORIGIN = 0x0
                0x00000100                CY_FLASH_ROW_SIZE = 0x100
                0x00000020                CY_ECC_ROW_SIZE = 0x20
                0x00000000                CY_EE_IN_BTLDR = 0x0
                0x00000000                CY_APPL_LOADABLE = 0x0
                0x00000800                CY_EE_SIZE = 0x800
                0x00000001                CY_APPL_NUM = 0x1
                0x00000001                CY_APPL_MAX = 0x1
                0x00000040                CY_METADATA_SIZE = 0x40
                0x200001f0                PROVIDE (__cy_heap_start, _end)
                0x00000001                PROVIDE (__cy_region_num, ((__cy_regions_end - __cy_regions) / 0x10))
                0x20008000                PROVIDE (__cy_stack, (ORIGIN (ram) + 0x10000))
                0x20004000                PROVIDE (__cy_heap_end, (__cy_stack - 0x4000))

.cybootloader   0x00000000        0x0
 *(.cybootloader)
                0x00000000                appl1_start = CY_APPL_ORIGIN?CY_APPL_ORIGIN:ALIGN (CY_FLASH_ROW_SIZE)
                0x0001ff00                appl2_start = (appl1_start + ALIGN ((((0x40000 - appl1_start) - (0x2 * CY_FLASH_ROW_SIZE)) / 0x2), CY_FLASH_ROW_SIZE))
                0x00000000                appl_start = (CY_APPL_NUM == 0x1)?appl1_start:appl2_start
                0x00000000                ecc_offset = ((appl_start / CY_FLASH_ROW_SIZE) * CY_ECC_ROW_SIZE)
                0x00000000                ee_offset = (CY_APPL_LOADABLE && ! (CY_EE_IN_BTLDR))?((CY_EE_SIZE / CY_APPL_MAX) * (CY_APPL_NUM - 0x1)):0x0
                0x00000800                ee_size = (CY_APPL_LOADABLE && ! (CY_EE_IN_BTLDR))?(CY_EE_SIZE / CY_APPL_MAX):CY_EE_SIZE
                0x00000000                PROVIDE (CY_ECC_OFFSET, ecc_offset)

.text           0x00000000     0x1b98
 CREATE_OBJECT_SYMBOLS
                0x00000000                PROVIDE (__cy_interrupt_vector, RomVectors)
 *(.romvectors)
 .romvectors    0x00000000       0x10 .\CortexM3\ARM_GCC_493\Debug\Cm3Start.o
                0x00000000                RomVectors
                0x00000001                ASSERT ((. != __cy_interrupt_vector), No interrupt vector)
                0x00000001                ASSERT (CY_APPL_ORIGIN?(SIZEOF (.cybootloader) <= CY_APPL_ORIGIN):0x1, Wrong image location)
                0x00000010                PROVIDE (__cy_reset, Reset)
 *(.text.Reset)
 .text.Reset    0x00000010       0x18 .\CortexM3\ARM_GCC_493\Debug\Cm3Start.o
                0x00000010                Reset
                0x00000001                ASSERT ((. != __cy_reset), No reset code)
 *(.dma_init)
                0x00000001                ASSERT ((((appl_start + .) <= 0x10000) || 0x1), DMA Init must be within the first 64k of flash)
 *(.text .text.* .gnu.linkonce.t.*)
 .text          0x00000028       0x5c c:/program files (x86)/cypress/psoc creator/3.3/psoc creator/import/gnu/arm/4.9.3/bin/../lib/gcc/arm-none-eabi/4.9.3/armv7-m/crtbegin.o
 .text.DmaRxConfiguration
                0x00000084       0x4c .\CortexM3\ARM_GCC_493\Debug\main.o
 .text.DmaTxConfiguration
                0x000000d0       0xa8 .\CortexM3\ARM_GCC_493\Debug\main.o
 .text.main     0x00000178       0xa0 .\CortexM3\ARM_GCC_493\Debug\main.o
                0x00000178                main
 .text.IntDefaultHandler
                0x00000218        0x4 .\CortexM3\ARM_GCC_493\Debug\Cm3Start.o
                0x00000218                IntDefaultHandler
 .text.Start_c  0x0000021c       0x50 .\CortexM3\ARM_GCC_493\Debug\Cm3Start.o
                0x0000021c                Start_c
 .text.initialize_psoc
                0x0000026c       0x78 .\CortexM3\ARM_GCC_493\Debug\Cm3Start.o
                0x0000026c                initialize_psoc
 .text.CyClockStartupError
                0x000002e4        0x4 .\CortexM3\ARM_GCC_493\Debug\Wave Generator.a(cyfitter_cfg.o)
 .text.cfg_write_bytes32
                0x000002e8       0x34 .\CortexM3\ARM_GCC_493\Debug\Wave Generator.a(cyfitter_cfg.o)
 .text.AnalogSetDefault
                0x0000031c       0x50 .\CortexM3\ARM_GCC_493\Debug\Wave Generator.a(cyfitter_cfg.o)
 .text.CYMEMZERO
                0x0000036c        0xc .\CortexM3\ARM_GCC_493\Debug\Wave Generator.a(cyfitter_cfg.o)
 .text.CYCONFIGCPY
                0x00000378        0x8 .\CortexM3\ARM_GCC_493\Debug\Wave Generator.a(cyfitter_cfg.o)
 .text.ClockSetup
                0x00000380      0x104 .\CortexM3\ARM_GCC_493\Debug\Wave Generator.a(cyfitter_cfg.o)
 .text.ADC_AMux_Set
                0x00000484       0x1c .\CortexM3\ARM_GCC_493\Debug\Wave Generator.a(cyfitter_cfg.o)
                0x00000484                ADC_AMux_Set
 .text.ADC_AMux_Unset
                0x000004a0       0x1c .\CortexM3\ARM_GCC_493\Debug\Wave Generator.a(cyfitter_cfg.o)
                0x000004a0                ADC_AMux_Unset
 .text.cyfitter_cfg
                0x000004bc      0x158 .\CortexM3\ARM_GCC_493\Debug\Wave Generator.a(cyfitter_cfg.o)
                0x000004bc                cyfitter_cfg
 .text.I2S_Enable
                0x00000614       0x28 .\CortexM3\ARM_GCC_493\Debug\Wave Generator.a(I2S.o)
                0x00000614                I2S_Enable
 .text.I2S_Init
                0x0000063c       0x28 .\CortexM3\ARM_GCC_493\Debug\Wave Generator.a(I2S.o)
                0x0000063c                I2S_Init
 .text.I2S_Start
                0x00000664       0x1c .\CortexM3\ARM_GCC_493\Debug\Wave Generator.a(I2S.o)
                0x00000664                I2S_Start
 .text.I2S_EnableTx
                0x00000680       0x28 .\CortexM3\ARM_GCC_493\Debug\Wave Generator.a(I2S.o)
                0x00000680                I2S_EnableTx
 .text.I2S_EnableRx
                0x000006a8       0x28 .\CortexM3\ARM_GCC_493\Debug\Wave Generator.a(I2S.o)
                0x000006a8                I2S_EnableRx
 .text          0x000006d0       0x20 .\CortexM3\ARM_GCC_493\Debug\Wave Generator.a(CyBootAsmGnu.o)
                0x000006d0                CyDelayCycles
                0x000006e0                CyEnterCriticalSection
                0x000006e8                CyExitCriticalSection
 .text.CyDmacConfigure
                0x000006f0       0x34 .\CortexM3\ARM_GCC_493\Debug\Wave Generator.a(CyDmac.o)
                0x000006f0                CyDmacConfigure
 .text.CyDmaChEnable
                0x00000724       0x38 .\CortexM3\ARM_GCC_493\Debug\Wave Generator.a(CyDmac.o)
                0x00000724                CyDmaChEnable
 .text.CyDmaChPriority
                0x0000075c       0x24 .\CortexM3\ARM_GCC_493\Debug\Wave Generator.a(CyDmac.o)
                0x0000075c                CyDmaChPriority
 .text.CyDmaChSetExtendedAddress
                0x00000780       0x34 .\CortexM3\ARM_GCC_493\Debug\Wave Generator.a(CyDmac.o)
                0x00000780                CyDmaChSetExtendedAddress
 .text.CyDmaChSetInitialTd
                0x000007b4       0x18 .\CortexM3\ARM_GCC_493\Debug\Wave Generator.a(CyDmac.o)
                0x000007b4                CyDmaChSetInitialTd
 .text.CyDmaChSetConfiguration
                0x000007cc       0x48 .\CortexM3\ARM_GCC_493\Debug\Wave Generator.a(CyDmac.o)
                0x000007cc                CyDmaChSetConfiguration
 .text.CyDmaTdAllocate
                0x00000814       0x34 .\CortexM3\ARM_GCC_493\Debug\Wave Generator.a(CyDmac.o)
                0x00000814                CyDmaTdAllocate
 .text.CyDmaTdSetConfiguration
                0x00000848       0x28 .\CortexM3\ARM_GCC_493\Debug\Wave Generator.a(CyDmac.o)
                0x00000848                CyDmaTdSetConfiguration
 .text.CyDmaTdSetAddress
                0x00000870       0x1c .\CortexM3\ARM_GCC_493\Debug\Wave Generator.a(CyDmac.o)
                0x00000870                CyDmaTdSetAddress
 .text.CyHalt   0x0000088c        0x4 .\CortexM3\ARM_GCC_493\Debug\Wave Generator.a(CyLib.o)
                0x0000088c                CyHalt
 .text.CyDelay  0x00000890       0x2c .\CortexM3\ARM_GCC_493\Debug\Wave Generator.a(CyLib.o)
                0x00000890                CyDelay
 .text.CyDelayUs
                0x000008bc       0x14 .\CortexM3\ARM_GCC_493\Debug\Wave Generator.a(CyLib.o)
                0x000008bc                CyDelayUs
 .text.CyIntSetVector
                0x000008d0       0x28 .\CortexM3\ARM_GCC_493\Debug\Wave Generator.a(CyLib.o)
                0x000008d0                CyIntSetVector
 .text.CyIntSetPriority
                0x000008f8       0x30 .\CortexM3\ARM_GCC_493\Debug\Wave Generator.a(CyLib.o)
                0x000008f8                CyIntSetPriority
 .text.WaveDAC8_Enable
                0x00000928       0x28 .\CortexM3\ARM_GCC_493\Debug\Wave Generator.a(WaveDAC8.o)
                0x00000928                WaveDAC8_Enable
 .text.WaveDAC8_Wave1Setup
                0x00000950       0x40 .\CortexM3\ARM_GCC_493\Debug\Wave Generator.a(WaveDAC8.o)
                0x00000950                WaveDAC8_Wave1Setup
 .text.WaveDAC8_Wave2Setup
                0x00000990       0x40 .\CortexM3\ARM_GCC_493\Debug\Wave Generator.a(WaveDAC8.o)
                0x00000990                WaveDAC8_Wave2Setup
 .text.WaveDAC8_Init
                0x000009d0       0x40 .\CortexM3\ARM_GCC_493\Debug\Wave Generator.a(WaveDAC8.o)
                0x000009d0                WaveDAC8_Init
 .text.WaveDAC8_Start
                0x00000a10       0x1c .\CortexM3\ARM_GCC_493\Debug\Wave Generator.a(WaveDAC8.o)
                0x00000a10                WaveDAC8_Start
 .text.WaveDAC8_DacClk_Start
                0x00000a2c       0x1c .\CortexM3\ARM_GCC_493\Debug\Wave Generator.a(WaveDAC8_DacClk.o)
                0x00000a2c                WaveDAC8_DacClk_Start
 .text.WaveDAC8_Wave1_DMA_DmaInitialize
                0x00000a48       0x3c .\CortexM3\ARM_GCC_493\Debug\Wave Generator.a(WaveDAC8_Wave1_DMA_dma.o)
                0x00000a48                WaveDAC8_Wave1_DMA_DmaInitialize
 .text.WaveDAC8_Wave2_DMA_DmaInitialize
                0x00000a84       0x3c .\CortexM3\ARM_GCC_493\Debug\Wave Generator.a(WaveDAC8_Wave2_DMA_dma.o)
                0x00000a84                WaveDAC8_Wave2_DMA_DmaInitialize
 .text.WaveDAC8_VDAC8_Enable
                0x00000ac0       0x1c .\CortexM3\ARM_GCC_493\Debug\Wave Generator.a(WaveDAC8_VDAC8.o)
                0x00000ac0                WaveDAC8_VDAC8_Enable
 .text.WaveDAC8_VDAC8_SetSpeed
                0x00000adc       0x1c .\CortexM3\ARM_GCC_493\Debug\Wave Generator.a(WaveDAC8_VDAC8.o)
                0x00000adc                WaveDAC8_VDAC8_SetSpeed
 .text.WaveDAC8_VDAC8_SetValue
                0x00000af8        0xc .\CortexM3\ARM_GCC_493\Debug\Wave Generator.a(WaveDAC8_VDAC8.o)
                0x00000af8                WaveDAC8_VDAC8_SetValue
 .text.WaveDAC8_VDAC8_DacTrim
                0x00000b04       0x24 .\CortexM3\ARM_GCC_493\Debug\Wave Generator.a(WaveDAC8_VDAC8.o)
                0x00000b04                WaveDAC8_VDAC8_DacTrim
 .text.WaveDAC8_VDAC8_SetRange
                0x00000b28       0x20 .\CortexM3\ARM_GCC_493\Debug\Wave Generator.a(WaveDAC8_VDAC8.o)
                0x00000b28                WaveDAC8_VDAC8_SetRange
 .text.WaveDAC8_VDAC8_Init
                0x00000b48       0x2c .\CortexM3\ARM_GCC_493\Debug\Wave Generator.a(WaveDAC8_VDAC8.o)
                0x00000b48                WaveDAC8_VDAC8_Init
 .text.ADC_GainCompensation
                0x00000b74       0xcc .\CortexM3\ARM_GCC_493\Debug\Wave Generator.a(ADC.o)
 .text.ADC_SetDSMRef0Reg
                0x00000c40       0x4c .\CortexM3\ARM_GCC_493\Debug\Wave Generator.a(ADC.o)
 .text.ADC_InitConfig
                0x00000c8c       0xe0 .\CortexM3\ARM_GCC_493\Debug\Wave Generator.a(ADC.o)
 .text.ADC_Init
                0x00000d6c       0xc4 .\CortexM3\ARM_GCC_493\Debug\Wave Generator.a(ADC.o)
                0x00000d6c                ADC_Init
 .text.ADC_Enable
                0x00000e30       0xd8 .\CortexM3\ARM_GCC_493\Debug\Wave Generator.a(ADC.o)
                0x00000e30                ADC_Enable
 .text.ADC_Start
                0x00000f08       0x28 .\CortexM3\ARM_GCC_493\Debug\Wave Generator.a(ADC.o)
                0x00000f08                ADC_Start
 .text.ADC_StartConvert
                0x00000f30       0x10 .\CortexM3\ARM_GCC_493\Debug\Wave Generator.a(ADC.o)
                0x00000f30                ADC_StartConvert
 .text.ADC_ISR1
                0x00000f40        0x4 .\CortexM3\ARM_GCC_493\Debug\Wave Generator.a(ADC_INT.o)
                0x00000f40                ADC_ISR1
 .text.ADC_AMux_Start
                0x00000f44       0x20 .\CortexM3\ARM_GCC_493\Debug\Wave Generator.a(ADC_AMux.o)
                0x00000f44                ADC_AMux_Start
 .text.ADC_AMux_Select
                0x00000f64       0x18 .\CortexM3\ARM_GCC_493\Debug\Wave Generator.a(ADC_AMux.o)
                0x00000f64                ADC_AMux_Select
 .text.ADC_Ext_CP_Clk_GetDividerRegister
                0x00000f7c        0xc .\CortexM3\ARM_GCC_493\Debug\Wave Generator.a(ADC_Ext_CP_Clk.o)
                0x00000f7c                ADC_Ext_CP_Clk_GetDividerRegister
 .text.ADC_Ext_CP_Clk_SetModeRegister
                0x00000f88       0x14 .\CortexM3\ARM_GCC_493\Debug\Wave Generator.a(ADC_Ext_CP_Clk.o)
                0x00000f88                ADC_Ext_CP_Clk_SetModeRegister
 .text.ADC_Ext_CP_Clk_GetSourceRegister
                0x00000f9c       0x10 .\CortexM3\ARM_GCC_493\Debug\Wave Generator.a(ADC_Ext_CP_Clk.o)
                0x00000f9c                ADC_Ext_CP_Clk_GetSourceRegister
 .text.ADC_Ext_CP_Clk_SetDividerRegister
                0x00000fac       0xd8 .\CortexM3\ARM_GCC_493\Debug\Wave Generator.a(ADC_Ext_CP_Clk.o)
                0x00000fac                ADC_Ext_CP_Clk_SetDividerRegister
 .text.ADC_theACLK_GetDividerRegister
                0x00001084        0xc .\CortexM3\ARM_GCC_493\Debug\Wave Generator.a(ADC_theACLK.o)
                0x00001084                ADC_theACLK_GetDividerRegister
 .text.ADC_theACLK_SetModeRegister
                0x00001090       0x14 .\CortexM3\ARM_GCC_493\Debug\Wave Generator.a(ADC_theACLK.o)
                0x00001090                ADC_theACLK_SetModeRegister
 .text.ADC_theACLK_GetSourceRegister
                0x000010a4       0x10 .\CortexM3\ARM_GCC_493\Debug\Wave Generator.a(ADC_theACLK.o)
                0x000010a4                ADC_theACLK_GetSourceRegister
 .text.ADC_theACLK_SetDividerRegister
                0x000010b4       0xd8 .\CortexM3\ARM_GCC_493\Debug\Wave Generator.a(ADC_theACLK.o)
                0x000010b4                ADC_theACLK_SetDividerRegister
 .text.RxDMA_DmaInitialize
                0x0000118c       0x3c .\CortexM3\ARM_GCC_493\Debug\Wave Generator.a(RxDMA_dma.o)
                0x0000118c                RxDMA_DmaInitialize
 .text.TxDMA_0_DmaInitialize
                0x000011c8       0x3c .\CortexM3\ARM_GCC_493\Debug\Wave Generator.a(TxDMA_0_dma.o)
                0x000011c8                TxDMA_0_DmaInitialize
 .text.TxDMA_1_DmaInitialize
                0x00001204       0x40 .\CortexM3\ARM_GCC_493\Debug\Wave Generator.a(TxDMA_1_dma.o)
                0x00001204                TxDMA_1_DmaInitialize
 .text.UART_Init
                0x00001244       0x18 .\CortexM3\ARM_GCC_493\Debug\Wave Generator.a(UART.o)
                0x00001244                UART_Init
 .text.UART_Enable
                0x0000125c       0x24 .\CortexM3\ARM_GCC_493\Debug\Wave Generator.a(UART.o)
                0x0000125c                UART_Enable
 .text.UART_Start
                0x00001280       0x1c .\CortexM3\ARM_GCC_493\Debug\Wave Generator.a(UART.o)
                0x00001280                UART_Start
 .text.UART_PutChar
                0x0000129c       0x18 .\CortexM3\ARM_GCC_493\Debug\Wave Generator.a(UART.o)
                0x0000129c                UART_PutChar
 .text.UART_PutString
                0x000012b4       0x24 .\CortexM3\ARM_GCC_493\Debug\Wave Generator.a(UART.o)
                0x000012b4                UART_PutString
 .text.UART_IntClock_Start
                0x000012d8       0x1c .\CortexM3\ARM_GCC_493\Debug\Wave Generator.a(UART_IntClock.o)
                0x000012d8                UART_IntClock_Start
 .text.__libc_init_array
                0x000012f4       0x4c c:/program files (x86)/cypress/psoc creator/3.3/psoc creator/import/gnu/arm/4.9.3/bin/../lib/gcc/arm-none-eabi/4.9.3/../../../../arm-none-eabi/lib/armv7-m\libg_nano.a(lib_a-init.o)
                0x000012f4                __libc_init_array
 .text.memcpy   0x00001340       0x16 c:/program files (x86)/cypress/psoc creator/3.3/psoc creator/import/gnu/arm/4.9.3/bin/../lib/gcc/arm-none-eabi/4.9.3/../../../../arm-none-eabi/lib/armv7-m\libg_nano.a(lib_a-memcpy.o)
                0x00001340                memcpy
 .text.memset   0x00001356       0x10 c:/program files (x86)/cypress/psoc creator/3.3/psoc creator/import/gnu/arm/4.9.3/bin/../lib/gcc/arm-none-eabi/4.9.3/../../../../arm-none-eabi/lib/armv7-m\libg_nano.a(lib_a-memset.o)
                0x00001356                memset
 *fill*         0x00001366        0x2 
 .text.sprintf  0x00001368       0x48 c:/program files (x86)/cypress/psoc creator/3.3/psoc creator/import/gnu/arm/4.9.3/bin/../lib/gcc/arm-none-eabi/4.9.3/../../../../arm-none-eabi/lib/armv7-m\libg_nano.a(lib_a-sprintf.o)
                0x00001368                siprintf
                0x00001368                sprintf
 .text.__ssputs_r
                0x000013b0       0xb2 c:/program files (x86)/cypress/psoc creator/3.3/psoc creator/import/gnu/arm/4.9.3/bin/../lib/gcc/arm-none-eabi/4.9.3/../../../../arm-none-eabi/lib/armv7-m\libg_nano.a(lib_a-nano-svfprintf.o)
                0x000013b0                __ssputs_r
 *fill*         0x00001462        0x2 
 .text._svfprintf_r
                0x00001464      0x1e4 c:/program files (x86)/cypress/psoc creator/3.3/psoc creator/import/gnu/arm/4.9.3/bin/../lib/gcc/arm-none-eabi/4.9.3/../../../../arm-none-eabi/lib/armv7-m\libg_nano.a(lib_a-nano-svfprintf.o)
                0x00001464                _svfiprintf_r
                0x00001464                _svfprintf_r
 .text._printf_common
                0x00001648       0xea c:/program files (x86)/cypress/psoc creator/3.3/psoc creator/import/gnu/arm/4.9.3/bin/../lib/gcc/arm-none-eabi/4.9.3/../../../../arm-none-eabi/lib/armv7-m\libg_nano.a(lib_a-nano-vfprintf_i.o)
                0x00001648                _printf_common
 *fill*         0x00001732        0x2 
 .text._printf_i
                0x00001734      0x240 c:/program files (x86)/cypress/psoc creator/3.3/psoc creator/import/gnu/arm/4.9.3/bin/../lib/gcc/arm-none-eabi/4.9.3/../../../../arm-none-eabi/lib/armv7-m\libg_nano.a(lib_a-nano-vfprintf_i.o)
                0x00001734                _printf_i
 .text.memchr   0x00001974       0x1c c:/program files (x86)/cypress/psoc creator/3.3/psoc creator/import/gnu/arm/4.9.3/bin/../lib/gcc/arm-none-eabi/4.9.3/../../../../arm-none-eabi/lib/armv7-m\libg_nano.a(lib_a-memchr.o)
                0x00001974                memchr
 .text.memmove  0x00001990       0x36 c:/program files (x86)/cypress/psoc creator/3.3/psoc creator/import/gnu/arm/4.9.3/bin/../lib/gcc/arm-none-eabi/4.9.3/../../../../arm-none-eabi/lib/armv7-m\libg_nano.a(lib_a-memmove.o)
                0x00001990                memmove
 *fill*         0x000019c6        0x2 
 .text._free_r  0x000019c8       0x88 c:/program files (x86)/cypress/psoc creator/3.3/psoc creator/import/gnu/arm/4.9.3/bin/../lib/gcc/arm-none-eabi/4.9.3/../../../../arm-none-eabi/lib/armv7-m\libg_nano.a(lib_a-nano-freer.o)
                0x000019c8                _free_r
 .text._malloc_r
                0x00001a50       0xac c:/program files (x86)/cypress/psoc creator/3.3/psoc creator/import/gnu/arm/4.9.3/bin/../lib/gcc/arm-none-eabi/4.9.3/../../../../arm-none-eabi/lib/armv7-m\libg_nano.a(lib_a-nano-mallocr.o)
                0x00001a50                _malloc_r
 .text._realloc_r
                0x00001afc       0x4c c:/program files (x86)/cypress/psoc creator/3.3/psoc creator/import/gnu/arm/4.9.3/bin/../lib/gcc/arm-none-eabi/4.9.3/../../../../arm-none-eabi/lib/armv7-m\libg_nano.a(lib_a-nano-reallocr.o)
                0x00001afc                _realloc_r
 .text._sbrk_r  0x00001b48       0x20 c:/program files (x86)/cypress/psoc creator/3.3/psoc creator/import/gnu/arm/4.9.3/bin/../lib/gcc/arm-none-eabi/4.9.3/../../../../arm-none-eabi/lib/armv7-m\libg_nano.a(lib_a-sbrkr.o)
                0x00001b48                _sbrk_r
 .text._malloc_usable_size_r
                0x00001b68       0x14 c:/program files (x86)/cypress/psoc creator/3.3/psoc creator/import/gnu/arm/4.9.3/bin/../lib/gcc/arm-none-eabi/4.9.3/../../../../arm-none-eabi/lib/armv7-m\libg_nano.a(lib_a-nano-msizer.o)
                0x00001b68                _malloc_usable_size_r
 .text._sbrk    0x00001b7c       0x1c c:/program files (x86)/cypress/psoc creator/3.3/psoc creator/import/gnu/arm/4.9.3/bin/../lib/gcc/arm-none-eabi/4.9.3/../../../../arm-none-eabi/lib/armv7-m\libnosys.a(sbrk.o)
                0x00001b7c                _sbrk
 *(.plt)
 *(.gnu.warning)
 *(.glue_7t)
 .glue_7t       0x00000000        0x0 linker stubs
 *(.glue_7)
 .glue_7        0x00000000        0x0 linker stubs
 *(.vfp11_veneer)
 .vfp11_veneer  0x00000000        0x0 linker stubs
 *(.bootloader)
 *(.ARM.extab* .gnu.linkonce.armextab.*)
 *(.gcc_except_table)

.v4_bx          0x00001b98        0x0
 .v4_bx         0x00000000        0x0 linker stubs

.iplt           0x00001b98        0x0
 .iplt          0x00000000        0x0 c:/program files (x86)/cypress/psoc creator/3.3/psoc creator/import/gnu/arm/4.9.3/bin/../lib/gcc/arm-none-eabi/4.9.3/armv7-m/crtbegin.o

.eh_frame_hdr
 *(.eh_frame_hdr)

.eh_frame       0x00001b98        0x4
 *(.eh_frame)
 .eh_frame      0x00001b98        0x0 c:/program files (x86)/cypress/psoc creator/3.3/psoc creator/import/gnu/arm/4.9.3/bin/../lib/gcc/arm-none-eabi/4.9.3/armv7-m/crtbegin.o
 .eh_frame      0x00001b98        0x4 c:/program files (x86)/cypress/psoc creator/3.3/psoc creator/import/gnu/arm/4.9.3/bin/../lib/gcc/arm-none-eabi/4.9.3/armv7-m/crtend.o
                0x00001b9c                PROVIDE (__exidx_start, .)

.ARM.exidx
 *(.ARM.exidx* .gnu.linkonce.armexidx.*)
                0x00001b9c                __exidx_end = .

.rodata         0x00001b9c      0x1ac
 *(.rodata .rodata.* .gnu.linkonce.r.*)
 .rodata.str1.4
                0x00001b9c        0xc .\CortexM3\ARM_GCC_493\Debug\main.o
 .rodata        0x00001ba8       0x68 .\CortexM3\ARM_GCC_493\Debug\Wave Generator.a(cyfitter_cfg.o)
                0x00001ba8                ADC_AMux__addrTable
                0x00001bb0                ADC_AMux__maskTable
 .rodata        0x00001c10       0xc8 .\CortexM3\ARM_GCC_493\Debug\Wave Generator.a(WaveDAC8.o)
                0x00001c10                WaveDAC8_wave1
                0x00001c74                WaveDAC8_wave2
 .rodata.str1.1
                0x00001cd8        0x2 c:/program files (x86)/cypress/psoc creator/3.3/psoc creator/import/gnu/arm/4.9.3/bin/../lib/gcc/arm-none-eabi/4.9.3/../../../../arm-none-eabi/lib/armv7-m\libg_nano.a(lib_a-impure.o)
 .rodata.str1.1
                0x00001cda       0x11 c:/program files (x86)/cypress/psoc creator/3.3/psoc creator/import/gnu/arm/4.9.3/bin/../lib/gcc/arm-none-eabi/4.9.3/../../../../arm-none-eabi/lib/armv7-m\libg_nano.a(lib_a-nano-svfprintf.o)
 .rodata.str1.1
                0x00001ceb       0x22 c:/program files (x86)/cypress/psoc creator/3.3/psoc creator/import/gnu/arm/4.9.3/bin/../lib/gcc/arm-none-eabi/4.9.3/../../../../arm-none-eabi/lib/armv7-m\libg_nano.a(lib_a-nano-vfprintf_i.o)
                0x00001d10                . = ALIGN (0x4)
 *fill*         0x00001d0d        0x3 
 *(.init)
 .init          0x00001d10        0x4 c:/program files (x86)/cypress/psoc creator/3.3/psoc creator/import/gnu/arm/4.9.3/bin/../lib/gcc/arm-none-eabi/4.9.3/armv7-m/crti.o
                0x00001d10                _init
 .init          0x00001d14        0x8 c:/program files (x86)/cypress/psoc creator/3.3/psoc creator/import/gnu/arm/4.9.3/bin/../lib/gcc/arm-none-eabi/4.9.3/armv7-m/crtn.o
                0x00001d1c                . = ALIGN (0x4)
                0x00001d1c                __preinit_array_start = .
 *(.preinit_array)
                0x00001d1c                __preinit_array_end = .
                0x00001d1c                . = ALIGN (0x4)
                0x00001d1c                __init_array_start = .
 *(SORT(.init_array.*))
 *(.init_array)
 .init_array    0x00001d1c        0x4 c:/program files (x86)/cypress/psoc creator/3.3/psoc creator/import/gnu/arm/4.9.3/bin/../lib/gcc/arm-none-eabi/4.9.3/armv7-m/crtbegin.o
 .init_array    0x00001d20        0x4 .\CortexM3\ARM_GCC_493\Debug\Cm3Start.o
                0x00001d24                __init_array_end = .
                0x00001d24                . = ALIGN (0x4)
 *(.fini)
 .fini          0x00001d24        0x4 c:/program files (x86)/cypress/psoc creator/3.3/psoc creator/import/gnu/arm/4.9.3/bin/../lib/gcc/arm-none-eabi/4.9.3/armv7-m/crti.o
                0x00001d24                _fini
 .fini          0x00001d28        0x8 c:/program files (x86)/cypress/psoc creator/3.3/psoc creator/import/gnu/arm/4.9.3/bin/../lib/gcc/arm-none-eabi/4.9.3/armv7-m/crtn.o
                0x00001d30                . = ALIGN (0x4)
                0x00001d30                __fini_array_start = .
 *(.fini_array)
 .fini_array    0x00001d30        0x4 c:/program files (x86)/cypress/psoc creator/3.3/psoc creator/import/gnu/arm/4.9.3/bin/../lib/gcc/arm-none-eabi/4.9.3/armv7-m/crtbegin.o
 *(SORT(.fini_array.*))
                0x00001d34                __fini_array_end = .
                0x00001d34                . = ALIGN (0x4)
 *crtbegin.o(.ctors)
 *(EXCLUDE_FILE(*crtend.o) .ctors)
 *(SORT(.ctors.*))
 *crtend.o(.ctors)
                0x00001d34                . = ALIGN (0x4)
 *crtbegin.o(.dtors)
 *(EXCLUDE_FILE(*crtend.o) .dtors)
 *(SORT(.dtors.*))
 *crtend.o(.dtors)
                0x00001d34                . = ALIGN (0x4)
                0x00001d34                __cy_regions = .
                0x00001d34        0x4 LONG 0x1d48 __cy_region_init_ram
                0x00001d38        0x4 LONG 0x1fff8108 __cy_region_start_data
                0x00001d3c        0x4 LONG 0x88 __cy_region_init_size_ram
                0x00001d40        0x4 LONG 0x8060 __cy_region_zero_size_ram
                0x00001d44                __cy_regions_end = .
                0x00001d48                . = ALIGN (0x8)
 *fill*         0x00001d44        0x4 
                0x00001d48                _etext = .

.ramvectors     0x1fff8000      0x100
                0x1fff8000                __cy_region_start_ram = .
 *(.ramvectors)
 .ramvectors    0x1fff8000      0x100 .\CortexM3\ARM_GCC_493\Debug\Cm3Start.o
                0x1fff8000                CyRamVectors

.noinit         0x1fff8100        0x5
 *(.noinit)
 .noinit        0x1fff8100        0x4 .\CortexM3\ARM_GCC_493\Debug\Cm3Start.o
 .noinit        0x1fff8104        0x1 .\CortexM3\ARM_GCC_493\Debug\Wave Generator.a(CyLib.o)
                0x1fff8104                CyResetStatus

.data           0x1fff8108       0x88 load address 0x00001d48
                0x1fff8108                __cy_region_start_data = .
 *(.jcr)
 .jcr           0x1fff8108        0x0 c:/program files (x86)/cypress/psoc creator/3.3/psoc creator/import/gnu/arm/4.9.3/bin/../lib/gcc/arm-none-eabi/4.9.3/armv7-m/crtbegin.o
 .jcr           0x1fff8108        0x4 c:/program files (x86)/cypress/psoc creator/3.3/psoc creator/import/gnu/arm/4.9.3/bin/../lib/gcc/arm-none-eabi/4.9.3/armv7-m/crtend.o
 *(.got.plt)
 *(.got)
 *(.shdata)
 *(.data .data.* .gnu.linkonce.d.*)
 .data          0x1fff810c        0x8 .\CortexM3\ARM_GCC_493\Debug\Wave Generator.a(CyDmac.o)
 .data          0x1fff8114       0x10 .\CortexM3\ARM_GCC_493\Debug\Wave Generator.a(CyLib.o)
                0x1fff8114                cydelay_32k_ms
                0x1fff8118                cydelay_freq_khz
                0x1fff811c                cydelay_freq_mhz
                0x1fff8120                cydelay_freq_hz
 .data          0x1fff8124        0x1 .\CortexM3\ARM_GCC_493\Debug\Wave Generator.a(WaveDAC8_Wave1_DMA_dma.o)
                0x1fff8124                WaveDAC8_Wave1_DMA_DmaHandle
 .data          0x1fff8125        0x1 .\CortexM3\ARM_GCC_493\Debug\Wave Generator.a(WaveDAC8_Wave2_DMA_dma.o)
                0x1fff8125                WaveDAC8_Wave2_DMA_DmaHandle
 .data          0x1fff8126        0x1 .\CortexM3\ARM_GCC_493\Debug\Wave Generator.a(ADC.o)
                0x1fff8126                ADC_Config
 .data          0x1fff8127        0x1 .\CortexM3\ARM_GCC_493\Debug\Wave Generator.a(ADC_AMux.o)
 .data          0x1fff8128        0x1 .\CortexM3\ARM_GCC_493\Debug\Wave Generator.a(RxDMA_dma.o)
                0x1fff8128                RxDMA_DmaHandle
 .data          0x1fff8129        0x1 .\CortexM3\ARM_GCC_493\Debug\Wave Generator.a(TxDMA_0_dma.o)
                0x1fff8129                TxDMA_0_DmaHandle
 .data          0x1fff812a        0x1 .\CortexM3\ARM_GCC_493\Debug\Wave Generator.a(TxDMA_1_dma.o)
                0x1fff812a                TxDMA_1_DmaHandle
 *fill*         0x1fff812b        0x1 
 .data.impure_data
                0x1fff812c       0x60 c:/program files (x86)/cypress/psoc creator/3.3/psoc creator/import/gnu/arm/4.9.3/bin/../lib/gcc/arm-none-eabi/4.9.3/../../../../arm-none-eabi/lib/armv7-m\libg_nano.a(lib_a-impure.o)
 .data._impure_ptr
                0x1fff818c        0x4 c:/program files (x86)/cypress/psoc creator/3.3/psoc creator/import/gnu/arm/4.9.3/bin/../lib/gcc/arm-none-eabi/4.9.3/../../../../arm-none-eabi/lib/armv7-m\libg_nano.a(lib_a-impure.o)
                0x1fff818c                _impure_ptr
                0x1fff8190                . = ALIGN (0x8)
 *(.ram)
                0x1fff8190                _edata = .

.igot.plt       0x1fff8190        0x0 load address 0x00001dd0
 .igot.plt      0x00000000        0x0 c:/program files (x86)/cypress/psoc creator/3.3/psoc creator/import/gnu/arm/4.9.3/bin/../lib/gcc/arm-none-eabi/4.9.3/armv7-m/crtbegin.o

.bss            0x1fff8190     0x8060 load address 0x00001dd0
                0x1fff8190                PROVIDE (__bss_start__, .)
 *(.shbss)
 *(.bss .bss.* .gnu.linkonce.b.*)
 .bss           0x1fff8190       0x1c c:/program files (x86)/cypress/psoc creator/3.3/psoc creator/import/gnu/arm/4.9.3/bin/../lib/gcc/arm-none-eabi/4.9.3/armv7-m/crtbegin.o
 .bss           0x1fff81ac     0x8014 .\CortexM3\ARM_GCC_493\Debug\main.o
 .bss           0x200001c0        0x1 .\CortexM3\ARM_GCC_493\Debug\Wave Generator.a(I2S.o)
                0x200001c0                I2S_initVar
 .bss           0x200001c1        0x5 .\CortexM3\ARM_GCC_493\Debug\Wave Generator.a(WaveDAC8.o)
                0x200001c5                WaveDAC8_initVar
 *fill*         0x200001c6        0x2 
 .bss           0x200001c8        0x8 .\CortexM3\ARM_GCC_493\Debug\Wave Generator.a(ADC.o)
                0x200001cc                ADC_stopConversion
                0x200001cd                ADC_convDone
                0x200001ce                ADC_initVar
                0x200001cf                ADC_started
 .bss           0x200001d0        0x2 .\CortexM3\ARM_GCC_493\Debug\Wave Generator.a(UART.o)
                0x200001d0                UART_initVar
 *fill*         0x200001d2        0x2 
 .bss.__malloc_sbrk_start
                0x200001d4        0x4 c:/program files (x86)/cypress/psoc creator/3.3/psoc creator/import/gnu/arm/4.9.3/bin/../lib/gcc/arm-none-eabi/4.9.3/../../../../arm-none-eabi/lib/armv7-m\libg_nano.a(lib_a-nano-mallocr.o)
                0x200001d4                __malloc_sbrk_start
 .bss.__malloc_free_list
                0x200001d8        0x4 c:/program files (x86)/cypress/psoc creator/3.3/psoc creator/import/gnu/arm/4.9.3/bin/../lib/gcc/arm-none-eabi/4.9.3/../../../../arm-none-eabi/lib/armv7-m\libg_nano.a(lib_a-nano-mallocr.o)
                0x200001d8                __malloc_free_list
 .bss.heap_end.4079
                0x200001dc        0x4 c:/program files (x86)/cypress/psoc creator/3.3/psoc creator/import/gnu/arm/4.9.3/bin/../lib/gcc/arm-none-eabi/4.9.3/../../../../arm-none-eabi/lib/armv7-m\libnosys.a(sbrk.o)
 *(COMMON)
 COMMON         0x200001e0        0x8 .\CortexM3\ARM_GCC_493\Debug\Wave Generator.a(ADC.o)
                0x200001e0                ADC_Offset
                0x200001e4                ADC_CountsPerVolt
 COMMON         0x200001e8        0x4 c:/program files (x86)/cypress/psoc creator/3.3/psoc creator/import/gnu/arm/4.9.3/bin/../lib/gcc/arm-none-eabi/4.9.3/../../../../arm-none-eabi/lib/armv7-m\libg_nano.a(lib_a-reent.o)
                0x200001e8                errno
                0x200001f0                . = ALIGN (0x8)
 *fill*         0x200001ec        0x4 
 *(.ram.b)
                0x200001f0                _end = .
                0x200001f0                __end = .
                0x200001f0                PROVIDE (end, .)
                0x200001f0                PROVIDE (__bss_end__, .)
                0x00001d48                __cy_region_init_ram = LOADADDR (.data)
                0x00000088                __cy_region_init_size_ram = (_edata - ADDR (.data))
                0x00008060                __cy_region_zero_size_ram = (_end - _edata)

.heap           0x200001f0     0x1000 load address 0x00001dd0
                0x200001f0                . = _end
                0x200011f0                . = (. + 0x1000)
 *fill*         0x200001f0     0x1000 
                0x200011f0                __cy_heap_limit = .

.stack          0x20004000     0x4000
                0x20004000                __cy_stack_limit = .
                0x20008000                . = (. + 0x4000)
 *fill*         0x20004000     0x4000 
                0x00000001                ASSERT ((__cy_stack_limit >= __cy_heap_limit), region RAM overflowed with stack)

.cyloadermeta
 *(.cyloadermeta)

.cyloadablemeta
 *(.cyloadablemeta)

.cyconfigecc    0x80000000      0x4fc
 *(.cyconfigecc)
 .cyconfigecc   0x80000000      0x4fc .\CortexM3\ARM_GCC_493\Debug\cymetadata.o
                0x80000000                cy_meta_configecc

.cycustnvl      0x90000000        0x4
 *(.cycustnvl)
 .cycustnvl     0x90000000        0x4 .\CortexM3\ARM_GCC_493\Debug\cymetadata.o
                0x90000000                cy_meta_custnvl

.cywolatch      0x90100000        0x4
 *(.cywolatch)
 .cywolatch     0x90100000        0x4 .\CortexM3\ARM_GCC_493\Debug\cymetadata.o
                0x90100000                cy_meta_wonvl

.cyeeprom       0x90200000        0x0
 *(.cyeeprom)
                0x00000001                ASSERT ((. <= ((0x90200000 + ee_offset) + ee_size)), .cyeeprom data will not fit in EEPROM)

.cyflashprotect
                0x90400000      0x100
 *(.cyflashprotect)
 .cyflashprotect
                0x90400000      0x100 .\CortexM3\ARM_GCC_493\Debug\cymetadata.o
                0x90400000                cy_meta_flashprotect

.cymeta         0x90500000        0xc
 *(.cymeta)
 .cymeta        0x90500000        0xc .\CortexM3\ARM_GCC_493\Debug\cymetadata.o
                0x90500000                cy_metadata

.rel.dyn        0x00001dd0        0x0 load address 0x9050000c
 .rel.iplt      0x00000000        0x0 c:/program files (x86)/cypress/psoc creator/3.3/psoc creator/import/gnu/arm/4.9.3/bin/../lib/gcc/arm-none-eabi/4.9.3/armv7-m/crtbegin.o

.stab
 *(.stab)

.stabstr
 *(.stabstr)

.debug
 *(.debug)

.line
 *(.line)

.debug_srcinfo
 *(.debug_srcinfo)

.debug_sfnames
 *(.debug_sfnames)

.debug_aranges  0x00000000      0xb08
 *(.debug_aranges)
 .debug_aranges
                0x00000000       0x30 .\CortexM3\ARM_GCC_493\Debug\main.o
 .debug_aranges
                0x00000030       0x18 .\CortexM3\ARM_GCC_493\Debug\cymetadata.o
 .debug_aranges
                0x00000048       0x40 .\CortexM3\ARM_GCC_493\Debug\Cm3Start.o
 .debug_aranges
                0x00000088       0x68 .\CortexM3\ARM_GCC_493\Debug\Wave Generator.a(cyfitter_cfg.o)
 .debug_aranges
                0x000000f0       0x68 .\CortexM3\ARM_GCC_493\Debug\Wave Generator.a(I2S.o)
 .debug_aranges
                0x00000158       0x20 .\CortexM3\ARM_GCC_493\Debug\Wave Generator.a(CyBootAsmGnu.o)
 .debug_aranges
                0x00000178       0xd8 .\CortexM3\ARM_GCC_493\Debug\Wave Generator.a(CyDmac.o)
 .debug_aranges
                0x00000250      0x218 .\CortexM3\ARM_GCC_493\Debug\Wave Generator.a(CyLib.o)
 .debug_aranges
                0x00000468       0x90 .\CortexM3\ARM_GCC_493\Debug\Wave Generator.a(cyPm.o)
 .debug_aranges
                0x000004f8       0x50 .\CortexM3\ARM_GCC_493\Debug\Wave Generator.a(WaveDAC8.o)
 .debug_aranges
                0x00000548       0x70 .\CortexM3\ARM_GCC_493\Debug\Wave Generator.a(WaveDAC8_DacClk.o)
 .debug_aranges
                0x000005b8       0x28 .\CortexM3\ARM_GCC_493\Debug\Wave Generator.a(WaveDAC8_Wave1_DMA_dma.o)
 .debug_aranges
                0x000005e0       0x28 .\CortexM3\ARM_GCC_493\Debug\Wave Generator.a(WaveDAC8_Wave2_DMA_dma.o)
 .debug_aranges
                0x00000608       0x58 .\CortexM3\ARM_GCC_493\Debug\Wave Generator.a(WaveDAC8_VDAC8.o)
 .debug_aranges
                0x00000660       0xe8 .\CortexM3\ARM_GCC_493\Debug\Wave Generator.a(ADC.o)
 .debug_aranges
                0x00000748       0x38 .\CortexM3\ARM_GCC_493\Debug\Wave Generator.a(ADC_INT.o)
 .debug_aranges
                0x00000780       0x30 .\CortexM3\ARM_GCC_493\Debug\Wave Generator.a(ADC_AMux.o)
 .debug_aranges
                0x000007b0       0x70 .\CortexM3\ARM_GCC_493\Debug\Wave Generator.a(ADC_Ext_CP_Clk.o)
 .debug_aranges
                0x00000820       0x80 .\CortexM3\ARM_GCC_493\Debug\Wave Generator.a(ADC_theACLK.o)
 .debug_aranges
                0x000008a0       0x28 .\CortexM3\ARM_GCC_493\Debug\Wave Generator.a(RxDMA_dma.o)
 .debug_aranges
                0x000008c8       0x28 .\CortexM3\ARM_GCC_493\Debug\Wave Generator.a(TxDMA_0_dma.o)
 .debug_aranges
                0x000008f0       0x28 .\CortexM3\ARM_GCC_493\Debug\Wave Generator.a(TxDMA_1_dma.o)
 .debug_aranges
                0x00000918       0xa0 .\CortexM3\ARM_GCC_493\Debug\Wave Generator.a(UART.o)
 .debug_aranges
                0x000009b8       0x70 .\CortexM3\ARM_GCC_493\Debug\Wave Generator.a(UART_IntClock.o)
 .debug_aranges
                0x00000a28       0x78 .\CortexM3\ARM_GCC_493\Debug\Wave Generator.a(CyFlash.o)
 .debug_aranges
                0x00000aa0       0x68 .\CortexM3\ARM_GCC_493\Debug\Wave Generator.a(CySpc.o)

.debug_pubnames
 *(.debug_pubnames)

.debug_info     0x00000000     0x6e22
 *(.debug_info .gnu.linkonce.wi.*)
 .debug_info    0x00000000      0x659 .\CortexM3\ARM_GCC_493\Debug\main.o
 .debug_info    0x00000659      0x13b .\CortexM3\ARM_GCC_493\Debug\cymetadata.o
 .debug_info    0x00000794      0x315 .\CortexM3\ARM_GCC_493\Debug\Cm3Start.o
 .debug_info    0x00000aa9      0x701 .\CortexM3\ARM_GCC_493\Debug\Wave Generator.a(cyfitter_cfg.o)
 .debug_info    0x000011aa      0x2ed .\CortexM3\ARM_GCC_493\Debug\Wave Generator.a(I2S.o)
 .debug_info    0x00001497       0xc8 .\CortexM3\ARM_GCC_493\Debug\Wave Generator.a(CyBootAsmGnu.o)
 .debug_info    0x0000155f      0x93e .\CortexM3\ARM_GCC_493\Debug\Wave Generator.a(CyDmac.o)
 .debug_info    0x00001e9d      0xf64 .\CortexM3\ARM_GCC_493\Debug\Wave Generator.a(CyLib.o)
 .debug_info    0x00002e01      0xa14 .\CortexM3\ARM_GCC_493\Debug\Wave Generator.a(cyPm.o)
 .debug_info    0x00003815      0x58d .\CortexM3\ARM_GCC_493\Debug\Wave Generator.a(WaveDAC8.o)
 .debug_info    0x00003da2      0x27f .\CortexM3\ARM_GCC_493\Debug\Wave Generator.a(WaveDAC8_DacClk.o)
 .debug_info    0x00004021      0x1fa .\CortexM3\ARM_GCC_493\Debug\Wave Generator.a(WaveDAC8_Wave1_DMA_dma.o)
 .debug_info    0x0000421b      0x1fa .\CortexM3\ARM_GCC_493\Debug\Wave Generator.a(WaveDAC8_Wave2_DMA_dma.o)
 .debug_info    0x00004415      0x1dc .\CortexM3\ARM_GCC_493\Debug\Wave Generator.a(WaveDAC8_VDAC8.o)
 .debug_info    0x000045f1      0xa6b .\CortexM3\ARM_GCC_493\Debug\Wave Generator.a(ADC.o)
 .debug_info    0x0000505c       0xcc .\CortexM3\ARM_GCC_493\Debug\Wave Generator.a(ADC_INT.o)
 .debug_info    0x00005128      0x16c .\CortexM3\ARM_GCC_493\Debug\Wave Generator.a(ADC_AMux.o)
 .debug_info    0x00005294      0x27f .\CortexM3\ARM_GCC_493\Debug\Wave Generator.a(ADC_Ext_CP_Clk.o)
 .debug_info    0x00005513      0x2c0 .\CortexM3\ARM_GCC_493\Debug\Wave Generator.a(ADC_theACLK.o)
 .debug_info    0x000057d3      0x1fa .\CortexM3\ARM_GCC_493\Debug\Wave Generator.a(RxDMA_dma.o)
 .debug_info    0x000059cd      0x1fa .\CortexM3\ARM_GCC_493\Debug\Wave Generator.a(TxDMA_0_dma.o)
 .debug_info    0x00005bc7      0x1f6 .\CortexM3\ARM_GCC_493\Debug\Wave Generator.a(TxDMA_1_dma.o)
 .debug_info    0x00005dbd      0x44f .\CortexM3\ARM_GCC_493\Debug\Wave Generator.a(UART.o)
 .debug_info    0x0000620c      0x27f .\CortexM3\ARM_GCC_493\Debug\Wave Generator.a(UART_IntClock.o)
 .debug_info    0x0000648b      0x566 .\CortexM3\ARM_GCC_493\Debug\Wave Generator.a(CyFlash.o)
 .debug_info    0x000069f1      0x431 .\CortexM3\ARM_GCC_493\Debug\Wave Generator.a(CySpc.o)

.debug_abbrev   0x00000000     0x211c
 *(.debug_abbrev)
 .debug_abbrev  0x00000000      0x16b .\CortexM3\ARM_GCC_493\Debug\main.o
 .debug_abbrev  0x0000016b       0x77 .\CortexM3\ARM_GCC_493\Debug\cymetadata.o
 .debug_abbrev  0x000001e2      0x199 .\CortexM3\ARM_GCC_493\Debug\Cm3Start.o
 .debug_abbrev  0x0000037b      0x21f .\CortexM3\ARM_GCC_493\Debug\Wave Generator.a(cyfitter_cfg.o)
 .debug_abbrev  0x0000059a       0xef .\CortexM3\ARM_GCC_493\Debug\Wave Generator.a(I2S.o)
 .debug_abbrev  0x00000689       0x14 .\CortexM3\ARM_GCC_493\Debug\Wave Generator.a(CyBootAsmGnu.o)
 .debug_abbrev  0x0000069d      0x1bf .\CortexM3\ARM_GCC_493\Debug\Wave Generator.a(CyDmac.o)
 .debug_abbrev  0x0000085c      0x24e .\CortexM3\ARM_GCC_493\Debug\Wave Generator.a(CyLib.o)
 .debug_abbrev  0x00000aaa      0x1fa .\CortexM3\ARM_GCC_493\Debug\Wave Generator.a(cyPm.o)
 .debug_abbrev  0x00000ca4      0x14d .\CortexM3\ARM_GCC_493\Debug\Wave Generator.a(WaveDAC8.o)
 .debug_abbrev  0x00000df1      0x139 .\CortexM3\ARM_GCC_493\Debug\Wave Generator.a(WaveDAC8_DacClk.o)
 .debug_abbrev  0x00000f2a       0xeb .\CortexM3\ARM_GCC_493\Debug\Wave Generator.a(WaveDAC8_Wave1_DMA_dma.o)
 .debug_abbrev  0x00001015       0xeb .\CortexM3\ARM_GCC_493\Debug\Wave Generator.a(WaveDAC8_Wave2_DMA_dma.o)
 .debug_abbrev  0x00001100       0xf7 .\CortexM3\ARM_GCC_493\Debug\Wave Generator.a(WaveDAC8_VDAC8.o)
 .debug_abbrev  0x000011f7      0x23d .\CortexM3\ARM_GCC_493\Debug\Wave Generator.a(ADC.o)
 .debug_abbrev  0x00001434       0x42 .\CortexM3\ARM_GCC_493\Debug\Wave Generator.a(ADC_INT.o)
 .debug_abbrev  0x00001476       0xcb .\CortexM3\ARM_GCC_493\Debug\Wave Generator.a(ADC_AMux.o)
 .debug_abbrev  0x00001541      0x139 .\CortexM3\ARM_GCC_493\Debug\Wave Generator.a(ADC_Ext_CP_Clk.o)
 .debug_abbrev  0x0000167a      0x121 .\CortexM3\ARM_GCC_493\Debug\Wave Generator.a(ADC_theACLK.o)
 .debug_abbrev  0x0000179b       0xeb .\CortexM3\ARM_GCC_493\Debug\Wave Generator.a(RxDMA_dma.o)
 .debug_abbrev  0x00001886       0xeb .\CortexM3\ARM_GCC_493\Debug\Wave Generator.a(TxDMA_0_dma.o)
 .debug_abbrev  0x00001971       0xeb .\CortexM3\ARM_GCC_493\Debug\Wave Generator.a(TxDMA_1_dma.o)
 .debug_abbrev  0x00001a5c      0x1a2 .\CortexM3\ARM_GCC_493\Debug\Wave Generator.a(UART.o)
 .debug_abbrev  0x00001bfe      0x139 .\CortexM3\ARM_GCC_493\Debug\Wave Generator.a(UART_IntClock.o)
 .debug_abbrev  0x00001d37      0x233 .\CortexM3\ARM_GCC_493\Debug\Wave Generator.a(CyFlash.o)
 .debug_abbrev  0x00001f6a      0x1b2 .\CortexM3\ARM_GCC_493\Debug\Wave Generator.a(CySpc.o)

.debug_line     0x00000000     0x2b19
 *(.debug_line)
 .debug_line    0x00000000      0x26d .\CortexM3\ARM_GCC_493\Debug\main.o
 .debug_line    0x0000026d       0x53 .\CortexM3\ARM_GCC_493\Debug\cymetadata.o
 .debug_line    0x000002c0      0x1c4 .\CortexM3\ARM_GCC_493\Debug\Cm3Start.o
 .debug_line    0x00000484      0x238 .\CortexM3\ARM_GCC_493\Debug\Wave Generator.a(cyfitter_cfg.o)
 .debug_line    0x000006bc      0x127 .\CortexM3\ARM_GCC_493\Debug\Wave Generator.a(I2S.o)
 .debug_line    0x000007e3       0x68 .\CortexM3\ARM_GCC_493\Debug\Wave Generator.a(CyBootAsmGnu.o)
 .debug_line    0x0000084b      0x2e5 .\CortexM3\ARM_GCC_493\Debug\Wave Generator.a(CyDmac.o)
 .debug_line    0x00000b30      0x6b9 .\CortexM3\ARM_GCC_493\Debug\Wave Generator.a(CyLib.o)
 .debug_line    0x000011e9      0x354 .\CortexM3\ARM_GCC_493\Debug\Wave Generator.a(cyPm.o)
 .debug_line    0x0000153d      0x16f .\CortexM3\ARM_GCC_493\Debug\Wave Generator.a(WaveDAC8.o)
 .debug_line    0x000016ac      0x197 .\CortexM3\ARM_GCC_493\Debug\Wave Generator.a(WaveDAC8_DacClk.o)
 .debug_line    0x00001843       0xa8 .\CortexM3\ARM_GCC_493\Debug\Wave Generator.a(WaveDAC8_Wave1_DMA_dma.o)
 .debug_line    0x000018eb       0xa8 .\CortexM3\ARM_GCC_493\Debug\Wave Generator.a(WaveDAC8_Wave2_DMA_dma.o)
 .debug_line    0x00001993       0xec .\CortexM3\ARM_GCC_493\Debug\Wave Generator.a(WaveDAC8_VDAC8.o)
 .debug_line    0x00001a7f      0x351 .\CortexM3\ARM_GCC_493\Debug\Wave Generator.a(ADC.o)
 .debug_line    0x00001dd0       0x82 .\CortexM3\ARM_GCC_493\Debug\Wave Generator.a(ADC_INT.o)
 .debug_line    0x00001e52       0xae .\CortexM3\ARM_GCC_493\Debug\Wave Generator.a(ADC_AMux.o)
 .debug_line    0x00001f00      0x196 .\CortexM3\ARM_GCC_493\Debug\Wave Generator.a(ADC_Ext_CP_Clk.o)
 .debug_line    0x00002096      0x1b6 .\CortexM3\ARM_GCC_493\Debug\Wave Generator.a(ADC_theACLK.o)
 .debug_line    0x0000224c       0x9b .\CortexM3\ARM_GCC_493\Debug\Wave Generator.a(RxDMA_dma.o)
 .debug_line    0x000022e7       0x9d .\CortexM3\ARM_GCC_493\Debug\Wave Generator.a(TxDMA_0_dma.o)
 .debug_line    0x00002384       0x9d .\CortexM3\ARM_GCC_493\Debug\Wave Generator.a(TxDMA_1_dma.o)
 .debug_line    0x00002421      0x1f2 .\CortexM3\ARM_GCC_493\Debug\Wave Generator.a(UART.o)
 .debug_line    0x00002613      0x195 .\CortexM3\ARM_GCC_493\Debug\Wave Generator.a(UART_IntClock.o)
 .debug_line    0x000027a8      0x1a9 .\CortexM3\ARM_GCC_493\Debug\Wave Generator.a(CyFlash.o)
 .debug_line    0x00002951      0x1c8 .\CortexM3\ARM_GCC_493\Debug\Wave Generator.a(CySpc.o)

.debug_frame    0x00000000     0x1e20
 *(.debug_frame)
 .debug_frame   0x00000000       0x6c .\CortexM3\ARM_GCC_493\Debug\main.o
 .debug_frame   0x0000006c       0x84 .\CortexM3\ARM_GCC_493\Debug\Cm3Start.o
 .debug_frame   0x000000f0      0x104 .\CortexM3\ARM_GCC_493\Debug\Wave Generator.a(cyfitter_cfg.o)
 .debug_frame   0x000001f4      0x11c .\CortexM3\ARM_GCC_493\Debug\Wave Generator.a(I2S.o)
 .debug_frame   0x00000310      0x1f4 .\CortexM3\ARM_GCC_493\Debug\Wave Generator.a(CyDmac.o)
 .debug_frame   0x00000504      0x5a0 .\CortexM3\ARM_GCC_493\Debug\Wave Generator.a(CyLib.o)
 .debug_frame   0x00000aa4      0x1d8 .\CortexM3\ARM_GCC_493\Debug\Wave Generator.a(cyPm.o)
 .debug_frame   0x00000c7c       0xe0 .\CortexM3\ARM_GCC_493\Debug\Wave Generator.a(WaveDAC8.o)
 .debug_frame   0x00000d5c       0xe0 .\CortexM3\ARM_GCC_493\Debug\Wave Generator.a(WaveDAC8_DacClk.o)
 .debug_frame   0x00000e3c       0x54 .\CortexM3\ARM_GCC_493\Debug\Wave Generator.a(WaveDAC8_Wave1_DMA_dma.o)
 .debug_frame   0x00000e90       0x54 .\CortexM3\ARM_GCC_493\Debug\Wave Generator.a(WaveDAC8_Wave2_DMA_dma.o)
 .debug_frame   0x00000ee4       0xb4 .\CortexM3\ARM_GCC_493\Debug\Wave Generator.a(WaveDAC8_VDAC8.o)
 .debug_frame   0x00000f98      0x280 .\CortexM3\ARM_GCC_493\Debug\Wave Generator.a(ADC.o)
 .debug_frame   0x00001218       0x50 .\CortexM3\ARM_GCC_493\Debug\Wave Generator.a(ADC_INT.o)
 .debug_frame   0x00001268       0x64 .\CortexM3\ARM_GCC_493\Debug\Wave Generator.a(ADC_AMux.o)
 .debug_frame   0x000012cc       0xe0 .\CortexM3\ARM_GCC_493\Debug\Wave Generator.a(ADC_Ext_CP_Clk.o)
 .debug_frame   0x000013ac      0x100 .\CortexM3\ARM_GCC_493\Debug\Wave Generator.a(ADC_theACLK.o)
 .debug_frame   0x000014ac       0x54 .\CortexM3\ARM_GCC_493\Debug\Wave Generator.a(RxDMA_dma.o)
 .debug_frame   0x00001500       0x54 .\CortexM3\ARM_GCC_493\Debug\Wave Generator.a(TxDMA_0_dma.o)
 .debug_frame   0x00001554       0x54 .\CortexM3\ARM_GCC_493\Debug\Wave Generator.a(TxDMA_1_dma.o)
 .debug_frame   0x000015a8      0x198 .\CortexM3\ARM_GCC_493\Debug\Wave Generator.a(UART.o)
 .debug_frame   0x00001740       0xe0 .\CortexM3\ARM_GCC_493\Debug\Wave Generator.a(UART_IntClock.o)
 .debug_frame   0x00001820      0x13c .\CortexM3\ARM_GCC_493\Debug\Wave Generator.a(CyFlash.o)
 .debug_frame   0x0000195c      0x128 .\CortexM3\ARM_GCC_493\Debug\Wave Generator.a(CySpc.o)
 .debug_frame   0x00001a84       0x28 c:/program files (x86)/cypress/psoc creator/3.3/psoc creator/import/gnu/arm/4.9.3/bin/../lib/gcc/arm-none-eabi/4.9.3/../../../../arm-none-eabi/lib/armv7-m\libg_nano.a(lib_a-exit.o)
 .debug_frame   0x00001aac       0x2c c:/program files (x86)/cypress/psoc creator/3.3/psoc creator/import/gnu/arm/4.9.3/bin/../lib/gcc/arm-none-eabi/4.9.3/../../../../arm-none-eabi/lib/armv7-m\libg_nano.a(lib_a-init.o)
 .debug_frame   0x00001ad8       0x28 c:/program files (x86)/cypress/psoc creator/3.3/psoc creator/import/gnu/arm/4.9.3/bin/../lib/gcc/arm-none-eabi/4.9.3/../../../../arm-none-eabi/lib/armv7-m\libg_nano.a(lib_a-memcpy.o)
 .debug_frame   0x00001b00       0x20 c:/program files (x86)/cypress/psoc creator/3.3/psoc creator/import/gnu/arm/4.9.3/bin/../lib/gcc/arm-none-eabi/4.9.3/../../../../arm-none-eabi/lib/armv7-m\libg_nano.a(lib_a-memset.o)
 .debug_frame   0x00001b20       0x70 c:/program files (x86)/cypress/psoc creator/3.3/psoc creator/import/gnu/arm/4.9.3/bin/../lib/gcc/arm-none-eabi/4.9.3/../../../../arm-none-eabi/lib/armv7-m\libg_nano.a(lib_a-sprintf.o)
 .debug_frame   0x00001b90       0x8c c:/program files (x86)/cypress/psoc creator/3.3/psoc creator/import/gnu/arm/4.9.3/bin/../lib/gcc/arm-none-eabi/4.9.3/../../../../arm-none-eabi/lib/armv7-m\libg_nano.a(lib_a-nano-svfprintf.o)
 .debug_frame   0x00001c1c       0x58 c:/program files (x86)/cypress/psoc creator/3.3/psoc creator/import/gnu/arm/4.9.3/bin/../lib/gcc/arm-none-eabi/4.9.3/../../../../arm-none-eabi/lib/armv7-m\libg_nano.a(lib_a-nano-vfprintf_i.o)
 .debug_frame   0x00001c74       0x28 c:/program files (x86)/cypress/psoc creator/3.3/psoc creator/import/gnu/arm/4.9.3/bin/../lib/gcc/arm-none-eabi/4.9.3/../../../../arm-none-eabi/lib/armv7-m\libg_nano.a(lib_a-memchr.o)
 .debug_frame   0x00001c9c       0x28 c:/program files (x86)/cypress/psoc creator/3.3/psoc creator/import/gnu/arm/4.9.3/bin/../lib/gcc/arm-none-eabi/4.9.3/../../../../arm-none-eabi/lib/armv7-m\libg_nano.a(lib_a-memmove.o)
 .debug_frame   0x00001cc4       0x2c c:/program files (x86)/cypress/psoc creator/3.3/psoc creator/import/gnu/arm/4.9.3/bin/../lib/gcc/arm-none-eabi/4.9.3/../../../../arm-none-eabi/lib/armv7-m\libg_nano.a(lib_a-nano-freer.o)
 .debug_frame   0x00001cf0       0x2c c:/program files (x86)/cypress/psoc creator/3.3/psoc creator/import/gnu/arm/4.9.3/bin/../lib/gcc/arm-none-eabi/4.9.3/../../../../arm-none-eabi/lib/armv7-m\libg_nano.a(lib_a-nano-mallocr.o)
 .debug_frame   0x00001d1c       0x3c c:/program files (x86)/cypress/psoc creator/3.3/psoc creator/import/gnu/arm/4.9.3/bin/../lib/gcc/arm-none-eabi/4.9.3/../../../../arm-none-eabi/lib/armv7-m\libg_nano.a(lib_a-nano-reallocr.o)
 .debug_frame   0x00001d58       0x2c c:/program files (x86)/cypress/psoc creator/3.3/psoc creator/import/gnu/arm/4.9.3/bin/../lib/gcc/arm-none-eabi/4.9.3/../../../../arm-none-eabi/lib/armv7-m\libg_nano.a(lib_a-sbrkr.o)
 .debug_frame   0x00001d84       0x20 c:/program files (x86)/cypress/psoc creator/3.3/psoc creator/import/gnu/arm/4.9.3/bin/../lib/gcc/arm-none-eabi/4.9.3/../../../../arm-none-eabi/lib/armv7-m\libg_nano.a(lib_a-nano-msizer.o)
 .debug_frame   0x00001da4       0x5c c:/program files (x86)/cypress/psoc creator/3.3/psoc creator/import/gnu/arm/4.9.3/bin/../lib/gcc/arm-none-eabi/4.9.3/../../../../arm-none-eabi/lib/armv7-m\libg_nano.a(lib_a-reent.o)
 .debug_frame   0x00001e00       0x20 c:/program files (x86)/cypress/psoc creator/3.3/psoc creator/import/gnu/arm/4.9.3/bin/../lib/gcc/arm-none-eabi/4.9.3/../../../../arm-none-eabi/lib/armv7-m\libnosys.a(sbrk.o)

.debug_str      0x00000000     0x25fe
 *(.debug_str)
 .debug_str     0x00000000      0x38a .\CortexM3\ARM_GCC_493\Debug\main.o
                                0x3e5 (size before relaxing)
 .debug_str     0x0000038a       0x77 .\CortexM3\ARM_GCC_493\Debug\cymetadata.o
                                0x222 (size before relaxing)
 .debug_str     0x00000401      0x13c .\CortexM3\ARM_GCC_493\Debug\Cm3Start.o
                                0x312 (size before relaxing)
 .debug_str     0x0000053d      0x1d7 .\CortexM3\ARM_GCC_493\Debug\Wave Generator.a(cyfitter_cfg.o)
                                0x3bc (size before relaxing)
 .debug_str     0x00000714       0xc2 .\CortexM3\ARM_GCC_493\Debug\Wave Generator.a(I2S.o)
                                0x296 (size before relaxing)
 .debug_str     0x000007d6      0x2fa .\CortexM3\ARM_GCC_493\Debug\Wave Generator.a(CyDmac.o)
                                0x576 (size before relaxing)
 .debug_str     0x00000ad0      0x62e .\CortexM3\ARM_GCC_493\Debug\Wave Generator.a(CyLib.o)
                                0x8a1 (size before relaxing)
 .debug_str     0x000010fe      0x365 .\CortexM3\ARM_GCC_493\Debug\Wave Generator.a(cyPm.o)
                                0x743 (size before relaxing)
 .debug_str     0x00001463      0x230 .\CortexM3\ARM_GCC_493\Debug\Wave Generator.a(WaveDAC8.o)
                                0x46c (size before relaxing)
 .debug_str     0x00001693      0x199 .\CortexM3\ARM_GCC_493\Debug\Wave Generator.a(WaveDAC8_DacClk.o)
                                0x386 (size before relaxing)
 .debug_str     0x0000182c       0xa8 .\CortexM3\ARM_GCC_493\Debug\Wave Generator.a(WaveDAC8_Wave1_DMA_dma.o)
                                0x2d5 (size before relaxing)
 .debug_str     0x000018d4       0x6d .\CortexM3\ARM_GCC_493\Debug\Wave Generator.a(WaveDAC8_Wave2_DMA_dma.o)
                                0x2d5 (size before relaxing)
 .debug_str     0x00001941       0x79 .\CortexM3\ARM_GCC_493\Debug\Wave Generator.a(WaveDAC8_VDAC8.o)
                                0x2b1 (size before relaxing)
 .debug_str     0x000019ba      0x354 .\CortexM3\ARM_GCC_493\Debug\Wave Generator.a(ADC.o)
                                0x602 (size before relaxing)
 .debug_str     0x00001d0e       0x47 .\CortexM3\ARM_GCC_493\Debug\Wave Generator.a(ADC_INT.o)
                                0x1ec (size before relaxing)
 .debug_str     0x00001d55       0x61 .\CortexM3\ARM_GCC_493\Debug\Wave Generator.a(ADC_AMux.o)
                                0x237 (size before relaxing)
 .debug_str     0x00001db6      0x12c .\CortexM3\ARM_GCC_493\Debug\Wave Generator.a(ADC_Ext_CP_Clk.o)
                                0x37a (size before relaxing)
 .debug_str     0x00001ee2      0x151 .\CortexM3\ARM_GCC_493\Debug\Wave Generator.a(ADC_theACLK.o)
                                0x399 (size before relaxing)
 .debug_str     0x00002033       0x46 .\CortexM3\ARM_GCC_493\Debug\Wave Generator.a(RxDMA_dma.o)
                                0x2a1 (size before relaxing)
 .debug_str     0x00002079       0x4c .\CortexM3\ARM_GCC_493\Debug\Wave Generator.a(TxDMA_0_dma.o)
                                0x2a9 (size before relaxing)
 .debug_str     0x000020c5       0x4c .\CortexM3\ARM_GCC_493\Debug\Wave Generator.a(TxDMA_1_dma.o)
                                0x2a9 (size before relaxing)
 .debug_str     0x00002111      0x1a1 .\CortexM3\ARM_GCC_493\Debug\Wave Generator.a(UART.o)
                                0x3ca (size before relaxing)
 .debug_str     0x000022b2      0x13a .\CortexM3\ARM_GCC_493\Debug\Wave Generator.a(UART_IntClock.o)
                                0x36e (size before relaxing)
 .debug_str     0x000023ec      0x171 .\CortexM3\ARM_GCC_493\Debug\Wave Generator.a(CyFlash.o)
                                0x3ae (size before relaxing)
 .debug_str     0x0000255d       0xa1 .\CortexM3\ARM_GCC_493\Debug\Wave Generator.a(CySpc.o)
                                0x32c (size before relaxing)

.debug_loc      0x00000000     0x3443
 *(.debug_loc)
 .debug_loc     0x00000000       0x75 .\CortexM3\ARM_GCC_493\Debug\main.o
 .debug_loc     0x00000075      0x11d .\CortexM3\ARM_GCC_493\Debug\Cm3Start.o
 .debug_loc     0x00000192      0x2cb .\CortexM3\ARM_GCC_493\Debug\Wave Generator.a(cyfitter_cfg.o)
 .debug_loc     0x0000045d       0x98 .\CortexM3\ARM_GCC_493\Debug\Wave Generator.a(I2S.o)
 .debug_loc     0x000004f5      0xb83 .\CortexM3\ARM_GCC_493\Debug\Wave Generator.a(CyDmac.o)
 .debug_loc     0x00001078      0x8ce .\CortexM3\ARM_GCC_493\Debug\Wave Generator.a(CyLib.o)
 .debug_loc     0x00001946      0x1c3 .\CortexM3\ARM_GCC_493\Debug\Wave Generator.a(cyPm.o)
 .debug_loc     0x00001b09      0x11b .\CortexM3\ARM_GCC_493\Debug\Wave Generator.a(WaveDAC8.o)
 .debug_loc     0x00001c24      0x128 .\CortexM3\ARM_GCC_493\Debug\Wave Generator.a(WaveDAC8_DacClk.o)
 .debug_loc     0x00001d4c       0x84 .\CortexM3\ARM_GCC_493\Debug\Wave Generator.a(WaveDAC8_Wave1_DMA_dma.o)
 .debug_loc     0x00001dd0       0x84 .\CortexM3\ARM_GCC_493\Debug\Wave Generator.a(WaveDAC8_Wave2_DMA_dma.o)
 .debug_loc     0x00001e54       0x79 .\CortexM3\ARM_GCC_493\Debug\Wave Generator.a(WaveDAC8_VDAC8.o)
 .debug_loc     0x00001ecd      0x676 .\CortexM3\ARM_GCC_493\Debug\Wave Generator.a(ADC.o)
 .debug_loc     0x00002543       0x6c .\CortexM3\ARM_GCC_493\Debug\Wave Generator.a(ADC_AMux.o)
 .debug_loc     0x000025af      0x12c .\CortexM3\ARM_GCC_493\Debug\Wave Generator.a(ADC_Ext_CP_Clk.o)
 .debug_loc     0x000026db      0x14d .\CortexM3\ARM_GCC_493\Debug\Wave Generator.a(ADC_theACLK.o)
 .debug_loc     0x00002828       0x84 .\CortexM3\ARM_GCC_493\Debug\Wave Generator.a(RxDMA_dma.o)
 .debug_loc     0x000028ac       0x84 .\CortexM3\ARM_GCC_493\Debug\Wave Generator.a(TxDMA_0_dma.o)
 .debug_loc     0x00002930       0x84 .\CortexM3\ARM_GCC_493\Debug\Wave Generator.a(TxDMA_1_dma.o)
 .debug_loc     0x000029b4      0x1f7 .\CortexM3\ARM_GCC_493\Debug\Wave Generator.a(UART.o)
 .debug_loc     0x00002bab      0x128 .\CortexM3\ARM_GCC_493\Debug\Wave Generator.a(UART_IntClock.o)
 .debug_loc     0x00002cd3      0x2fe .\CortexM3\ARM_GCC_493\Debug\Wave Generator.a(CyFlash.o)
 .debug_loc     0x00002fd1      0x472 .\CortexM3\ARM_GCC_493\Debug\Wave Generator.a(CySpc.o)

.debug_macinfo
 *(.debug_macinfo)

.debug_ranges   0x00000000      0x950
 *(.debug_ranges)
 .debug_ranges  0x00000000       0x20 .\CortexM3\ARM_GCC_493\Debug\main.o
 .debug_ranges  0x00000020       0x30 .\CortexM3\ARM_GCC_493\Debug\Cm3Start.o
 .debug_ranges  0x00000050       0x58 .\CortexM3\ARM_GCC_493\Debug\Wave Generator.a(cyfitter_cfg.o)
 .debug_ranges  0x000000a8       0x58 .\CortexM3\ARM_GCC_493\Debug\Wave Generator.a(I2S.o)
 .debug_ranges  0x00000100       0xc8 .\CortexM3\ARM_GCC_493\Debug\Wave Generator.a(CyDmac.o)
 .debug_ranges  0x000001c8      0x208 .\CortexM3\ARM_GCC_493\Debug\Wave Generator.a(CyLib.o)
 .debug_ranges  0x000003d0       0x80 .\CortexM3\ARM_GCC_493\Debug\Wave Generator.a(cyPm.o)
 .debug_ranges  0x00000450       0x40 .\CortexM3\ARM_GCC_493\Debug\Wave Generator.a(WaveDAC8.o)
 .debug_ranges  0x00000490       0x60 .\CortexM3\ARM_GCC_493\Debug\Wave Generator.a(WaveDAC8_DacClk.o)
 .debug_ranges  0x000004f0       0x18 .\CortexM3\ARM_GCC_493\Debug\Wave Generator.a(WaveDAC8_Wave1_DMA_dma.o)
 .debug_ranges  0x00000508       0x18 .\CortexM3\ARM_GCC_493\Debug\Wave Generator.a(WaveDAC8_Wave2_DMA_dma.o)
 .debug_ranges  0x00000520       0x48 .\CortexM3\ARM_GCC_493\Debug\Wave Generator.a(WaveDAC8_VDAC8.o)
 .debug_ranges  0x00000568       0xd8 .\CortexM3\ARM_GCC_493\Debug\Wave Generator.a(ADC.o)
 .debug_ranges  0x00000640       0x28 .\CortexM3\ARM_GCC_493\Debug\Wave Generator.a(ADC_INT.o)
 .debug_ranges  0x00000668       0x20 .\CortexM3\ARM_GCC_493\Debug\Wave Generator.a(ADC_AMux.o)
 .debug_ranges  0x00000688       0x60 .\CortexM3\ARM_GCC_493\Debug\Wave Generator.a(ADC_Ext_CP_Clk.o)
 .debug_ranges  0x000006e8       0x70 .\CortexM3\ARM_GCC_493\Debug\Wave Generator.a(ADC_theACLK.o)
 .debug_ranges  0x00000758       0x18 .\CortexM3\ARM_GCC_493\Debug\Wave Generator.a(RxDMA_dma.o)
 .debug_ranges  0x00000770       0x18 .\CortexM3\ARM_GCC_493\Debug\Wave Generator.a(TxDMA_0_dma.o)
 .debug_ranges  0x00000788       0x18 .\CortexM3\ARM_GCC_493\Debug\Wave Generator.a(TxDMA_1_dma.o)
 .debug_ranges  0x000007a0       0x90 .\CortexM3\ARM_GCC_493\Debug\Wave Generator.a(UART.o)
 .debug_ranges  0x00000830       0x60 .\CortexM3\ARM_GCC_493\Debug\Wave Generator.a(UART_IntClock.o)
 .debug_ranges  0x00000890       0x68 .\CortexM3\ARM_GCC_493\Debug\Wave Generator.a(CyFlash.o)
 .debug_ranges  0x000008f8       0x58 .\CortexM3\ARM_GCC_493\Debug\Wave Generator.a(CySpc.o)

.comment        0x00000000       0x70
 .comment       0x00000000       0x70 .\CortexM3\ARM_GCC_493\Debug\main.o
                                 0x71 (size before relaxing)
 .comment       0x00000000       0x71 .\CortexM3\ARM_GCC_493\Debug\cymetadata.o
 .comment       0x00000000       0x71 .\CortexM3\ARM_GCC_493\Debug\Cm3Start.o
 .comment       0x00000000       0x71 .\CortexM3\ARM_GCC_493\Debug\Wave Generator.a(cyfitter_cfg.o)
 .comment       0x00000000       0x71 .\CortexM3\ARM_GCC_493\Debug\Wave Generator.a(I2S.o)
 .comment       0x00000000       0x71 .\CortexM3\ARM_GCC_493\Debug\Wave Generator.a(CyDmac.o)
 .comment       0x00000000       0x71 .\CortexM3\ARM_GCC_493\Debug\Wave Generator.a(CyLib.o)
 .comment       0x00000000       0x71 .\CortexM3\ARM_GCC_493\Debug\Wave Generator.a(cyPm.o)
 .comment       0x00000000       0x71 .\CortexM3\ARM_GCC_493\Debug\Wave Generator.a(WaveDAC8.o)
 .comment       0x00000000       0x71 .\CortexM3\ARM_GCC_493\Debug\Wave Generator.a(WaveDAC8_DacClk.o)
 .comment       0x00000000       0x71 .\CortexM3\ARM_GCC_493\Debug\Wave Generator.a(WaveDAC8_Wave1_DMA_dma.o)
 .comment       0x00000000       0x71 .\CortexM3\ARM_GCC_493\Debug\Wave Generator.a(WaveDAC8_Wave2_DMA_dma.o)
 .comment       0x00000000       0x71 .\CortexM3\ARM_GCC_493\Debug\Wave Generator.a(WaveDAC8_VDAC8.o)
 .comment       0x00000000       0x71 .\CortexM3\ARM_GCC_493\Debug\Wave Generator.a(ADC.o)
 .comment       0x00000000       0x71 .\CortexM3\ARM_GCC_493\Debug\Wave Generator.a(ADC_INT.o)
 .comment       0x00000000       0x71 .\CortexM3\ARM_GCC_493\Debug\Wave Generator.a(ADC_AMux.o)
 .comment       0x00000000       0x71 .\CortexM3\ARM_GCC_493\Debug\Wave Generator.a(ADC_Ext_CP_Clk.o)
 .comment       0x00000000       0x71 .\CortexM3\ARM_GCC_493\Debug\Wave Generator.a(ADC_theACLK.o)
 .comment       0x00000000       0x71 .\CortexM3\ARM_GCC_493\Debug\Wave Generator.a(RxDMA_dma.o)
 .comment       0x00000000       0x71 .\CortexM3\ARM_GCC_493\Debug\Wave Generator.a(TxDMA_0_dma.o)
 .comment       0x00000000       0x71 .\CortexM3\ARM_GCC_493\Debug\Wave Generator.a(TxDMA_1_dma.o)
 .comment       0x00000000       0x71 .\CortexM3\ARM_GCC_493\Debug\Wave Generator.a(UART.o)
 .comment       0x00000000       0x71 .\CortexM3\ARM_GCC_493\Debug\Wave Generator.a(UART_IntClock.o)
 .comment       0x00000000       0x71 .\CortexM3\ARM_GCC_493\Debug\Wave Generator.a(CyFlash.o)
 .comment       0x00000000       0x71 .\CortexM3\ARM_GCC_493\Debug\Wave Generator.a(CySpc.o)

.debug_weaknames
 *(.debug_weaknames)

.debug_funcnames
 *(.debug_funcnames)

.debug_typenames
 *(.debug_typenames)

.debug_varnames
 *(.debug_varnames)

.note.gnu.arm.ident
 *(.note.gnu.arm.ident)

.ARM.attributes
                0x00000000       0x29
 *(.ARM.attributes)
 .ARM.attributes
                0x00000000       0x1d c:/program files (x86)/cypress/psoc creator/3.3/psoc creator/import/gnu/arm/4.9.3/bin/../lib/gcc/arm-none-eabi/4.9.3/armv7-m/crti.o
 .ARM.attributes
                0x0000001d       0x2d c:/program files (x86)/cypress/psoc creator/3.3/psoc creator/import/gnu/arm/4.9.3/bin/../lib/gcc/arm-none-eabi/4.9.3/armv7-m/crtbegin.o
 .ARM.attributes
                0x0000004a       0x1b c:/program files (x86)/cypress/psoc creator/3.3/psoc creator/import/gnu/arm/4.9.3/bin/../lib/gcc/arm-none-eabi/4.9.3/../../../../arm-none-eabi/lib/armv7-m/crt0.o
 .ARM.attributes
                0x00000065       0x33 .\CortexM3\ARM_GCC_493\Debug\main.o
 .ARM.attributes
                0x00000098       0x33 .\CortexM3\ARM_GCC_493\Debug\cymetadata.o
 .ARM.attributes
                0x000000cb       0x33 .\CortexM3\ARM_GCC_493\Debug\Cm3Start.o
 .ARM.attributes
                0x000000fe       0x33 .\CortexM3\ARM_GCC_493\Debug\Wave Generator.a(cyfitter_cfg.o)
 .ARM.attributes
                0x00000131       0x33 .\CortexM3\ARM_GCC_493\Debug\Wave Generator.a(I2S.o)
 .ARM.attributes
                0x00000164       0x21 .\CortexM3\ARM_GCC_493\Debug\Wave Generator.a(CyBootAsmGnu.o)
 .ARM.attributes
                0x00000185       0x33 .\CortexM3\ARM_GCC_493\Debug\Wave Generator.a(CyDmac.o)
 .ARM.attributes
                0x000001b8       0x33 .\CortexM3\ARM_GCC_493\Debug\Wave Generator.a(CyLib.o)
 .ARM.attributes
                0x000001eb       0x33 .\CortexM3\ARM_GCC_493\Debug\Wave Generator.a(cyPm.o)
 .ARM.attributes
                0x0000021e       0x33 .\CortexM3\ARM_GCC_493\Debug\Wave Generator.a(WaveDAC8.o)
 .ARM.attributes
                0x00000251       0x33 .\CortexM3\ARM_GCC_493\Debug\Wave Generator.a(WaveDAC8_DacClk.o)
 .ARM.attributes
                0x00000284       0x33 .\CortexM3\ARM_GCC_493\Debug\Wave Generator.a(WaveDAC8_Wave1_DMA_dma.o)
 .ARM.attributes
                0x000002b7       0x33 .\CortexM3\ARM_GCC_493\Debug\Wave Generator.a(WaveDAC8_Wave2_DMA_dma.o)
 .ARM.attributes
                0x000002ea       0x33 .\CortexM3\ARM_GCC_493\Debug\Wave Generator.a(WaveDAC8_VDAC8.o)
 .ARM.attributes
                0x0000031d       0x33 .\CortexM3\ARM_GCC_493\Debug\Wave Generator.a(ADC.o)
 .ARM.attributes
                0x00000350       0x33 .\CortexM3\ARM_GCC_493\Debug\Wave Generator.a(ADC_INT.o)
 .ARM.attributes
                0x00000383       0x33 .\CortexM3\ARM_GCC_493\Debug\Wave Generator.a(ADC_AMux.o)
 .ARM.attributes
                0x000003b6       0x33 .\CortexM3\ARM_GCC_493\Debug\Wave Generator.a(ADC_Ext_CP_Clk.o)
 .ARM.attributes
                0x000003e9       0x33 .\CortexM3\ARM_GCC_493\Debug\Wave Generator.a(ADC_theACLK.o)
 .ARM.attributes
                0x0000041c       0x33 .\CortexM3\ARM_GCC_493\Debug\Wave Generator.a(RxDMA_dma.o)
 .ARM.attributes
                0x0000044f       0x33 .\CortexM3\ARM_GCC_493\Debug\Wave Generator.a(TxDMA_0_dma.o)
 .ARM.attributes
                0x00000482       0x33 .\CortexM3\ARM_GCC_493\Debug\Wave Generator.a(TxDMA_1_dma.o)
 .ARM.attributes
                0x000004b5       0x33 .\CortexM3\ARM_GCC_493\Debug\Wave Generator.a(UART.o)
 .ARM.attributes
                0x000004e8       0x33 .\CortexM3\ARM_GCC_493\Debug\Wave Generator.a(UART_IntClock.o)
 .ARM.attributes
                0x0000051b       0x33 .\CortexM3\ARM_GCC_493\Debug\Wave Generator.a(CyFlash.o)
 .ARM.attributes
                0x0000054e       0x33 .\CortexM3\ARM_GCC_493\Debug\Wave Generator.a(CySpc.o)
 .ARM.attributes
                0x00000581       0x1d c:/program files (x86)/cypress/psoc creator/3.3/psoc creator/import/gnu/arm/4.9.3/bin/../lib/gcc/arm-none-eabi/4.9.3/armv7-m\libgcc.a(_arm_addsubdf3.o)
 .ARM.attributes
                0x0000059e       0x1d c:/program files (x86)/cypress/psoc creator/3.3/psoc creator/import/gnu/arm/4.9.3/bin/../lib/gcc/arm-none-eabi/4.9.3/armv7-m\libgcc.a(_arm_cmpdf2.o)
 .ARM.attributes
                0x000005bb       0x1d c:/program files (x86)/cypress/psoc creator/3.3/psoc creator/import/gnu/arm/4.9.3/bin/../lib/gcc/arm-none-eabi/4.9.3/armv7-m\libgcc.a(_arm_addsubsf3.o)
 .ARM.attributes
                0x000005d8       0x1d c:/program files (x86)/cypress/psoc creator/3.3/psoc creator/import/gnu/arm/4.9.3/bin/../lib/gcc/arm-none-eabi/4.9.3/armv7-m\libgcc.a(_arm_muldivsf3.o)
 .ARM.attributes
                0x000005f5       0x1d c:/program files (x86)/cypress/psoc creator/3.3/psoc creator/import/gnu/arm/4.9.3/bin/../lib/gcc/arm-none-eabi/4.9.3/armv7-m\libgcc.a(_arm_fixunssfsi.o)
 .ARM.attributes
                0x00000612       0x2d c:/program files (x86)/cypress/psoc creator/3.3/psoc creator/import/gnu/arm/4.9.3/bin/../lib/gcc/arm-none-eabi/4.9.3/../../../../arm-none-eabi/lib/armv7-m\libg_nano.a(lib_a-exit.o)
 .ARM.attributes
                0x0000063f       0x2d c:/program files (x86)/cypress/psoc creator/3.3/psoc creator/import/gnu/arm/4.9.3/bin/../lib/gcc/arm-none-eabi/4.9.3/../../../../arm-none-eabi/lib/armv7-m\libg_nano.a(lib_a-impure.o)
 .ARM.attributes
                0x0000066c       0x2d c:/program files (x86)/cypress/psoc creator/3.3/psoc creator/import/gnu/arm/4.9.3/bin/../lib/gcc/arm-none-eabi/4.9.3/../../../../arm-none-eabi/lib/armv7-m\libg_nano.a(lib_a-init.o)
 .ARM.attributes
                0x00000699       0x2d c:/program files (x86)/cypress/psoc creator/3.3/psoc creator/import/gnu/arm/4.9.3/bin/../lib/gcc/arm-none-eabi/4.9.3/../../../../arm-none-eabi/lib/armv7-m\libg_nano.a(lib_a-memcpy.o)
 .ARM.attributes
                0x000006c6       0x2d c:/program files (x86)/cypress/psoc creator/3.3/psoc creator/import/gnu/arm/4.9.3/bin/../lib/gcc/arm-none-eabi/4.9.3/../../../../arm-none-eabi/lib/armv7-m\libg_nano.a(lib_a-memset.o)
 .ARM.attributes
                0x000006f3       0x2d c:/program files (x86)/cypress/psoc creator/3.3/psoc creator/import/gnu/arm/4.9.3/bin/../lib/gcc/arm-none-eabi/4.9.3/../../../../arm-none-eabi/lib/armv7-m\libg_nano.a(lib_a-sprintf.o)
 .ARM.attributes
                0x00000720       0x2d c:/program files (x86)/cypress/psoc creator/3.3/psoc creator/import/gnu/arm/4.9.3/bin/../lib/gcc/arm-none-eabi/4.9.3/../../../../arm-none-eabi/lib/armv7-m\libg_nano.a(lib_a-nano-svfprintf.o)
 .ARM.attributes
                0x0000074d       0x2d c:/program files (x86)/cypress/psoc creator/3.3/psoc creator/import/gnu/arm/4.9.3/bin/../lib/gcc/arm-none-eabi/4.9.3/../../../../arm-none-eabi/lib/armv7-m\libg_nano.a(lib_a-nano-vfprintf_i.o)
 .ARM.attributes
                0x0000077a       0x2d c:/program files (x86)/cypress/psoc creator/3.3/psoc creator/import/gnu/arm/4.9.3/bin/../lib/gcc/arm-none-eabi/4.9.3/../../../../arm-none-eabi/lib/armv7-m\libg_nano.a(lib_a-memchr.o)
 .ARM.attributes
                0x000007a7       0x2d c:/program files (x86)/cypress/psoc creator/3.3/psoc creator/import/gnu/arm/4.9.3/bin/../lib/gcc/arm-none-eabi/4.9.3/../../../../arm-none-eabi/lib/armv7-m\libg_nano.a(lib_a-memmove.o)
 .ARM.attributes
                0x000007d4       0x2d c:/program files (x86)/cypress/psoc creator/3.3/psoc creator/import/gnu/arm/4.9.3/bin/../lib/gcc/arm-none-eabi/4.9.3/../../../../arm-none-eabi/lib/armv7-m\libg_nano.a(lib_a-nano-freer.o)
 .ARM.attributes
                0x00000801       0x2d c:/program files (x86)/cypress/psoc creator/3.3/psoc creator/import/gnu/arm/4.9.3/bin/../lib/gcc/arm-none-eabi/4.9.3/../../../../arm-none-eabi/lib/armv7-m\libg_nano.a(lib_a-nano-mallocr.o)
 .ARM.attributes
                0x0000082e       0x2d c:/program files (x86)/cypress/psoc creator/3.3/psoc creator/import/gnu/arm/4.9.3/bin/../lib/gcc/arm-none-eabi/4.9.3/../../../../arm-none-eabi/lib/armv7-m\libg_nano.a(lib_a-nano-reallocr.o)
 .ARM.attributes
                0x0000085b       0x2d c:/program files (x86)/cypress/psoc creator/3.3/psoc creator/import/gnu/arm/4.9.3/bin/../lib/gcc/arm-none-eabi/4.9.3/../../../../arm-none-eabi/lib/armv7-m\libg_nano.a(lib_a-sbrkr.o)
 .ARM.attributes
                0x00000888       0x2d c:/program files (x86)/cypress/psoc creator/3.3/psoc creator/import/gnu/arm/4.9.3/bin/../lib/gcc/arm-none-eabi/4.9.3/../../../../arm-none-eabi/lib/armv7-m\libg_nano.a(lib_a-nano-msizer.o)
 .ARM.attributes
                0x000008b5       0x2d c:/program files (x86)/cypress/psoc creator/3.3/psoc creator/import/gnu/arm/4.9.3/bin/../lib/gcc/arm-none-eabi/4.9.3/../../../../arm-none-eabi/lib/armv7-m\libg_nano.a(lib_a-reent.o)
 .ARM.attributes
                0x000008e2       0x2d c:/program files (x86)/cypress/psoc creator/3.3/psoc creator/import/gnu/arm/4.9.3/bin/../lib/gcc/arm-none-eabi/4.9.3/armv7-m/crtend.o
 .ARM.attributes
                0x0000090f       0x1d c:/program files (x86)/cypress/psoc creator/3.3/psoc creator/import/gnu/arm/4.9.3/bin/../lib/gcc/arm-none-eabi/4.9.3/armv7-m/crtn.o
 .ARM.attributes
                0x0000092c       0x2d c:/program files (x86)/cypress/psoc creator/3.3/psoc creator/import/gnu/arm/4.9.3/bin/../lib/gcc/arm-none-eabi/4.9.3/../../../../arm-none-eabi/lib/armv7-m\libnosys.a(sbrk.o)

/DISCARD/
 *(.note.GNU-stack)
OUTPUT(.\CortexM3\ARM_GCC_493\Debug\Wave Generator.elf elf32-littlearm)
