Release 14.7 - xst P.20131013 (nt64)
Copyright (c) 1995-2013 Xilinx, Inc.  All rights reserved.
--> Parameter TMPDIR set to xst/projnav.tmp


Total REAL time to Xst completion: 0.00 secs
Total CPU time to Xst completion: 0.12 secs
 
--> Parameter xsthdpdir set to xst


Total REAL time to Xst completion: 0.00 secs
Total CPU time to Xst completion: 0.12 secs
 
--> Reading design: chip.prj

TABLE OF CONTENTS
  1) Synthesis Options Summary
  2) HDL Compilation
  3) Design Hierarchy Analysis
  4) HDL Analysis
  5) HDL Synthesis
     5.1) HDL Synthesis Report
  6) Advanced HDL Synthesis
     6.1) Advanced HDL Synthesis Report
  7) Low Level Synthesis
  8) Partition Report
  9) Final Report
	9.1) Device utilization summary
	9.2) Partition Resource Summary
	9.3) TIMING REPORT


=========================================================================
*                      Synthesis Options Summary                        *
=========================================================================
---- Source Parameters
Input File Name                    : "chip.prj"
Input Format                       : mixed
Ignore Synthesis Constraint File   : NO

---- Target Parameters
Output File Name                   : "chip"
Output Format                      : NGC
Target Device                      : xc3s100e-5-vq100

---- Source Options
Top Module Name                    : chip
Automatic FSM Extraction           : YES
FSM Encoding Algorithm             : Auto
Safe Implementation                : No
FSM Style                          : LUT
RAM Extraction                     : Yes
RAM Style                          : Auto
ROM Extraction                     : Yes
Mux Style                          : Auto
Decoder Extraction                 : YES
Priority Encoder Extraction        : Yes
Shift Register Extraction          : YES
Logical Shifter Extraction         : YES
XOR Collapsing                     : YES
ROM Style                          : Auto
Mux Extraction                     : Yes
Resource Sharing                   : YES
Asynchronous To Synchronous        : NO
Multiplier Style                   : Auto
Automatic Register Balancing       : No

---- Target Options
Add IO Buffers                     : YES
Global Maximum Fanout              : 100000
Add Generic Clock Buffer(BUFG)     : 24
Register Duplication               : YES
Slice Packing                      : YES
Optimize Instantiated Primitives   : NO
Use Clock Enable                   : Yes
Use Synchronous Set                : Yes
Use Synchronous Reset              : Yes
Pack IO Registers into IOBs        : Auto
Equivalent register Removal        : YES

---- General Options
Optimization Goal                  : Speed
Optimization Effort                : 1
Keep Hierarchy                     : No
Netlist Hierarchy                  : As_Optimized
RTL Output                         : Yes
Global Optimization                : AllClockNets
Read Cores                         : YES
Write Timing Constraints           : NO
Cross Clock Analysis               : NO
Hierarchy Separator                : /
Bus Delimiter                      : <>
Case Specifier                     : Maintain
Slice Utilization Ratio            : 100
BRAM Utilization Ratio             : 100
Verilog 2001                       : YES
Auto BRAM Packing                  : NO
Slice Utilization Ratio Delta      : 5

=========================================================================


=========================================================================
*                          HDL Compilation                              *
=========================================================================
Compiling verilog file "filter_storage.v" in library work
Compiling verilog file "synchronizer.v" in library work
Module <filter_storage> compiled
Compiling verilog file "i2si_mux.v" in library work
Module <synchronizer> compiled
Compiling verilog file "i2si_deserializer.v" in library work
Module <i2si_mux> compiled
Compiling verilog file "i2si_bist_gen.v" in library work
Module <i2si_deserializer> compiled
Compiling verilog file "filter_stm.v" in library work
Module <i2si_bist_gen> compiled
WARNING:HDLCompilers:299 - "filter_stm.v" line 168 Too many digits specified in binary constant
Compiling verilog file "filter_barrel_shifter.v" in library work
Module <filter_stm> compiled
Compiling verilog file "filter_accumulator.v" in library work
Module <filter_barrel_shifter> compiled
Compiling verilog file "fifo.v" in library work
Module <filter_accumulator> compiled
Compiling verilog file "register.v" in library work
Module <fifo> compiled
Compiling verilog file "i2so.v" in library work
Module <register> compiled
Compiling verilog file "i2si.v" in library work
Module <i2so> compiled
Compiling verilog file "i2c.v" in library work
Module <i2si> compiled
Compiling verilog file "filter.v" in library work
Module <i2c> compiled
Compiling verilog file "chip.v" in library work
Module <filter> compiled
Module <chip> compiled
WARNING:HDLCompilers:258 - "filter_storage.v" line 23 Range on redeclaration of 'rddata' overrides range on output declaration at "filter_storage.v" line 14 
No errors in compilation
Analysis of file <"chip.prj"> succeeded.
 

=========================================================================
*                     Design Hierarchy Analysis                         *
=========================================================================
Analyzing hierarchy for module <chip> in library <work>.

Analyzing hierarchy for module <i2si> in library <work>.

Analyzing hierarchy for module <filter> in library <work>.

Analyzing hierarchy for module <i2so> in library <work>.

Analyzing hierarchy for module <register> in library <work>.

Analyzing hierarchy for module <synchronizer> in library <work>.

Analyzing hierarchy for module <i2si_deserializer> in library <work> with parameters.
	S0 = "0"
	S1 = "1"

Analyzing hierarchy for module <i2si_bist_gen> in library <work>.

Analyzing hierarchy for module <i2si_mux> in library <work>.

Analyzing hierarchy for module <fifo> in library <work>.

Analyzing hierarchy for module <filter_stm> in library <work> with parameters.
	IDLE = "0001"
	IDLE_ID = "00000000000000000000000000000000"
	MULTIPLY = "1000"
	MULTIPLY_1ST = "0100"
	MULTIPLY_1ST_ID = "00000000000000000000000000000010"
	MULTIPLY_ID = "00000000000000000000000000000011"
	PTR = "00000000000000000000000000000101"
	TRANSFER = "0010"
	TRANSFER_ID = "00000000000000000000000000000001"
	WIDTH = "00000000000000000000000000010000"

Analyzing hierarchy for module <filter_accumulator> in library <work>.

Analyzing hierarchy for module <filter_barrel_shifter> in library <work>.

Analyzing hierarchy for module <filter_storage> in library <work> with parameters.
	DEPTH = "00000000000000000000000000001011"


=========================================================================
*                            HDL Analysis                               *
=========================================================================
Analyzing top module <chip>.
WARNING:Xst:852 - "chip.v" line 16: Unconnected input port 'rf_bist_inc' of instance 'i2si' is tied to GND.
WARNING:Xst:2211 - "i2c.v" line 55: Instantiating black box module <i2c>.
Module <chip> is correct for synthesis.
 
Analyzing module <i2si> in library <work>.
WARNING:Xst:852 - "i2si.v" line 68: Unconnected input port 'i2si_sck' of instance 'Bist' is tied to GND.
Module <i2si> is correct for synthesis.
 
Analyzing module <synchronizer> in library <work>.
Module <synchronizer> is correct for synthesis.
 
Analyzing module <i2si_deserializer> in library <work>.
	S0 = 1'b0
	S1 = 1'b1
Module <i2si_deserializer> is correct for synthesis.
 
Analyzing module <i2si_bist_gen> in library <work>.
Module <i2si_bist_gen> is correct for synthesis.
 
Analyzing module <i2si_mux> in library <work>.
Module <i2si_mux> is correct for synthesis.
 
Analyzing module <fifo> in library <work>.
Module <fifo> is correct for synthesis.
 
Analyzing module <filter> in library <work>.
Module <filter> is correct for synthesis.
 
Analyzing module <filter_stm> in library <work>.
	IDLE = 4'b0001
	IDLE_ID = 32'sb00000000000000000000000000000000
	MULTIPLY = 4'b1000
	MULTIPLY_1ST = 4'b0100
	MULTIPLY_1ST_ID = 32'sb00000000000000000000000000000010
	MULTIPLY_ID = 32'sb00000000000000000000000000000011
	PTR = 32'sb00000000000000000000000000000101
	TRANSFER = 4'b0010
	TRANSFER_ID = 32'sb00000000000000000000000000000001
	WIDTH = 32'sb00000000000000000000000000010000
Module <filter_stm> is correct for synthesis.
 
Analyzing module <filter_storage> in library <work>.
	DEPTH = 32'sb00000000000000000000000000001011
INFO:Xst:1607 - Contents of array <ram> may be accessed with an index that does not cover the full array size.
INFO:Xst:1607 - Contents of array <ram> may be accessed with an index that does not cover the full array size.
Module <filter_storage> is correct for synthesis.
 
Analyzing module <filter_accumulator> in library <work>.
Module <filter_accumulator> is correct for synthesis.
 
Analyzing module <filter_barrel_shifter> in library <work>.
WARNING:Xst:2725 - "filter_barrel_shifter.v" line 79: Size mismatch between case item and case selector.
WARNING:Xst:2725 - "filter_barrel_shifter.v" line 80: Size mismatch between case item and case selector.
WARNING:Xst:2725 - "filter_barrel_shifter.v" line 81: Size mismatch between case item and case selector.
WARNING:Xst:2725 - "filter_barrel_shifter.v" line 82: Size mismatch between case item and case selector.
WARNING:Xst:2725 - "filter_barrel_shifter.v" line 83: Size mismatch between case item and case selector.
WARNING:Xst:2725 - "filter_barrel_shifter.v" line 84: Size mismatch between case item and case selector.
WARNING:Xst:2725 - "filter_barrel_shifter.v" line 85: Size mismatch between case item and case selector.
WARNING:Xst:2725 - "filter_barrel_shifter.v" line 86: Size mismatch between case item and case selector.
WARNING:Xst:2725 - "filter_barrel_shifter.v" line 87: Size mismatch between case item and case selector.
WARNING:Xst:2725 - "filter_barrel_shifter.v" line 88: Size mismatch between case item and case selector.
WARNING:Xst:2725 - "filter_barrel_shifter.v" line 89: Size mismatch between case item and case selector.
WARNING:Xst:2725 - "filter_barrel_shifter.v" line 90: Size mismatch between case item and case selector.
WARNING:Xst:2725 - "filter_barrel_shifter.v" line 91: Size mismatch between case item and case selector.
WARNING:Xst:2725 - "filter_barrel_shifter.v" line 92: Size mismatch between case item and case selector.
WARNING:Xst:2725 - "filter_barrel_shifter.v" line 93: Size mismatch between case item and case selector.
WARNING:Xst:2725 - "filter_barrel_shifter.v" line 94: Size mismatch between case item and case selector.
WARNING:Xst:2725 - "filter_barrel_shifter.v" line 95: Size mismatch between case item and case selector.
WARNING:Xst:2725 - "filter_barrel_shifter.v" line 96: Size mismatch between case item and case selector.
WARNING:Xst:2725 - "filter_barrel_shifter.v" line 97: Size mismatch between case item and case selector.
WARNING:Xst:2725 - "filter_barrel_shifter.v" line 98: Size mismatch between case item and case selector.
WARNING:Xst:2725 - "filter_barrel_shifter.v" line 99: Size mismatch between case item and case selector.
WARNING:Xst:2725 - "filter_barrel_shifter.v" line 100: Size mismatch between case item and case selector.
WARNING:Xst:2725 - "filter_barrel_shifter.v" line 101: Size mismatch between case item and case selector.
WARNING:Xst:2725 - "filter_barrel_shifter.v" line 102: Size mismatch between case item and case selector.
WARNING:Xst:2725 - "filter_barrel_shifter.v" line 103: Size mismatch between case item and case selector.
WARNING:Xst:2725 - "filter_barrel_shifter.v" line 104: Size mismatch between case item and case selector.
WARNING:Xst:2725 - "filter_barrel_shifter.v" line 105: Size mismatch between case item and case selector.
WARNING:Xst:2725 - "filter_barrel_shifter.v" line 106: Size mismatch between case item and case selector.
WARNING:Xst:2725 - "filter_barrel_shifter.v" line 107: Size mismatch between case item and case selector.
WARNING:Xst:2725 - "filter_barrel_shifter.v" line 108: Size mismatch between case item and case selector.
WARNING:Xst:2725 - "filter_barrel_shifter.v" line 109: Size mismatch between case item and case selector.
Module <filter_barrel_shifter> is correct for synthesis.
 
Analyzing module <i2so> in library <work>.
Module <i2so> is correct for synthesis.
 
Analyzing module <register> in library <work>.
Module <register> is correct for synthesis.
 

=========================================================================
*                           HDL Synthesis                               *
=========================================================================

Performing bidirectional port resolution...

Synthesizing Unit <i2so>.
    Related source file is "i2so.v".
    Found 1-bit register for signal <i2so_sd>.
    Found 1-bit register for signal <i2so_ws>.
    Found 1-bit 16-to-1 multiplexer for signal <$varindex0000> created at line 113.
    Found 1-bit 16-to-1 multiplexer for signal <$varindex0001> created at line 118.
    Found 4-bit down counter for signal <bit_count>.
    Found 1-bit register for signal <filt_i2so_rts_delay>.
    Found 16-bit register for signal <lft_data>.
    Found 1-bit register for signal <LR>.
    Found 16-bit register for signal <rgt_data>.
    Found 1-bit register for signal <serializer_active>.
    Summary:
	inferred   1 Counter(s).
	inferred  37 D-type flip-flop(s).
	inferred   2 Multiplexer(s).
Unit <i2so> synthesized.


Synthesizing Unit <register>.
    Related source file is "register.v".
WARNING:Xst:647 - Input <wdata<7:3>> is never used. This port will be preserved and left unconnected if it belongs to a top-level block or it belongs to a sub-block and the hierarchy of this sub-block is preserved.
WARNING:Xst:647 - Input <wdata<1>> is never used. This port will be preserved and left unconnected if it belongs to a top-level block or it belongs to a sub-block and the hierarchy of this sub-block is preserved.
    Found 1-bit register for signal <trig_i2so_fifo_underrun_clr>.
    Found 1-bit register for signal <trig_i2si_fifo_overrun_clr>.
    Summary:
	inferred   2 D-type flip-flop(s).
Unit <register> synthesized.


Synthesizing Unit <synchronizer>.
    Related source file is "synchronizer.v".
    Found 3-bit register for signal <sck_vec>.
    Found 4-bit register for signal <sd_vec>.
    Found 4-bit register for signal <ws_vec>.
    Summary:
	inferred  11 D-type flip-flop(s).
Unit <synchronizer> synthesized.


Synthesizing Unit <i2si_deserializer>.
    Related source file is "i2si_deserializer.v".
    Found 1-bit register for signal <i2si_xfc>.
    Found 16-bit register for signal <i2si_rgt>.
    Found 16-bit register for signal <i2si_lft>.
    Found 1-bit register for signal <armed1>.
    Found 1-bit register for signal <armed2>.
    Found 1-bit register for signal <in_left>.
    Found 1-bit register for signal <in_left_delay>.
    Found 2-bit register for signal <rst_vec>.
    Found 3-bit register for signal <sck_vec>.
    Found 4-bit register for signal <sd_vec>.
    Found 1-bit register for signal <state>.
    Found 5-bit register for signal <ws_vec>.
    Summary:
	inferred  52 D-type flip-flop(s).
Unit <i2si_deserializer> synthesized.


Synthesizing Unit <i2si_bist_gen>.
    Related source file is "i2si_bist_gen.v".
WARNING:Xst:647 - Input <rst> is never used. This port will be preserved and left unconnected if it belongs to a top-level block or it belongs to a sub-block and the hierarchy of this sub-block is preserved.
WARNING:Xst:647 - Input <i2si_sck> is never used. This port will be preserved and left unconnected if it belongs to a top-level block or it belongs to a sub-block and the hierarchy of this sub-block is preserved.
WARNING:Xst:1305 - Output <i2si_bist_out_xfc> is never assigned. Tied to value 0.
WARNING:Xst:653 - Signal <sck_vec<2:1>> is used but never assigned. This sourceless signal will be automatically connected to value 00.
WARNING:Xst:1780 - Signal <sck_vec<0>> is never used or assigned. This unconnected signal will be trimmed during the optimization process.
WARNING:Xst:1780 - Signal <sck_d1> is never used or assigned. This unconnected signal will be trimmed during the optimization process.
    Found 32-bit register for signal <i2si_bist_out_data>.
    Found 1-bit register for signal <counter>.
    Found 32-bit comparator less for signal <i2si_bist_out_data$cmp_lt0000> created at line 62.
    Found 32-bit adder for signal <old_sck_cnt_3$addsub0000> created at line 54.
    Found 32-bit register for signal <sck_cnt>.
    Summary:
	inferred  65 D-type flip-flop(s).
	inferred   1 Adder/Subtractor(s).
	inferred   1 Comparator(s).
Unit <i2si_bist_gen> synthesized.


Synthesizing Unit <i2si_mux>.
    Related source file is "i2si_mux.v".
Unit <i2si_mux> synthesized.


Synthesizing Unit <fifo>.
    Related source file is "fifo.v".
WARNING:Xst:647 - Input <fifo_inp_data<31:8>> is never used. This port will be preserved and left unconnected if it belongs to a top-level block or it belongs to a sub-block and the hierarchy of this sub-block is preserved.
    Found 32-bit register for signal <fifo_out_data>.
    Found 64-bit register for signal <buf_mem>.
    Found 4-bit updown counter for signal <fifo_counter>.
    Found 8-bit 8-to-1 multiplexer for signal <fifo_out_data$varindex0000> created at line 51.
    Found 3-bit up counter for signal <rd_ptr>.
    Found 3-bit up counter for signal <wr_ptr>.
    Summary:
	inferred   3 Counter(s).
	inferred  96 D-type flip-flop(s).
	inferred  16 Multiplexer(s).
Unit <fifo> synthesized.


Synthesizing Unit <filter_accumulator>.
    Related source file is "filter_accumulator.v".
    Found 41-bit up accumulator for signal <tmp>.
    Summary:
	inferred   1 Accumulator(s).
Unit <filter_accumulator> synthesized.


Synthesizing Unit <filter_barrel_shifter>.
    Related source file is "filter_barrel_shifter.v".
Unit <filter_barrel_shifter> synthesized.


Synthesizing Unit <filter_storage>.
    Related source file is "filter_storage.v".
WARNING:Xst:647 - Input <wrdata<31>> is never used. This port will be preserved and left unconnected if it belongs to a top-level block or it belongs to a sub-block and the hierarchy of this sub-block is preserved.
    Found 64x31-bit dual-port RAM <Mram_ram> for signal <ram>.
    Found 31-bit register for signal <rddata>.
    Summary:
	inferred   1 RAM(s).
	inferred  31 D-type flip-flop(s).
Unit <filter_storage> synthesized.


Synthesizing Unit <i2si>.
    Related source file is "i2si.v".
WARNING:Xst:647 - Input <i2si_rtr> is never used. This port will be preserved and left unconnected if it belongs to a top-level block or it belongs to a sub-block and the hierarchy of this sub-block is preserved.
WARNING:Xst:646 - Signal <sck_transition> is assigned but never used. This unconnected signal will be trimmed during the optimization process.
WARNING:Xst:653 - Signal <fifo_out_rtr> is used but never assigned. This sourceless signal will be automatically connected to value 0.
WARNING:Xst:646 - Signal <fifo_inp_rtr> is assigned but never used. This unconnected signal will be trimmed during the optimization process.
    Found 1-bit register for signal <ro_fifo_overrun>.
    Summary:
	inferred   1 D-type flip-flop(s).
Unit <i2si> synthesized.


Synthesizing Unit <filter_stm>.
    Related source file is "filter_stm.v".
WARNING:Xst:646 - Signal <x_unit<31>> is assigned but never used. This unconnected signal will be trimmed during the optimization process.
    Found finite state machine <FSM_0> for signal <filter_state>.
    -----------------------------------------------------------------------
    | States             | 4                                              |
    | Transitions        | 8                                              |
    | Inputs             | 4                                              |
    | Outputs            | 4                                              |
    | Clock              | clk                       (rising_edge)        |
    | Reset              | rstb                      (negative)           |
    | Reset type         | asynchronous                                   |
    | Reset State        | 0001                                           |
    | Encoding           | automatic                                      |
    | Implementation     | LUT                                            |
    -----------------------------------------------------------------------
    Found 1-bit register for signal <do_multiply_1st>.
    Found 1-bit register for signal <rtr>.
    Found 6-bit register for signal <rd_addr>.
    Found 1-bit register for signal <do_multiply>.
    Found 1-bit register for signal <do_transfer>.
    Found 6-bit register for signal <wr_addr>.
    Found 1-bit register for signal <arr_x_re>.
    Found 6-bit register for signal <filter_count>.
    Found 6-bit adder for signal <filter_count_nxt$addsub0000> created at line 165.
    Found 1-bit register for signal <filter_need_new>.
    Found 1-bit register for signal <filter_running>.
    Found 1-bit register for signal <filter_running_1st>.
    Found 6-bit adder for signal <rd_addr_nxt$share0000> created at line 74.
    Found 6-bit adder for signal <wr_addr_nxt$addsub0000> created at line 102.
    Summary:
	inferred   1 Finite State Machine(s).
	inferred  26 D-type flip-flop(s).
	inferred   3 Adder/Subtractor(s).
Unit <filter_stm> synthesized.


Synthesizing Unit <filter>.
    Related source file is "filter.v".
WARNING:Xst:647 - Input <aud_out_rtr> is never used. This port will be preserved and left unconnected if it belongs to a top-level block or it belongs to a sub-block and the hierarchy of this sub-block is preserved.
WARNING:Xst:1305 - Output <aud_out_rts> is never assigned. Tied to value 0.
WARNING:Xst:646 - Signal <wr_addr> is assigned but never used. This unconnected signal will be trimmed during the optimization process.
WARNING:Xst:653 - Signal <sel_shift> is used but never assigned. This sourceless signal will be automatically connected to value 0.
WARNING:Xst:646 - Signal <rd_addr> is assigned but never used. This unconnected signal will be trimmed during the optimization process.
WARNING:Xst:646 - Signal <do_transfer> is assigned but never used. This unconnected signal will be trimmed during the optimization process.
WARNING:Xst:646 - Signal <do_multiply_1st> is assigned but never used. This unconnected signal will be trimmed during the optimization process.
WARNING:Xst:646 - Signal <do_multiply> is assigned but never used. This unconnected signal will be trimmed during the optimization process.
Unit <filter> synthesized.


Synthesizing Unit <chip>.
    Related source file is "chip.v".
WARNING:Xst:647 - Input <i2c_sda> is never used. This port will be preserved and left unconnected if it belongs to a top-level block or it belongs to a sub-block and the hierarchy of this sub-block is preserved.
WARNING:Xst:1306 - Output <i2so_sck> is never assigned.
WARNING:Xst:653 - Signal <xfc> is used but never assigned. This sourceless signal will be automatically connected to value 0.
WARNING:Xst:653 - Signal <wdata> is used but never assigned. This sourceless signal will be automatically connected to value 0.
WARNING:Xst:646 - Signal <trig_i2si_fifo_underrun_clr> is assigned but never used. This unconnected signal will be trimmed during the optimization process.
WARNING:Xst:646 - Signal <trig_i2si_fifo_overrun_clr> is assigned but never used. This unconnected signal will be trimmed during the optimization process.
WARNING:Xst:653 - Signal <sck_transition> is used but never assigned. This sourceless signal will be automatically connected to value 0.
WARNING:Xst:653 - Signal <rst_n> is used but never assigned. This sourceless signal will be automatically connected to value 0.
WARNING:Xst:653 - Signal <ro_i2c_reg_indir_data> is used but never assigned. This sourceless signal will be automatically connected to value 0.
WARNING:Xst:646 - Signal <ro_fifo_overrun> is assigned but never used. This unconnected signal will be trimmed during the optimization process.
WARNING:Xst:653 - Signal <rf_i2si_en> is used but never assigned. This sourceless signal will be automatically connected to value 0.
WARNING:Xst:653 - Signal <rf_i2c_reg_indir_addr> is used but never assigned. This sourceless signal will be automatically connected to value 0.
WARNING:Xst:653 - Signal <rf_bist_up_limit> is used but never assigned. This sourceless signal will be automatically connected to value 0.
WARNING:Xst:653 - Signal <rf_bist_start_val> is used but never assigned. This sourceless signal will be automatically connected to value 0.
WARNING:Xst:653 - Signal <rf_bist_en> is used but never assigned. This sourceless signal will be automatically connected to value 0.
WARNING:Xst:646 - Signal <i2si_rts> is assigned but never used. This unconnected signal will be trimmed during the optimization process.
WARNING:Xst:653 - Signal <i2si_rtr> is used but never assigned. This sourceless signal will be automatically connected to value 0.
WARNING:Xst:646 - Signal <i2si_data> is assigned but never used. This unconnected signal will be trimmed during the optimization process.
WARNING:Xst:653 - Signal <i2c_xfc> is used but never assigned. This sourceless signal will be automatically connected to value 0.
WARNING:Xst:646 - Signal <i2c_wdata> is assigned but never used. This unconnected signal will be trimmed during the optimization process.
WARNING:Xst:646 - Signal <i2c_sda_out> is assigned but never used. This unconnected signal will be trimmed during the optimization process.
WARNING:Xst:653 - Signal <i2c_sda_in> is used but never assigned. This sourceless signal will be automatically connected to value 0.
WARNING:Xst:646 - Signal <i2c_rts> is assigned but never used. This unconnected signal will be trimmed during the optimization process.
WARNING:Xst:653 - Signal <i2c_rtr> is used but never assigned. This sourceless signal will be automatically connected to value 0.
WARNING:Xst:653 - Signal <i2c_rdata> is used but never assigned. This sourceless signal will be automatically connected to value 0.
WARNING:Xst:646 - Signal <i2c_op> is assigned but never used. This unconnected signal will be trimmed during the optimization process.
WARNING:Xst:646 - Signal <i2c_addr> is assigned but never used. This unconnected signal will be trimmed during the optimization process.
WARNING:Xst:653 - Signal <filt_i2so_rts> is used but never assigned. This sourceless signal will be automatically connected to value 0.
WARNING:Xst:646 - Signal <filt_i2so_rtr> is assigned but never used. This unconnected signal will be trimmed during the optimization process.
WARNING:Xst:653 - Signal <filt_i2so_rgt> is used but never assigned. This sourceless signal will be automatically connected to value 0.
WARNING:Xst:653 - Signal <filt_i2so_lft> is used but never assigned. This sourceless signal will be automatically connected to value 0.
WARNING:Xst:646 - Signal <aud_out_rts> is assigned but never used. This unconnected signal will be trimmed during the optimization process.
WARNING:Xst:653 - Signal <aud_out_rtr> is used but never assigned. This sourceless signal will be automatically connected to value 0.
WARNING:Xst:646 - Signal <aud_out> is assigned but never used. This unconnected signal will be trimmed during the optimization process.
WARNING:Xst:653 - Signal <aud_in_rts> is used but never assigned. This sourceless signal will be automatically connected to value 0.
WARNING:Xst:646 - Signal <aud_in_rtr> is assigned but never used. This unconnected signal will be trimmed during the optimization process.
WARNING:Xst:653 - Signal <aud_in> is used but never assigned. This sourceless signal will be automatically connected to value 0.
WARNING:Xst:653 - Signal <address> is used but never assigned. This sourceless signal will be automatically connected to value 0.
Unit <chip> synthesized.

INFO:Xst:1767 - HDL ADVISOR - Resource sharing has identified that some arithmetic operations in this design can share the same physical resources for reduced device utilization. For improved clock frequency you may try to disable resource sharing.

=========================================================================
HDL Synthesis Report

Macro Statistics
# RAMs                                                 : 1
 64x31-bit dual-port RAM                               : 1
# Adders/Subtractors                                   : 4
 32-bit adder                                          : 1
 6-bit adder                                           : 3
# Counters                                             : 4
 3-bit up counter                                      : 2
 4-bit down counter                                    : 1
 4-bit updown counter                                  : 1
# Accumulators                                         : 1
 41-bit up accumulator                                 : 1
# Registers                                            : 97
 1-bit register                                        : 80
 16-bit register                                       : 2
 31-bit register                                       : 1
 32-bit register                                       : 3
 6-bit register                                        : 3
 8-bit register                                        : 8
# Comparators                                          : 1
 32-bit comparator less                                : 1
# Multiplexers                                         : 4
 1-bit 16-to-1 multiplexer                             : 2
 8-bit 8-to-1 multiplexer                              : 2

=========================================================================

=========================================================================
*                       Advanced HDL Synthesis                          *
=========================================================================

Analyzing FSM <FSM_0> for best encoding.
Optimizing FSM <filter/filter_stm_0/filter_state/FSM> on signal <filter_state[1:2]> with gray encoding.
-------------------
 State | Encoding
-------------------
 0001  | 00
 0010  | 01
 0100  | 11
 1000  | 10
-------------------
WARNING:Xst:1290 - Hierarchical block <i2si> is unconnected in block <chip>.
   It will be removed from the design.
WARNING:Xst:1290 - Hierarchical block <filter> is unconnected in block <chip>.
   It will be removed from the design.
WARNING:Xst:1290 - Hierarchical block <register> is unconnected in block <chip>.
   It will be removed from the design.
WARNING:Xst:1710 - FF/Latch <rgt_data_0> (without init value) has a constant value of 0 in block <i2so>. This FF/Latch will be trimmed during the optimization process.
WARNING:Xst:1710 - FF/Latch <rgt_data_1> (without init value) has a constant value of 0 in block <i2so>. This FF/Latch will be trimmed during the optimization process.
WARNING:Xst:1710 - FF/Latch <rgt_data_2> (without init value) has a constant value of 0 in block <i2so>. This FF/Latch will be trimmed during the optimization process.
WARNING:Xst:1710 - FF/Latch <rgt_data_3> (without init value) has a constant value of 0 in block <i2so>. This FF/Latch will be trimmed during the optimization process.
WARNING:Xst:1710 - FF/Latch <rgt_data_4> (without init value) has a constant value of 0 in block <i2so>. This FF/Latch will be trimmed during the optimization process.
WARNING:Xst:1710 - FF/Latch <rgt_data_5> (without init value) has a constant value of 0 in block <i2so>. This FF/Latch will be trimmed during the optimization process.
WARNING:Xst:1710 - FF/Latch <rgt_data_6> (without init value) has a constant value of 0 in block <i2so>. This FF/Latch will be trimmed during the optimization process.
WARNING:Xst:1710 - FF/Latch <rgt_data_7> (without init value) has a constant value of 0 in block <i2so>. This FF/Latch will be trimmed during the optimization process.
WARNING:Xst:1710 - FF/Latch <rgt_data_8> (without init value) has a constant value of 0 in block <i2so>. This FF/Latch will be trimmed during the optimization process.
WARNING:Xst:1710 - FF/Latch <rgt_data_9> (without init value) has a constant value of 0 in block <i2so>. This FF/Latch will be trimmed during the optimization process.
WARNING:Xst:1710 - FF/Latch <rgt_data_10> (without init value) has a constant value of 0 in block <i2so>. This FF/Latch will be trimmed during the optimization process.
WARNING:Xst:1710 - FF/Latch <rgt_data_11> (without init value) has a constant value of 0 in block <i2so>. This FF/Latch will be trimmed during the optimization process.
WARNING:Xst:1710 - FF/Latch <rgt_data_12> (without init value) has a constant value of 0 in block <i2so>. This FF/Latch will be trimmed during the optimization process.
WARNING:Xst:1710 - FF/Latch <rgt_data_13> (without init value) has a constant value of 0 in block <i2so>. This FF/Latch will be trimmed during the optimization process.
WARNING:Xst:1710 - FF/Latch <rgt_data_14> (without init value) has a constant value of 0 in block <i2so>. This FF/Latch will be trimmed during the optimization process.
WARNING:Xst:1710 - FF/Latch <rgt_data_15> (without init value) has a constant value of 0 in block <i2so>. This FF/Latch will be trimmed during the optimization process.
WARNING:Xst:1710 - FF/Latch <i2so_ws> (without init value) has a constant value of 0 in block <i2so>. This FF/Latch will be trimmed during the optimization process.
WARNING:Xst:1710 - FF/Latch <lft_data_0> (without init value) has a constant value of 0 in block <i2so>. This FF/Latch will be trimmed during the optimization process.
WARNING:Xst:1710 - FF/Latch <lft_data_1> (without init value) has a constant value of 0 in block <i2so>. This FF/Latch will be trimmed during the optimization process.
WARNING:Xst:1710 - FF/Latch <lft_data_2> (without init value) has a constant value of 0 in block <i2so>. This FF/Latch will be trimmed during the optimization process.
WARNING:Xst:1710 - FF/Latch <lft_data_3> (without init value) has a constant value of 0 in block <i2so>. This FF/Latch will be trimmed during the optimization process.
WARNING:Xst:1710 - FF/Latch <lft_data_4> (without init value) has a constant value of 0 in block <i2so>. This FF/Latch will be trimmed during the optimization process.
WARNING:Xst:1710 - FF/Latch <lft_data_5> (without init value) has a constant value of 0 in block <i2so>. This FF/Latch will be trimmed during the optimization process.
WARNING:Xst:1710 - FF/Latch <lft_data_6> (without init value) has a constant value of 0 in block <i2so>. This FF/Latch will be trimmed during the optimization process.
WARNING:Xst:1710 - FF/Latch <lft_data_7> (without init value) has a constant value of 0 in block <i2so>. This FF/Latch will be trimmed during the optimization process.
WARNING:Xst:1710 - FF/Latch <lft_data_8> (without init value) has a constant value of 0 in block <i2so>. This FF/Latch will be trimmed during the optimization process.
WARNING:Xst:1710 - FF/Latch <lft_data_9> (without init value) has a constant value of 0 in block <i2so>. This FF/Latch will be trimmed during the optimization process.
WARNING:Xst:1710 - FF/Latch <lft_data_10> (without init value) has a constant value of 0 in block <i2so>. This FF/Latch will be trimmed during the optimization process.
WARNING:Xst:1710 - FF/Latch <lft_data_11> (without init value) has a constant value of 0 in block <i2so>. This FF/Latch will be trimmed during the optimization process.
WARNING:Xst:1710 - FF/Latch <lft_data_12> (without init value) has a constant value of 0 in block <i2so>. This FF/Latch will be trimmed during the optimization process.
WARNING:Xst:1710 - FF/Latch <lft_data_13> (without init value) has a constant value of 0 in block <i2so>. This FF/Latch will be trimmed during the optimization process.
WARNING:Xst:1710 - FF/Latch <lft_data_14> (without init value) has a constant value of 0 in block <i2so>. This FF/Latch will be trimmed during the optimization process.
WARNING:Xst:1710 - FF/Latch <lft_data_15> (without init value) has a constant value of 0 in block <i2so>. This FF/Latch will be trimmed during the optimization process.
WARNING:Xst:1710 - FF/Latch <serializer_active> (without init value) has a constant value of 0 in block <i2so>. This FF/Latch will be trimmed during the optimization process.
WARNING:Xst:1710 - FF/Latch <LR> (without init value) has a constant value of 1 in block <i2so>. This FF/Latch will be trimmed during the optimization process.
WARNING:Xst:1895 - Due to other FF/Latch trimming, FF/Latch <i2so_sd> (without init value) has a constant value of 0 in block <i2so>. This FF/Latch will be trimmed during the optimization process.
WARNING:Xst:2404 -  FFs/Latches <i2si_bist_out_data<31:12>> (without init value) have a constant value of 0 in block <i2si_bist_gen>.
WARNING:Xst:2404 -  FFs/Latches <fifo_out_data<31:8>> (without init value) have a constant value of 0 in block <fifo>.

Synthesizing (advanced) Unit <filter_storage>.
INFO:Xst:3226 - The RAM <Mram_ram> will be implemented as a BLOCK RAM, absorbing the following register(s): <rddata>
    -----------------------------------------------------------------------
    | ram_type           | Block                               |          |
    -----------------------------------------------------------------------
    | Port A                                                              |
    |     aspect ratio   | 64-word x 31-bit                    |          |
    |     mode           | read-first                          |          |
    |     clkA           | connected to signal <clk>           | rise     |
    |     weA            | connected to signal <wren>          | high     |
    |     addrA          | connected to signal <wrptr>         |          |
    |     diA            | connected to signal <wrdata>        |          |
    -----------------------------------------------------------------------
    | optimization       | speed                               |          |
    -----------------------------------------------------------------------
    | Port B                                                              |
    |     aspect ratio   | 64-word x 31-bit                    |          |
    |     mode           | write-first                         |          |
    |     clkB           | connected to signal <clk>           | rise     |
    |     enB            | connected to signal <rden>          | high     |
    |     addrB          | connected to signal <rdptr>         |          |
    |     doB            | connected to signal <rddata>        |          |
    -----------------------------------------------------------------------
    | optimization       | speed                               |          |
    -----------------------------------------------------------------------
Unit <filter_storage> synthesized (advanced).

=========================================================================
Advanced HDL Synthesis Report

Macro Statistics
# FSMs                                                 : 1
# RAMs                                                 : 1
 64x31-bit dual-port block RAM                         : 1
# Adders/Subtractors                                   : 3
 6-bit adder                                           : 3
# Counters                                             : 4
 3-bit up counter                                      : 2
 4-bit down counter                                    : 1
 4-bit updown counter                                  : 1
# Accumulators                                         : 1
 41-bit up accumulator                                 : 1
# Registers                                            : 246
 Flip-Flops                                            : 246
# Comparators                                          : 1
 32-bit comparator less                                : 1
# Multiplexers                                         : 18
 1-bit 16-to-1 multiplexer                             : 2
 1-bit 8-to-1 multiplexer                              : 16

=========================================================================

=========================================================================
*                         Low Level Synthesis                           *
=========================================================================
WARNING:Xst:1426 - The value init of the FF/Latch counter hinder the constant cleaning in the block i2si_bist_gen.
   You should achieve better results by setting this init to 1.
WARNING:Xst:1293 - FF/Latch <sck_cnt_17> has a constant value of 0 in block <i2si_bist_gen>. This FF/Latch will be trimmed during the optimization process.
WARNING:Xst:1896 - Due to other FF/Latch trimming, FF/Latch <sck_cnt_18> has a constant value of 0 in block <i2si_bist_gen>. This FF/Latch will be trimmed during the optimization process.
WARNING:Xst:1896 - Due to other FF/Latch trimming, FF/Latch <sck_cnt_19> has a constant value of 0 in block <i2si_bist_gen>. This FF/Latch will be trimmed during the optimization process.
WARNING:Xst:1896 - Due to other FF/Latch trimming, FF/Latch <sck_cnt_20> has a constant value of 0 in block <i2si_bist_gen>. This FF/Latch will be trimmed during the optimization process.
WARNING:Xst:1896 - Due to other FF/Latch trimming, FF/Latch <sck_cnt_21> has a constant value of 0 in block <i2si_bist_gen>. This FF/Latch will be trimmed during the optimization process.
WARNING:Xst:1896 - Due to other FF/Latch trimming, FF/Latch <sck_cnt_22> has a constant value of 0 in block <i2si_bist_gen>. This FF/Latch will be trimmed during the optimization process.
WARNING:Xst:1896 - Due to other FF/Latch trimming, FF/Latch <sck_cnt_23> has a constant value of 0 in block <i2si_bist_gen>. This FF/Latch will be trimmed during the optimization process.
WARNING:Xst:1896 - Due to other FF/Latch trimming, FF/Latch <sck_cnt_24> has a constant value of 0 in block <i2si_bist_gen>. This FF/Latch will be trimmed during the optimization process.
WARNING:Xst:1896 - Due to other FF/Latch trimming, FF/Latch <sck_cnt_25> has a constant value of 0 in block <i2si_bist_gen>. This FF/Latch will be trimmed during the optimization process.
WARNING:Xst:1896 - Due to other FF/Latch trimming, FF/Latch <sck_cnt_26> has a constant value of 0 in block <i2si_bist_gen>. This FF/Latch will be trimmed during the optimization process.
WARNING:Xst:1896 - Due to other FF/Latch trimming, FF/Latch <sck_cnt_27> has a constant value of 0 in block <i2si_bist_gen>. This FF/Latch will be trimmed during the optimization process.
WARNING:Xst:1896 - Due to other FF/Latch trimming, FF/Latch <sck_cnt_28> has a constant value of 0 in block <i2si_bist_gen>. This FF/Latch will be trimmed during the optimization process.
WARNING:Xst:1896 - Due to other FF/Latch trimming, FF/Latch <sck_cnt_29> has a constant value of 0 in block <i2si_bist_gen>. This FF/Latch will be trimmed during the optimization process.
WARNING:Xst:1896 - Due to other FF/Latch trimming, FF/Latch <sck_cnt_30> has a constant value of 0 in block <i2si_bist_gen>. This FF/Latch will be trimmed during the optimization process.
WARNING:Xst:1896 - Due to other FF/Latch trimming, FF/Latch <sck_cnt_31> has a constant value of 0 in block <i2si_bist_gen>. This FF/Latch will be trimmed during the optimization process.
WARNING:Xst:1896 - Due to other FF/Latch trimming, FF/Latch <counter> has a constant value of 0 in block <i2si_bist_gen>. This FF/Latch will be trimmed during the optimization process.
WARNING:Xst:1895 - Due to other FF/Latch trimming, FF/Latch <i2si_bist_out_data_11> (without init value) has a constant value of 0 in block <i2si_bist_gen>. This FF/Latch will be trimmed during the optimization process.
WARNING:Xst:1896 - Due to other FF/Latch trimming, FF/Latch <sck_cnt_0> has a constant value of 0 in block <i2si_bist_gen>. This FF/Latch will be trimmed during the optimization process.
WARNING:Xst:1896 - Due to other FF/Latch trimming, FF/Latch <sck_cnt_1> has a constant value of 0 in block <i2si_bist_gen>. This FF/Latch will be trimmed during the optimization process.
WARNING:Xst:1896 - Due to other FF/Latch trimming, FF/Latch <sck_cnt_2> has a constant value of 0 in block <i2si_bist_gen>. This FF/Latch will be trimmed during the optimization process.
WARNING:Xst:1896 - Due to other FF/Latch trimming, FF/Latch <sck_cnt_3> has a constant value of 0 in block <i2si_bist_gen>. This FF/Latch will be trimmed during the optimization process.
WARNING:Xst:1896 - Due to other FF/Latch trimming, FF/Latch <sck_cnt_4> has a constant value of 0 in block <i2si_bist_gen>. This FF/Latch will be trimmed during the optimization process.
WARNING:Xst:1896 - Due to other FF/Latch trimming, FF/Latch <sck_cnt_5> has a constant value of 0 in block <i2si_bist_gen>. This FF/Latch will be trimmed during the optimization process.
WARNING:Xst:1896 - Due to other FF/Latch trimming, FF/Latch <sck_cnt_6> has a constant value of 0 in block <i2si_bist_gen>. This FF/Latch will be trimmed during the optimization process.
WARNING:Xst:1896 - Due to other FF/Latch trimming, FF/Latch <sck_cnt_7> has a constant value of 0 in block <i2si_bist_gen>. This FF/Latch will be trimmed during the optimization process.
WARNING:Xst:1896 - Due to other FF/Latch trimming, FF/Latch <sck_cnt_8> has a constant value of 0 in block <i2si_bist_gen>. This FF/Latch will be trimmed during the optimization process.
WARNING:Xst:1896 - Due to other FF/Latch trimming, FF/Latch <sck_cnt_9> has a constant value of 0 in block <i2si_bist_gen>. This FF/Latch will be trimmed during the optimization process.
WARNING:Xst:1896 - Due to other FF/Latch trimming, FF/Latch <sck_cnt_10> has a constant value of 0 in block <i2si_bist_gen>. This FF/Latch will be trimmed during the optimization process.
WARNING:Xst:1896 - Due to other FF/Latch trimming, FF/Latch <sck_cnt_11> has a constant value of 0 in block <i2si_bist_gen>. This FF/Latch will be trimmed during the optimization process.
WARNING:Xst:1896 - Due to other FF/Latch trimming, FF/Latch <sck_cnt_12> has a constant value of 0 in block <i2si_bist_gen>. This FF/Latch will be trimmed during the optimization process.
WARNING:Xst:1896 - Due to other FF/Latch trimming, FF/Latch <sck_cnt_13> has a constant value of 0 in block <i2si_bist_gen>. This FF/Latch will be trimmed during the optimization process.
WARNING:Xst:1896 - Due to other FF/Latch trimming, FF/Latch <sck_cnt_14> has a constant value of 0 in block <i2si_bist_gen>. This FF/Latch will be trimmed during the optimization process.
WARNING:Xst:1896 - Due to other FF/Latch trimming, FF/Latch <sck_cnt_15> has a constant value of 0 in block <i2si_bist_gen>. This FF/Latch will be trimmed during the optimization process.
WARNING:Xst:1896 - Due to other FF/Latch trimming, FF/Latch <sck_cnt_16> has a constant value of 0 in block <i2si_bist_gen>. This FF/Latch will be trimmed during the optimization process.
WARNING:Xst:1710 - FF/Latch <i2si_bist_out_data_0> (without init value) has a constant value of 0 in block <i2si_bist_gen>. This FF/Latch will be trimmed during the optimization process.
WARNING:Xst:1895 - Due to other FF/Latch trimming, FF/Latch <i2si_bist_out_data_1> (without init value) has a constant value of 0 in block <i2si_bist_gen>. This FF/Latch will be trimmed during the optimization process.
WARNING:Xst:1895 - Due to other FF/Latch trimming, FF/Latch <i2si_bist_out_data_2> (without init value) has a constant value of 0 in block <i2si_bist_gen>. This FF/Latch will be trimmed during the optimization process.
WARNING:Xst:1895 - Due to other FF/Latch trimming, FF/Latch <i2si_bist_out_data_3> (without init value) has a constant value of 0 in block <i2si_bist_gen>. This FF/Latch will be trimmed during the optimization process.
WARNING:Xst:1895 - Due to other FF/Latch trimming, FF/Latch <i2si_bist_out_data_4> (without init value) has a constant value of 0 in block <i2si_bist_gen>. This FF/Latch will be trimmed during the optimization process.
WARNING:Xst:1895 - Due to other FF/Latch trimming, FF/Latch <i2si_bist_out_data_5> (without init value) has a constant value of 0 in block <i2si_bist_gen>. This FF/Latch will be trimmed during the optimization process.
WARNING:Xst:1895 - Due to other FF/Latch trimming, FF/Latch <i2si_bist_out_data_6> (without init value) has a constant value of 0 in block <i2si_bist_gen>. This FF/Latch will be trimmed during the optimization process.
WARNING:Xst:1895 - Due to other FF/Latch trimming, FF/Latch <i2si_bist_out_data_7> (without init value) has a constant value of 0 in block <i2si_bist_gen>. This FF/Latch will be trimmed during the optimization process.
WARNING:Xst:1895 - Due to other FF/Latch trimming, FF/Latch <i2si_bist_out_data_8> (without init value) has a constant value of 0 in block <i2si_bist_gen>. This FF/Latch will be trimmed during the optimization process.
WARNING:Xst:1895 - Due to other FF/Latch trimming, FF/Latch <i2si_bist_out_data_9> (without init value) has a constant value of 0 in block <i2si_bist_gen>. This FF/Latch will be trimmed during the optimization process.
WARNING:Xst:1895 - Due to other FF/Latch trimming, FF/Latch <i2si_bist_out_data_10> (without init value) has a constant value of 0 in block <i2si_bist_gen>. This FF/Latch will be trimmed during the optimization process.
INFO:Xst:2261 - The FF/Latch <register/trig_i2so_fifo_underrun_clr> in Unit <chip> is equivalent to the following FF/Latch, which will be removed : <register/trig_i2si_fifo_overrun_clr> 
INFO:Xst:2261 - The FF/Latch <lft_data_0> in Unit <i2so> is equivalent to the following 31 FFs/Latches, which will be removed : <lft_data_1> <lft_data_2> <lft_data_3> <lft_data_4> <lft_data_5> <lft_data_6> <lft_data_7> <lft_data_8> <lft_data_9> <lft_data_10> <lft_data_11> <lft_data_12> <lft_data_13> <lft_data_14> <lft_data_15> <rgt_data_0> <rgt_data_1> <rgt_data_2> <rgt_data_3> <rgt_data_4> <rgt_data_5> <rgt_data_6> <rgt_data_7> <rgt_data_8> <rgt_data_9> <rgt_data_10> <rgt_data_11> <rgt_data_12> <rgt_data_13> <rgt_data_14> <rgt_data_15> 
WARNING:Xst:1710 - FF/Latch <LR> (without init value) has a constant value of 1 in block <i2so>. This FF/Latch will be trimmed during the optimization process.
WARNING:Xst:1895 - Due to other FF/Latch trimming, FF/Latch <filt_i2so_rts_delay> (without init value) has a constant value of 0 in block <i2so>. This FF/Latch will be trimmed during the optimization process.
WARNING:Xst:1895 - Due to other FF/Latch trimming, FF/Latch <serializer_active> (without init value) has a constant value of 0 in block <i2so>. This FF/Latch will be trimmed during the optimization process.
WARNING:Xst:1895 - Due to other FF/Latch trimming, FF/Latch <lft_data_0> (without init value) has a constant value of 0 in block <i2so>. This FF/Latch will be trimmed during the optimization process.
WARNING:Xst:1895 - Due to other FF/Latch trimming, FF/Latch <i2so_ws> (without init value) has a constant value of 0 in block <i2so>. This FF/Latch will be trimmed during the optimization process.
WARNING:Xst:1895 - Due to other FF/Latch trimming, FF/Latch <i2so_sd> (without init value) has a constant value of 0 in block <i2so>. This FF/Latch will be trimmed during the optimization process.
WARNING:Xst:1710 - FF/Latch <state> (without init value) has a constant value of 0 in block <i2si_deserializer>. This FF/Latch will be trimmed during the optimization process.
WARNING:Xst:1895 - Due to other FF/Latch trimming, FF/Latch <i2si_lft_0> (without init value) has a constant value of 0 in block <i2si_deserializer>. This FF/Latch will be trimmed during the optimization process.
WARNING:Xst:1895 - Due to other FF/Latch trimming, FF/Latch <i2si_rgt_0> (without init value) has a constant value of 0 in block <i2si_deserializer>. This FF/Latch will be trimmed during the optimization process.
WARNING:Xst:1895 - Due to other FF/Latch trimming, FF/Latch <i2si_lft_1> (without init value) has a constant value of 0 in block <i2si_deserializer>. This FF/Latch will be trimmed during the optimization process.
WARNING:Xst:1895 - Due to other FF/Latch trimming, FF/Latch <i2si_rgt_1> (without init value) has a constant value of 0 in block <i2si_deserializer>. This FF/Latch will be trimmed during the optimization process.
WARNING:Xst:1895 - Due to other FF/Latch trimming, FF/Latch <i2si_lft_2> (without init value) has a constant value of 0 in block <i2si_deserializer>. This FF/Latch will be trimmed during the optimization process.
WARNING:Xst:1895 - Due to other FF/Latch trimming, FF/Latch <i2si_rgt_2> (without init value) has a constant value of 0 in block <i2si_deserializer>. This FF/Latch will be trimmed during the optimization process.
WARNING:Xst:1895 - Due to other FF/Latch trimming, FF/Latch <i2si_lft_3> (without init value) has a constant value of 0 in block <i2si_deserializer>. This FF/Latch will be trimmed during the optimization process.
WARNING:Xst:1895 - Due to other FF/Latch trimming, FF/Latch <i2si_rgt_3> (without init value) has a constant value of 0 in block <i2si_deserializer>. This FF/Latch will be trimmed during the optimization process.
WARNING:Xst:1895 - Due to other FF/Latch trimming, FF/Latch <i2si_lft_4> (without init value) has a constant value of 0 in block <i2si_deserializer>. This FF/Latch will be trimmed during the optimization process.
WARNING:Xst:1895 - Due to other FF/Latch trimming, FF/Latch <i2si_rgt_4> (without init value) has a constant value of 0 in block <i2si_deserializer>. This FF/Latch will be trimmed during the optimization process.
WARNING:Xst:1895 - Due to other FF/Latch trimming, FF/Latch <i2si_lft_5> (without init value) has a constant value of 0 in block <i2si_deserializer>. This FF/Latch will be trimmed during the optimization process.
WARNING:Xst:1895 - Due to other FF/Latch trimming, FF/Latch <i2si_rgt_5> (without init value) has a constant value of 0 in block <i2si_deserializer>. This FF/Latch will be trimmed during the optimization process.
WARNING:Xst:1895 - Due to other FF/Latch trimming, FF/Latch <i2si_lft_6> (without init value) has a constant value of 0 in block <i2si_deserializer>. This FF/Latch will be trimmed during the optimization process.
WARNING:Xst:1895 - Due to other FF/Latch trimming, FF/Latch <i2si_rgt_6> (without init value) has a constant value of 0 in block <i2si_deserializer>. This FF/Latch will be trimmed during the optimization process.
WARNING:Xst:1895 - Due to other FF/Latch trimming, FF/Latch <i2si_rgt_7> (without init value) has a constant value of 0 in block <i2si_deserializer>. This FF/Latch will be trimmed during the optimization process.
WARNING:Xst:1895 - Due to other FF/Latch trimming, FF/Latch <i2si_lft_7> (without init value) has a constant value of 0 in block <i2si_deserializer>. This FF/Latch will be trimmed during the optimization process.
WARNING:Xst:1895 - Due to other FF/Latch trimming, FF/Latch <i2si_lft_8> (without init value) has a constant value of 0 in block <i2si_deserializer>. This FF/Latch will be trimmed during the optimization process.
WARNING:Xst:1895 - Due to other FF/Latch trimming, FF/Latch <i2si_rgt_8> (without init value) has a constant value of 0 in block <i2si_deserializer>. This FF/Latch will be trimmed during the optimization process.
WARNING:Xst:1895 - Due to other FF/Latch trimming, FF/Latch <i2si_lft_9> (without init value) has a constant value of 0 in block <i2si_deserializer>. This FF/Latch will be trimmed during the optimization process.
WARNING:Xst:1895 - Due to other FF/Latch trimming, FF/Latch <i2si_rgt_9> (without init value) has a constant value of 0 in block <i2si_deserializer>. This FF/Latch will be trimmed during the optimization process.
WARNING:Xst:1895 - Due to other FF/Latch trimming, FF/Latch <i2si_lft_10> (without init value) has a constant value of 0 in block <i2si_deserializer>. This FF/Latch will be trimmed during the optimization process.
WARNING:Xst:1895 - Due to other FF/Latch trimming, FF/Latch <i2si_rgt_10> (without init value) has a constant value of 0 in block <i2si_deserializer>. This FF/Latch will be trimmed during the optimization process.
WARNING:Xst:1895 - Due to other FF/Latch trimming, FF/Latch <i2si_rgt_11> (without init value) has a constant value of 0 in block <i2si_deserializer>. This FF/Latch will be trimmed during the optimization process.
WARNING:Xst:1895 - Due to other FF/Latch trimming, FF/Latch <i2si_lft_11> (without init value) has a constant value of 0 in block <i2si_deserializer>. This FF/Latch will be trimmed during the optimization process.
WARNING:Xst:1895 - Due to other FF/Latch trimming, FF/Latch <i2si_lft_12> (without init value) has a constant value of 0 in block <i2si_deserializer>. This FF/Latch will be trimmed during the optimization process.
WARNING:Xst:1895 - Due to other FF/Latch trimming, FF/Latch <i2si_rgt_12> (without init value) has a constant value of 0 in block <i2si_deserializer>. This FF/Latch will be trimmed during the optimization process.
WARNING:Xst:1895 - Due to other FF/Latch trimming, FF/Latch <i2si_lft_13> (without init value) has a constant value of 0 in block <i2si_deserializer>. This FF/Latch will be trimmed during the optimization process.
WARNING:Xst:1895 - Due to other FF/Latch trimming, FF/Latch <i2si_rgt_13> (without init value) has a constant value of 0 in block <i2si_deserializer>. This FF/Latch will be trimmed during the optimization process.
WARNING:Xst:1895 - Due to other FF/Latch trimming, FF/Latch <i2si_lft_14> (without init value) has a constant value of 0 in block <i2si_deserializer>. This FF/Latch will be trimmed during the optimization process.
WARNING:Xst:1895 - Due to other FF/Latch trimming, FF/Latch <i2si_rgt_14> (without init value) has a constant value of 0 in block <i2si_deserializer>. This FF/Latch will be trimmed during the optimization process.
WARNING:Xst:1895 - Due to other FF/Latch trimming, FF/Latch <i2si_lft_15> (without init value) has a constant value of 0 in block <i2si_deserializer>. This FF/Latch will be trimmed during the optimization process.
WARNING:Xst:1895 - Due to other FF/Latch trimming, FF/Latch <i2si_rgt_15> (without init value) has a constant value of 0 in block <i2si_deserializer>. This FF/Latch will be trimmed during the optimization process.
WARNING:Xst:1898 - Due to constant pushing, FF/Latch <rst_vec_1> is unconnected in block <i2si_deserializer>.
WARNING:Xst:1898 - Due to constant pushing, FF/Latch <rst_vec_0> is unconnected in block <i2si_deserializer>.
WARNING:Xst:1898 - Due to constant pushing, FF/Latch <armed1> is unconnected in block <i2si_deserializer>.
WARNING:Xst:1898 - Due to constant pushing, FF/Latch <ws_vec_4> is unconnected in block <i2si_deserializer>.
WARNING:Xst:1898 - Due to constant pushing, FF/Latch <armed2> is unconnected in block <i2si_deserializer>.
WARNING:Xst:1898 - Due to constant pushing, FF/Latch <sd_vec_0> is unconnected in block <i2si_deserializer>.
WARNING:Xst:1898 - Due to constant pushing, FF/Latch <sd_vec_1> is unconnected in block <i2si_deserializer>.
WARNING:Xst:1898 - Due to constant pushing, FF/Latch <sd_vec_2> is unconnected in block <i2si_deserializer>.
WARNING:Xst:1898 - Due to constant pushing, FF/Latch <sd_vec_3> is unconnected in block <i2si_deserializer>.
WARNING:Xst:1710 - FF/Latch <fifo_out_data_0> (without init value) has a constant value of 0 in block <fifo>. This FF/Latch will be trimmed during the optimization process.
WARNING:Xst:1895 - Due to other FF/Latch trimming, FF/Latch <fifo_out_data_1> (without init value) has a constant value of 0 in block <fifo>. This FF/Latch will be trimmed during the optimization process.
WARNING:Xst:1895 - Due to other FF/Latch trimming, FF/Latch <fifo_out_data_2> (without init value) has a constant value of 0 in block <fifo>. This FF/Latch will be trimmed during the optimization process.
WARNING:Xst:1895 - Due to other FF/Latch trimming, FF/Latch <fifo_out_data_3> (without init value) has a constant value of 0 in block <fifo>. This FF/Latch will be trimmed during the optimization process.
WARNING:Xst:1895 - Due to other FF/Latch trimming, FF/Latch <fifo_out_data_4> (without init value) has a constant value of 0 in block <fifo>. This FF/Latch will be trimmed during the optimization process.
WARNING:Xst:1895 - Due to other FF/Latch trimming, FF/Latch <fifo_out_data_5> (without init value) has a constant value of 0 in block <fifo>. This FF/Latch will be trimmed during the optimization process.
WARNING:Xst:1895 - Due to other FF/Latch trimming, FF/Latch <fifo_out_data_6> (without init value) has a constant value of 0 in block <fifo>. This FF/Latch will be trimmed during the optimization process.
WARNING:Xst:1895 - Due to other FF/Latch trimming, FF/Latch <fifo_out_data_7> (without init value) has a constant value of 0 in block <fifo>. This FF/Latch will be trimmed during the optimization process.
WARNING:Xst:2677 - Node <buf_mem_0_0> of sequential type is unconnected in block <fifo>.
WARNING:Xst:2677 - Node <buf_mem_0_1> of sequential type is unconnected in block <fifo>.
WARNING:Xst:2677 - Node <buf_mem_0_2> of sequential type is unconnected in block <fifo>.
WARNING:Xst:2677 - Node <buf_mem_0_3> of sequential type is unconnected in block <fifo>.
WARNING:Xst:2677 - Node <buf_mem_0_4> of sequential type is unconnected in block <fifo>.
WARNING:Xst:2677 - Node <buf_mem_0_5> of sequential type is unconnected in block <fifo>.
WARNING:Xst:2677 - Node <buf_mem_0_6> of sequential type is unconnected in block <fifo>.
WARNING:Xst:2677 - Node <buf_mem_0_7> of sequential type is unconnected in block <fifo>.
WARNING:Xst:2677 - Node <buf_mem_1_0> of sequential type is unconnected in block <fifo>.
WARNING:Xst:2677 - Node <buf_mem_1_1> of sequential type is unconnected in block <fifo>.
WARNING:Xst:2677 - Node <buf_mem_1_2> of sequential type is unconnected in block <fifo>.
WARNING:Xst:2677 - Node <buf_mem_1_3> of sequential type is unconnected in block <fifo>.
WARNING:Xst:2677 - Node <buf_mem_1_4> of sequential type is unconnected in block <fifo>.
WARNING:Xst:2677 - Node <buf_mem_1_5> of sequential type is unconnected in block <fifo>.
WARNING:Xst:2677 - Node <buf_mem_1_6> of sequential type is unconnected in block <fifo>.
WARNING:Xst:2677 - Node <buf_mem_1_7> of sequential type is unconnected in block <fifo>.
WARNING:Xst:2677 - Node <buf_mem_2_0> of sequential type is unconnected in block <fifo>.
WARNING:Xst:2677 - Node <buf_mem_2_1> of sequential type is unconnected in block <fifo>.
WARNING:Xst:2677 - Node <buf_mem_2_2> of sequential type is unconnected in block <fifo>.
WARNING:Xst:2677 - Node <buf_mem_2_3> of sequential type is unconnected in block <fifo>.
WARNING:Xst:2677 - Node <buf_mem_2_4> of sequential type is unconnected in block <fifo>.
WARNING:Xst:2677 - Node <buf_mem_2_5> of sequential type is unconnected in block <fifo>.
WARNING:Xst:2677 - Node <buf_mem_2_6> of sequential type is unconnected in block <fifo>.
WARNING:Xst:2677 - Node <buf_mem_2_7> of sequential type is unconnected in block <fifo>.
WARNING:Xst:2677 - Node <buf_mem_5_0> of sequential type is unconnected in block <fifo>.
WARNING:Xst:2677 - Node <buf_mem_5_1> of sequential type is unconnected in block <fifo>.
WARNING:Xst:2677 - Node <buf_mem_5_2> of sequential type is unconnected in block <fifo>.
WARNING:Xst:2677 - Node <buf_mem_5_3> of sequential type is unconnected in block <fifo>.
WARNING:Xst:2677 - Node <buf_mem_5_4> of sequential type is unconnected in block <fifo>.
WARNING:Xst:2677 - Node <buf_mem_5_5> of sequential type is unconnected in block <fifo>.
WARNING:Xst:2677 - Node <buf_mem_5_6> of sequential type is unconnected in block <fifo>.
WARNING:Xst:2677 - Node <buf_mem_5_7> of sequential type is unconnected in block <fifo>.
WARNING:Xst:2677 - Node <buf_mem_3_0> of sequential type is unconnected in block <fifo>.
WARNING:Xst:2677 - Node <buf_mem_3_1> of sequential type is unconnected in block <fifo>.
WARNING:Xst:2677 - Node <buf_mem_3_2> of sequential type is unconnected in block <fifo>.
WARNING:Xst:2677 - Node <buf_mem_3_3> of sequential type is unconnected in block <fifo>.
WARNING:Xst:2677 - Node <buf_mem_3_4> of sequential type is unconnected in block <fifo>.
WARNING:Xst:2677 - Node <buf_mem_3_5> of sequential type is unconnected in block <fifo>.
WARNING:Xst:2677 - Node <buf_mem_3_6> of sequential type is unconnected in block <fifo>.
WARNING:Xst:2677 - Node <buf_mem_3_7> of sequential type is unconnected in block <fifo>.
WARNING:Xst:2677 - Node <buf_mem_4_0> of sequential type is unconnected in block <fifo>.
WARNING:Xst:2677 - Node <buf_mem_4_1> of sequential type is unconnected in block <fifo>.
WARNING:Xst:2677 - Node <buf_mem_4_2> of sequential type is unconnected in block <fifo>.
WARNING:Xst:2677 - Node <buf_mem_4_3> of sequential type is unconnected in block <fifo>.
WARNING:Xst:2677 - Node <buf_mem_4_4> of sequential type is unconnected in block <fifo>.
WARNING:Xst:2677 - Node <buf_mem_4_5> of sequential type is unconnected in block <fifo>.
WARNING:Xst:2677 - Node <buf_mem_4_6> of sequential type is unconnected in block <fifo>.
WARNING:Xst:2677 - Node <buf_mem_4_7> of sequential type is unconnected in block <fifo>.
WARNING:Xst:2677 - Node <buf_mem_6_0> of sequential type is unconnected in block <fifo>.
WARNING:Xst:2677 - Node <buf_mem_6_1> of sequential type is unconnected in block <fifo>.
WARNING:Xst:2677 - Node <buf_mem_6_2> of sequential type is unconnected in block <fifo>.
WARNING:Xst:2677 - Node <buf_mem_6_3> of sequential type is unconnected in block <fifo>.
WARNING:Xst:2677 - Node <buf_mem_6_4> of sequential type is unconnected in block <fifo>.
WARNING:Xst:2677 - Node <buf_mem_6_5> of sequential type is unconnected in block <fifo>.
WARNING:Xst:2677 - Node <buf_mem_6_6> of sequential type is unconnected in block <fifo>.
WARNING:Xst:2677 - Node <buf_mem_6_7> of sequential type is unconnected in block <fifo>.
WARNING:Xst:2677 - Node <buf_mem_7_0> of sequential type is unconnected in block <fifo>.
WARNING:Xst:2677 - Node <buf_mem_7_1> of sequential type is unconnected in block <fifo>.
WARNING:Xst:2677 - Node <buf_mem_7_2> of sequential type is unconnected in block <fifo>.
WARNING:Xst:2677 - Node <buf_mem_7_3> of sequential type is unconnected in block <fifo>.
WARNING:Xst:2677 - Node <buf_mem_7_4> of sequential type is unconnected in block <fifo>.
WARNING:Xst:2677 - Node <buf_mem_7_5> of sequential type is unconnected in block <fifo>.
WARNING:Xst:2677 - Node <buf_mem_7_6> of sequential type is unconnected in block <fifo>.
WARNING:Xst:2677 - Node <buf_mem_7_7> of sequential type is unconnected in block <fifo>.
WARNING:Xst:1710 - FF/Latch <do_multiply_1st> (without init value) has a constant value of 0 in block <filter_stm>. This FF/Latch will be trimmed during the optimization process.
WARNING:Xst:1895 - Due to other FF/Latch trimming, FF/Latch <wr_addr_0> (without init value) has a constant value of 0 in block <filter_stm>. This FF/Latch will be trimmed during the optimization process.
WARNING:Xst:1895 - Due to other FF/Latch trimming, FF/Latch <wr_addr_1> (without init value) has a constant value of 0 in block <filter_stm>. This FF/Latch will be trimmed during the optimization process.
WARNING:Xst:1895 - Due to other FF/Latch trimming, FF/Latch <wr_addr_2> (without init value) has a constant value of 0 in block <filter_stm>. This FF/Latch will be trimmed during the optimization process.
WARNING:Xst:1895 - Due to other FF/Latch trimming, FF/Latch <wr_addr_3> (without init value) has a constant value of 0 in block <filter_stm>. This FF/Latch will be trimmed during the optimization process.
WARNING:Xst:1895 - Due to other FF/Latch trimming, FF/Latch <wr_addr_4> (without init value) has a constant value of 0 in block <filter_stm>. This FF/Latch will be trimmed during the optimization process.
WARNING:Xst:1895 - Due to other FF/Latch trimming, FF/Latch <wr_addr_5> (without init value) has a constant value of 0 in block <filter_stm>. This FF/Latch will be trimmed during the optimization process.
WARNING:Xst:1895 - Due to other FF/Latch trimming, FF/Latch <filter_running_1st> (without init value) has a constant value of 0 in block <filter_stm>. This FF/Latch will be trimmed during the optimization process.
WARNING:Xst:1895 - Due to other FF/Latch trimming, FF/Latch <arr_x_re> (without init value) has a constant value of 0 in block <filter_stm>. This FF/Latch will be trimmed during the optimization process.
WARNING:Xst:2677 - Node <register/trig_i2so_fifo_underrun_clr> of sequential type is unconnected in block <chip>.
WARNING:Xst:2677 - Node <i2si/ro_fifo_overrun> of sequential type is unconnected in block <chip>.
WARNING:Xst:1710 - FF/Latch <do_transfer> (without init value) has a constant value of 0 in block <filter_stm>. This FF/Latch will be trimmed during the optimization process.
WARNING:Xst:1895 - Due to other FF/Latch trimming, FF/Latch <filter_running> (without init value) has a constant value of 0 in block <filter_stm>. This FF/Latch will be trimmed during the optimization process.
WARNING:Xst:1895 - Due to other FF/Latch trimming, FF/Latch <filter_state_FSM_FFd1> (without init value) has a constant value of 0 in block <filter_stm>. This FF/Latch will be trimmed during the optimization process.
WARNING:Xst:1895 - Due to other FF/Latch trimming, FF/Latch <filter_state_FSM_FFd2> (without init value) has a constant value of 0 in block <filter_stm>. This FF/Latch will be trimmed during the optimization process.
WARNING:Xst:1710 - FF/Latch <do_multiply> (without init value) has a constant value of 0 in block <filter_stm>. This FF/Latch will be trimmed during the optimization process.
WARNING:Xst:1895 - Due to other FF/Latch trimming, FF/Latch <rd_addr_0> (without init value) has a constant value of 0 in block <filter_stm>. This FF/Latch will be trimmed during the optimization process.
WARNING:Xst:1895 - Due to other FF/Latch trimming, FF/Latch <rd_addr_1> (without init value) has a constant value of 0 in block <filter_stm>. This FF/Latch will be trimmed during the optimization process.
WARNING:Xst:1895 - Due to other FF/Latch trimming, FF/Latch <rd_addr_2> (without init value) has a constant value of 0 in block <filter_stm>. This FF/Latch will be trimmed during the optimization process.
WARNING:Xst:1895 - Due to other FF/Latch trimming, FF/Latch <rd_addr_3> (without init value) has a constant value of 0 in block <filter_stm>. This FF/Latch will be trimmed during the optimization process.
WARNING:Xst:1895 - Due to other FF/Latch trimming, FF/Latch <rd_addr_4> (without init value) has a constant value of 0 in block <filter_stm>. This FF/Latch will be trimmed during the optimization process.
WARNING:Xst:1895 - Due to other FF/Latch trimming, FF/Latch <rd_addr_5> (without init value) has a constant value of 0 in block <filter_stm>. This FF/Latch will be trimmed during the optimization process.
WARNING:Xst:1895 - Due to other FF/Latch trimming, FF/Latch <filter_need_new> (without init value) has a constant value of 0 in block <filter_stm>. This FF/Latch will be trimmed during the optimization process.
WARNING:Xst:1895 - Due to other FF/Latch trimming, FF/Latch <filter_count_0> (without init value) has a constant value of 0 in block <filter_stm>. This FF/Latch will be trimmed during the optimization process.
WARNING:Xst:1895 - Due to other FF/Latch trimming, FF/Latch <filter_count_1> (without init value) has a constant value of 0 in block <filter_stm>. This FF/Latch will be trimmed during the optimization process.
WARNING:Xst:1895 - Due to other FF/Latch trimming, FF/Latch <filter_count_2> (without init value) has a constant value of 0 in block <filter_stm>. This FF/Latch will be trimmed during the optimization process.
WARNING:Xst:1895 - Due to other FF/Latch trimming, FF/Latch <filter_count_3> (without init value) has a constant value of 0 in block <filter_stm>. This FF/Latch will be trimmed during the optimization process.
WARNING:Xst:1895 - Due to other FF/Latch trimming, FF/Latch <filter_count_4> (without init value) has a constant value of 0 in block <filter_stm>. This FF/Latch will be trimmed during the optimization process.
WARNING:Xst:1895 - Due to other FF/Latch trimming, FF/Latch <filter_count_5> (without init value) has a constant value of 0 in block <filter_stm>. This FF/Latch will be trimmed during the optimization process.
WARNING:Xst:2677 - Node <filter/filter_stm_0/filter_storage_0/Mram_ram> of sequential type is unconnected in block <chip>.
WARNING:Xst:2677 - Node <filter/filter_stm_0/rtr> of sequential type is unconnected in block <chip>.

Optimizing unit <chip> ...

Optimizing unit <synchronizer> ...

Optimizing unit <i2si_deserializer> ...

Optimizing unit <fifo> ...
WARNING:Xst:2677 - Node <i2si/Synchronizer/ws_vec_3> of sequential type is unconnected in block <chip>.
WARNING:Xst:2677 - Node <i2si/Synchronizer/sd_vec_3> of sequential type is unconnected in block <chip>.
WARNING:Xst:2677 - Node <i2si/Synchronizer/ws_vec_2> of sequential type is unconnected in block <chip>.
WARNING:Xst:2677 - Node <i2si/Synchronizer/sd_vec_2> of sequential type is unconnected in block <chip>.
WARNING:Xst:2677 - Node <i2si/Synchronizer/sck_vec_2> of sequential type is unconnected in block <chip>.
WARNING:Xst:2677 - Node <i2si/Synchronizer/ws_vec_1> of sequential type is unconnected in block <chip>.
WARNING:Xst:2677 - Node <i2si/Synchronizer/sd_vec_1> of sequential type is unconnected in block <chip>.
WARNING:Xst:2677 - Node <i2si/Synchronizer/sck_vec_1> of sequential type is unconnected in block <chip>.
WARNING:Xst:2677 - Node <i2si/Synchronizer/ws_vec_0> of sequential type is unconnected in block <chip>.
WARNING:Xst:2677 - Node <i2si/Synchronizer/sd_vec_0> of sequential type is unconnected in block <chip>.
WARNING:Xst:2677 - Node <i2si/Synchronizer/sck_vec_0> of sequential type is unconnected in block <chip>.
WARNING:Xst:2677 - Node <i2si/Deserializer/ws_vec_3> of sequential type is unconnected in block <chip>.
WARNING:Xst:2677 - Node <i2si/Deserializer/ws_vec_2> of sequential type is unconnected in block <chip>.
WARNING:Xst:2677 - Node <i2si/Deserializer/sck_vec_2> of sequential type is unconnected in block <chip>.
WARNING:Xst:2677 - Node <i2si/Deserializer/in_left_delay> of sequential type is unconnected in block <chip>.
WARNING:Xst:2677 - Node <i2si/Deserializer/ws_vec_1> of sequential type is unconnected in block <chip>.
WARNING:Xst:2677 - Node <i2si/Deserializer/sck_vec_1> of sequential type is unconnected in block <chip>.
WARNING:Xst:2677 - Node <i2si/Deserializer/in_left> of sequential type is unconnected in block <chip>.
WARNING:Xst:2677 - Node <i2si/Deserializer/i2si_xfc> of sequential type is unconnected in block <chip>.
WARNING:Xst:2677 - Node <i2si/Deserializer/ws_vec_0> of sequential type is unconnected in block <chip>.
WARNING:Xst:2677 - Node <i2si/Deserializer/sck_vec_0> of sequential type is unconnected in block <chip>.
WARNING:Xst:2677 - Node <i2si/i2si_Fifo/fifo_counter_3> of sequential type is unconnected in block <chip>.
WARNING:Xst:2677 - Node <i2si/i2si_Fifo/fifo_counter_2> of sequential type is unconnected in block <chip>.
WARNING:Xst:2677 - Node <i2si/i2si_Fifo/fifo_counter_1> of sequential type is unconnected in block <chip>.
WARNING:Xst:2677 - Node <i2si/i2si_Fifo/fifo_counter_0> of sequential type is unconnected in block <chip>.

Mapping all equations...
Building and optimizing final netlist ...
Found area constraint ratio of 100 (+ 5) on block chip, actual ratio is 0.

Final Macro Processing ...

=========================================================================
Final Register Report

Found no macro
=========================================================================

=========================================================================
*                           Partition Report                            *
=========================================================================

Partition Implementation Status
-------------------------------

  No Partitions were found in this design.

-------------------------------

=========================================================================
*                            Final Report                               *
=========================================================================
Final Results
RTL Top Level Output File Name     : chip.ngr
Top Level Output File Name         : chip
Output Format                      : NGC
Optimization Goal                  : Speed
Keep Hierarchy                     : No

Design Statistics
# IOs                              : 10

Cell Usage :
# BELS                             : 1
#      GND                         : 1
# IO Buffers                       : 5
#      IBUF                        : 3
#      OBUF                        : 2
# Others                           : 1
#      i2c                         : 1
=========================================================================

Device utilization summary:
---------------------------

Selected Device : 3s100evq100-5 

 Number of Slices:                        0  out of    960     0%  
 Number of IOs:                          10
 Number of bonded IOBs:                   5  out of     66     7%  

---------------------------
Partition Resource Summary:
---------------------------

  No Partitions were found in this design.

---------------------------


=========================================================================
TIMING REPORT

NOTE: THESE TIMING NUMBERS ARE ONLY A SYNTHESIS ESTIMATE.
      FOR ACCURATE TIMING INFORMATION PLEASE REFER TO THE TRACE REPORT
      GENERATED AFTER PLACE-and-ROUTE.

Clock Information:
------------------
No clock signals found in this design

Asynchronous Control Signals Information:
----------------------------------------
No asynchronous control signals found in this design

Timing Summary:
---------------
Speed Grade: -5

   Minimum period: No path found
   Minimum input arrival time before clock: No path found
   Maximum output required time after clock: No path found
   Maximum combinational path delay: 1.106ns

Timing Detail:
--------------
All values displayed in nanoseconds (ns)

=========================================================================
Timing constraint: Default path analysis
  Total number of paths / destination ports: 3 / 3
-------------------------------------------------------------------------
Delay:               1.106ns (Levels of Logic = 1)
  Source:            clk (PAD)
  Destination:       i2c:clk (PAD)

  Data Path: clk to i2c:clk
                                Gate     Net
    Cell:in->out      fanout   Delay   Delay  Logical Name (Net Name)
    ----------------------------------------  ------------
     IBUF:I->O             0   1.106   0.000  clk_IBUF (clk_IBUF)
    i2c:clk                    0.000          i2c
    ----------------------------------------
    Total                      1.106ns (1.106ns logic, 0.000ns route)
                                       (100.0% logic, 0.0% route)

=========================================================================


Total REAL time to Xst completion: 7.00 secs
Total CPU time to Xst completion: 6.53 secs
 
--> 

Total memory usage is 302644 kilobytes

Number of errors   :    0 (   0 filtered)
Number of warnings :  379 (   0 filtered)
Number of infos    :    6 (   0 filtered)

